Archive member included to satisfy reference by file (symbol)

contiki-srf06-cc26xx.a(contiki-main.o)
                              obj_srf06-cc26xx/startup_gcc.o (main)
contiki-srf06-cc26xx.a(sensors.o)
                              contiki-srf06-cc26xx.a(contiki-main.o) (sensors_process)
contiki-srf06-cc26xx.a(leds.o)
                              contiki-srf06-cc26xx.a(contiki-main.o) (leds_init)
contiki-srf06-cc26xx.a(leds-arch.o)
                              contiki-srf06-cc26xx.a(leds.o) (leds_arch_init)
contiki-srf06-cc26xx.a(sensortag-senso)
                              contiki-srf06-cc26xx.a(sensors.o) (sensors_flags)
contiki-srf06-cc26xx.a(bmp-280-sensor.)
                              contiki-srf06-cc26xx.a(sensortag-senso) (bmp_280_sensor)
contiki-srf06-cc26xx.a(tmp-007-sensor.)
                              contiki-srf06-cc26xx.a(sensortag-senso) (tmp_007_sensor)
contiki-srf06-cc26xx.a(opt-3001-sensor)
                              contiki-srf06-cc26xx.a(sensortag-senso) (opt_3001_sensor)
contiki-srf06-cc26xx.a(hdc-1000-sensor)
                              contiki-srf06-cc26xx.a(sensortag-senso) (hdc_1000_sensor)
contiki-srf06-cc26xx.a(mpu-9250-sensor)
                              contiki-srf06-cc26xx.a(sensortag-senso) (mpu_9250_sensor)
contiki-srf06-cc26xx.a(button-sensor.o)
                              contiki-srf06-cc26xx.a(sensortag-senso) (button_right_sensor)
contiki-srf06-cc26xx.a(reed-relay.o)
                              contiki-srf06-cc26xx.a(sensortag-senso) (reed_relay_sensor)
contiki-srf06-cc26xx.a(board.o)
                              contiki-srf06-cc26xx.a(contiki-main.o) (board_init)
contiki-srf06-cc26xx.a(board-i2c.o)
                              contiki-srf06-cc26xx.a(board.o) (board_i2c_wakeup)
contiki-srf06-cc26xx.a(clock.o)
                              contiki-srf06-cc26xx.a(contiki-main.o) (clock_init)
contiki-srf06-cc26xx.a(rtimer-arch.o)
                              contiki-srf06-cc26xx.a(mpu-9250-sensor) (rtimer_arch_now)
contiki-srf06-cc26xx.a(soc-rtc.o)
                              contiki-srf06-cc26xx.a(contiki-main.o) (soc_rtc_init)
contiki-srf06-cc26xx.a(contiki-watchdo)
                              contiki-srf06-cc26xx.a(contiki-main.o) (watchdog_init)
contiki-srf06-cc26xx.a(putchar.o)
                              contiki-srf06-cc26xx.a(contiki-main.o) (putchar)
contiki-srf06-cc26xx.a(ieee-addr.o)
                              contiki-srf06-cc26xx.a(contiki-main.o) (ieee_addr_cpy_to)
contiki-srf06-cc26xx.a(cc26xx-uart.o)
                              contiki-srf06-cc26xx.a(contiki-main.o) (cc26xx_uart_init)
contiki-srf06-cc26xx.a(lpm.o)
                              contiki-srf06-cc26xx.a(button-sensor.o) (lpm_shutdown)
contiki-srf06-cc26xx.a(gpio-interrupt.)
                              contiki-srf06-cc26xx.a(button-sensor.o) (gpio_interrupt_register_handler)
contiki-srf06-cc26xx.a(oscillators.o)
                              contiki-srf06-cc26xx.a(contiki-main.o) (oscillators_select_lf_xosc)
contiki-srf06-cc26xx.a(ieee-mode.o)
                              contiki-srf06-cc26xx.a(contiki-main.o) (ieee_mode_driver)
contiki-srf06-cc26xx.a(random.o)
                              contiki-srf06-cc26xx.a(contiki-main.o) (random_init)
contiki-srf06-cc26xx.a(soc-trng.o)
                              contiki-srf06-cc26xx.a(random.o) (soc_trng_rand_synchronous)
contiki-srf06-cc26xx.a(dbg-printf.o)
                              receive.co (printf)
contiki-srf06-cc26xx.a(strformat.o)
                              contiki-srf06-cc26xx.a(dbg-printf.o) (format_str_v)
contiki-srf06-cc26xx.a(autostart.o)
                              contiki-srf06-cc26xx.a(contiki-main.o) (autostart_start)
contiki-srf06-cc26xx.a(ctimer.o)
                              contiki-srf06-cc26xx.a(contiki-main.o) (ctimer_init)
contiki-srf06-cc26xx.a(energest.o)
                              contiki-srf06-cc26xx.a(contiki-main.o) (energest_init)
contiki-srf06-cc26xx.a(etimer.o)
                              contiki-srf06-cc26xx.a(clock.o) (etimer_request_poll)
contiki-srf06-cc26xx.a(process.o)
                              contiki-srf06-cc26xx.a(sensors.o) (process_alloc_event)
contiki-srf06-cc26xx.a(rtimer.o)
                              contiki-srf06-cc26xx.a(contiki-main.o) (rtimer_init)
contiki-srf06-cc26xx.a(timer.o)
                              contiki-srf06-cc26xx.a(button-sensor.o) (timer_set)
contiki-srf06-cc26xx.a(serial-line.o)
                              contiki-srf06-cc26xx.a(contiki-main.o) (serial_line_init)
contiki-srf06-cc26xx.a(list.o)
                              contiki-srf06-cc26xx.a(lpm.o) (list_init)
contiki-srf06-cc26xx.a(ringbuf.o)
                              contiki-srf06-cc26xx.a(serial-line.o) (ringbuf_init)
contiki-srf06-cc26xx.a(rime.o)
                              contiki-srf06-cc26xx.a(contiki-main.o) (rime_driver)
contiki-srf06-cc26xx.a(unicast.o)
                              receive.co (unicast_open)
contiki-srf06-cc26xx.a(adi.o)
[...]
Memory Configuration

Name             Origin             Length             Attributes
FLASH            0x0000000000000000 0x000000000001ffa8 xr
FLASH_CCFG       0x000000000001ffa8 0x0000000000000058 xr
SRAM             0x0000000020000000 0x0000000000005000 xrw
GPRAM            0x0000000011000000 0x0000000000002000 xrw
*default*        0x0000000000000000 0xffffffffffffffff

Linker script and memory map

LOAD obj_srf06-cc26xx/fault-handlers.o
LOAD obj_srf06-cc26xx/ccfg.o
LOAD obj_srf06-cc26xx/startup_gcc.o
LOAD receive.co
LOAD contiki-srf06-cc26xx.a
LOAD /usr/lib/gcc/arm-none-eabi/9.2.1/../../../arm-none-eabi/lib/thumb/v7-m/nofp/libm.a
START GROUP
LOAD /usr/lib/gcc/arm-none-eabi/9.2.1/thumb/v7-m/nofp/libgcc.a
LOAD /usr/lib/gcc/arm-none-eabi/9.2.1/../../../arm-none-eabi/lib/thumb/v7-m/nofp/libc.a
END GROUP
                0x0000000020005000                _estack = (ORIGIN (SRAM) + LENGTH (SRAM))
                0x0000000000000000                _Min_Heap_Size = 0x0
                0x0000000000000100                _Min_Stack_Size = 0x100

.text           0x0000000000000000     0xac8c
                0x0000000000000000                _text = .
 *(SORT_BY_ALIGNMENT(.vectors))
 .vectors       0x0000000000000000       0xc8 obj_srf06-cc26xx/startup_gcc.o
                0x0000000000000000                g_pfnVectors
 *(SORT_BY_ALIGNMENT(.text*))
 .text.value    0x00000000000000c8       0xb0 contiki-srf06-cc26xx.a(opt-3001-sensor)
 .text.value    0x0000000000000178       0xa4 contiki-srf06-cc26xx.a(hdc-1000-sensor)
 *fill*         0x000000000000021c        0x4 00000000
 .text.value    0x0000000000000220      0x194 contiki-srf06-cc26xx.a(mpu-9250-sensor)
 *fill*         0x00000000000003b4        0x4 00000000
 .text          0x00000000000003b8      0xb30 /usr/lib/gcc/arm-none-eabi/9.2.1/../../../arm-none-eabi/lib/thumb/v7-m/nofp/libm.a(lib_a-e_pow.o)
                0x00000000000003b8                __ieee754_pow
 .text          0x0000000000000ee8       0xf4 /usr/lib/gcc/arm-none-eabi/9.2.1/../../../arm-none-eabi/lib/thumb/v7-m/nofp/libm.a(lib_a-s_scalbn.o)
                0x0000000000000ee8                scalbn
 .text.FaultISR
                0x0000000000000fdc       0x18 obj_srf06-cc26xx/fault-handlers.o
                0x0000000000000fdc                FaultISR
 .text.NmiSRHandler
                0x0000000000000ff4        0x4 obj_srf06-cc26xx/startup_gcc.o
                0x0000000000000ff4                NmiSR
 .text.IntDefaultHandler
                0x0000000000000ff8        0x4 obj_srf06-cc26xx/startup_gcc.o
                0x0000000000000ff8                SSI0IntHandler
                0x0000000000000ff8                SWEvent0IntHandler
                0x0000000000000ff8                uDMAIntHandler
                0x0000000000000ff8                WatchdogIntHandler
                0x0000000000000ff8                RFCHardwareIntHandler
                0x0000000000000ff8                Timer1BIntHandler
                0x0000000000000ff8                I2SIntHandler
                0x0000000000000ff8                Timer2BIntHandler
                0x0000000000000ff8                Timer2AIntHandler
                0x0000000000000ff8                Timer1AIntHandler
                0x0000000000000ff8                AONIntHandler
                0x0000000000000ff8                AUXSWEvent0IntHandler
                0x0000000000000ff8                AUXADCIntHandler
                0x0000000000000ff8                PendSVIntHandler
                0x0000000000000ff8                AUXSWEvent1IntHandler
                0x0000000000000ff8                SVCallIntHandler
                0x0000000000000ff8                MPUFaultIntHandler
                0x0000000000000ff8                SysTickIntHandler
                0x0000000000000ff8                BusFaultIntHandler
                0x0000000000000ff8                AONProgIntHandler
                0x0000000000000ff8                AUXCompAIntHandler
                0x0000000000000ff8                SSI1IntHandler
                0x0000000000000ff8                FlashIntHandler
                0x0000000000000ff8                uDMAErrIntHandler
                0x0000000000000ff8                UsageFaultIntHandler
                0x0000000000000ff8                RFCCmdAckIntHandler
                0x0000000000000ff8                CryptoIntHandler
                0x0000000000000ff8                Timer0AIntHandler
                0x0000000000000ff8                I2CIntHandler
                0x0000000000000ff8                DebugMonIntHandler
                0x0000000000000ff8                Timer0BIntHandler
                0x0000000000000ff8                AUXCombEventIntHandler
                0x0000000000000ff8                Timer3AIntHandler
                0x0000000000000ff8                DynProgIntHandler
                0x0000000000000ff8                Timer3BIntHandler
 .text.ResetISR
                0x0000000000000ffc       0x5c obj_srf06-cc26xx/startup_gcc.o
                0x0000000000000ffc                ResetISR
 .text.process_thread_example_unicast_process
                0x0000000000001058       0x54 receive.co
 .text.recv_uc  0x00000000000010ac       0x38 receive.co
 .text.fade     0x00000000000010e4       0x64 contiki-srf06-cc26xx.a(contiki-main.o)
 .text.startup.main
                0x0000000000001148      0x228 contiki-srf06-cc26xx.a(contiki-main.o)
                0x0000000000001148                main
 .text.process_thread_sensors_process
                0x0000000000001370       0xf4 contiki-srf06-cc26xx.a(sensors.o)
 .text.sensors_changed
                0x0000000000001464       0x40 contiki-srf06-cc26xx.a(sensors.o)
                0x0000000000001464                sensors_changed
 .text.leds_init
                0x00000000000014a4       0x14 contiki-srf06-cc26xx.a(leds.o)
                0x00000000000014a4                leds_init
 .text.leds_on  0x00000000000014b8       0x10 contiki-srf06-cc26xx.a(leds.o)
                0x00000000000014b8                leds_on
 .text.leds_off
                0x00000000000014c8       0x14 contiki-srf06-cc26xx.a(leds.o)
                0x00000000000014c8                leds_off
 .text.leds_arch_init
                0x00000000000014dc       0x38 contiki-srf06-cc26xx.a(leds-arch.o)
                0x00000000000014dc                leds_arch_init
 .text.leds_arch_set
                0x0000000000001514       0x34 contiki-srf06-cc26xx.a(leds-arch.o)
                0x0000000000001514                leds_arch_set
 .text.status   0x0000000000001548       0x14 contiki-srf06-cc26xx.a(bmp-280-sensor.)
 .text.notify_ready
                0x000000000000155c       0x14 contiki-srf06-cc26xx.a(bmp-280-sensor.)
 .text.enable_sensor
                0x0000000000001570       0x2c contiki-srf06-cc26xx.a(bmp-280-sensor.)
 .text.configure
                0x000000000000159c       0x98 contiki-srf06-cc26xx.a(bmp-280-sensor.)
 .text.value    0x0000000000001634      0x15c contiki-srf06-cc26xx.a(bmp-280-sensor.)
 .text.status   0x0000000000001790       0x14 contiki-srf06-cc26xx.a(tmp-007-sensor.)
 .text.notify_ready
                0x00000000000017a4       0x14 contiki-srf06-cc26xx.a(tmp-007-sensor.)
 .text.enable_sensor
                0x00000000000017b8       0x28 contiki-srf06-cc26xx.a(tmp-007-sensor.)
 .text.configure
                0x00000000000017e0       0x8c contiki-srf06-cc26xx.a(tmp-007-sensor.)
 .text.value    0x000000000000186c       0xf0 contiki-srf06-cc26xx.a(tmp-007-sensor.)
 .text.status   0x000000000000195c        0xc contiki-srf06-cc26xx.a(opt-3001-sensor)
 .text.enable_sensor
                0x0000000000001968       0x44 contiki-srf06-cc26xx.a(opt-3001-sensor)
 .text.notify_ready
                0x00000000000019ac       0x54 contiki-srf06-cc26xx.a(opt-3001-sensor)
 .text.configure
                0x0000000000001a00       0x48 contiki-srf06-cc26xx.a(opt-3001-sensor)
 .text.status   0x0000000000001a48       0x14 contiki-srf06-cc26xx.a(hdc-1000-sensor)
 .text.notify_ready
                0x0000000000001a5c       0x6c contiki-srf06-cc26xx.a(hdc-1000-sensor)
 .text.configure
                0x0000000000001ac8       0xc4 contiki-srf06-cc26xx.a(hdc-1000-sensor)
 .text.acc_convert
                0x0000000000001b8c       0x70 contiki-srf06-cc26xx.a(mpu-9250-sensor)
 .text.status   0x0000000000001bfc       0x14 contiki-srf06-cc26xx.a(mpu-9250-sensor)
 .text.notify_ready
                0x0000000000001c10       0x14 contiki-srf06-cc26xx.a(mpu-9250-sensor)
 .text.sensor_sleep
                0x0000000000001c24       0x38 contiki-srf06-cc26xx.a(mpu-9250-sensor)
 .text.configure
                0x0000000000001c5c       0xdc contiki-srf06-cc26xx.a(mpu-9250-sensor)
 .text.int_status
                0x0000000000001d38       0x28 contiki-srf06-cc26xx.a(mpu-9250-sensor)
 .text.initialise
                0x0000000000001d60      0x100 contiki-srf06-cc26xx.a(mpu-9250-sensor)
 .text.status.part.0
                0x0000000000001e60       0x14 contiki-srf06-cc26xx.a(button-sensor.o)
 .text.value_left
                0x0000000000001e74       0x24 contiki-srf06-cc26xx.a(button-sensor.o)
 .text.value_right
                0x0000000000001e98       0x18 contiki-srf06-cc26xx.a(button-sensor.o)
 .text.status_left
                0x0000000000001eb0       0x10 contiki-srf06-cc26xx.a(button-sensor.o)
 .text.status_right
                0x0000000000001ec0       0x10 contiki-srf06-cc26xx.a(button-sensor.o)
 .text.config_buttons
                0x0000000000001ed0       0x84 contiki-srf06-cc26xx.a(button-sensor.o)
 .text.config_left
                0x0000000000001f54        0xc contiki-srf06-cc26xx.a(button-sensor.o)
 .text.config_right
                0x0000000000001f60        0xc contiki-srf06-cc26xx.a(button-sensor.o)
 .text.button_press_handler
                0x0000000000001f6c       0x64 contiki-srf06-cc26xx.a(button-sensor.o)
 .text.value    0x0000000000001fd0       0x10 contiki-srf06-cc26xx.a(reed-relay.o)
 .text.status   0x0000000000001fe0       0x20 contiki-srf06-cc26xx.a(reed-relay.o)
 .text.configure
                0x0000000000002000       0x6c contiki-srf06-cc26xx.a(reed-relay.o)
 .text.reed_interrupt_handler
                0x000000000000206c       0x28 contiki-srf06-cc26xx.a(reed-relay.o)
 .text.power_domains_on
                0x0000000000002094       0x20 contiki-srf06-cc26xx.a(board.o)
 .text.lpm_wakeup_handler
                0x00000000000020b4        0x4 contiki-srf06-cc26xx.a(board.o)
 .text.shutdown_handler
                0x00000000000020b8       0x68 contiki-srf06-cc26xx.a(board.o)
 .text.board_init
                0x0000000000002120      0x110 contiki-srf06-cc26xx.a(board.o)
                0x0000000000002120                board_init
 .text.i2c_status
                0x0000000000002230       0x3c contiki-srf06-cc26xx.a(board-i2c.o)
 .text.board_i2c_wakeup
                0x000000000000226c       0x5c contiki-srf06-cc26xx.a(board-i2c.o)
                0x000000000000226c                board_i2c_wakeup
 .text.board_i2c_shutdown
                0x00000000000022c8       0xbc contiki-srf06-cc26xx.a(board-i2c.o)
                0x00000000000022c8                board_i2c_shutdown
 .text.board_i2c_write
                0x0000000000002384      0x134 contiki-srf06-cc26xx.a(board-i2c.o)
                0x0000000000002384                board_i2c_write
 .text.board_i2c_write_single
                0x00000000000024b8       0x70 contiki-srf06-cc26xx.a(board-i2c.o)
                0x00000000000024b8                board_i2c_write_single
 .text.board_i2c_read
                0x0000000000002528       0xfc contiki-srf06-cc26xx.a(board-i2c.o)
                0x0000000000002528                board_i2c_read
 .text.board_i2c_write_read
                0x0000000000002624      0x1a8 contiki-srf06-cc26xx.a(board-i2c.o)
                0x0000000000002624                board_i2c_write_read
 .text.board_i2c_select
                0x00000000000027cc       0xf4 contiki-srf06-cc26xx.a(board-i2c.o)
                0x00000000000027cc                board_i2c_select
 .text.power_domain_on
                0x00000000000028c0       0x20 contiki-srf06-cc26xx.a(clock.o)
 .text.clock_init
                0x00000000000028e0       0x9c contiki-srf06-cc26xx.a(clock.o)
                0x00000000000028e0                clock_init
 .text.clock_time
                0x000000000000297c       0x34 contiki-srf06-cc26xx.a(clock.o)
                0x000000000000297c                clock_time
 .text.clock_update
                0x00000000000029b0       0x3c contiki-srf06-cc26xx.a(clock.o)
                0x00000000000029b0                clock_update
 .text.rtimer_arch_init
                0x00000000000029ec        0x4 contiki-srf06-cc26xx.a(rtimer-arch.o)
                0x00000000000029ec                rtimer_arch_init
 .text.rtimer_arch_schedule
                0x00000000000029f0        0x8 contiki-srf06-cc26xx.a(rtimer-arch.o)
                0x00000000000029f0                rtimer_arch_schedule
 .text.rtimer_arch_now
                0x00000000000029f8        0x4 contiki-srf06-cc26xx.a(rtimer-arch.o)
                0x00000000000029f8                rtimer_arch_now
 .text.soc_rtc_init
                0x00000000000029fc       0xa0 contiki-srf06-cc26xx.a(soc-rtc.o)
                0x00000000000029fc                soc_rtc_init
 .text.soc_rtc_schedule_one_shot
                0x0000000000002a9c       0x70 contiki-srf06-cc26xx.a(soc-rtc.o)
                0x0000000000002a9c                soc_rtc_schedule_one_shot
 .text.soc_rtc_last_isr_time
                0x0000000000002b0c        0xc contiki-srf06-cc26xx.a(soc-rtc.o)
                0x0000000000002b0c                soc_rtc_last_isr_time
 .text.AONRTCIntHandler
                0x0000000000002b18       0x88 contiki-srf06-cc26xx.a(soc-rtc.o)
                0x0000000000002b18                AONRTCIntHandler
 .text.watchdog_init
                0x0000000000002ba0       0x1c contiki-srf06-cc26xx.a(contiki-watchdo)
                0x0000000000002ba0                watchdog_init
 .text.watchdog_start
                0x0000000000002bbc       0x64 contiki-srf06-cc26xx.a(contiki-watchdo)
                0x0000000000002bbc                watchdog_start
 .text.watchdog_periodic
                0x0000000000002c20       0x1c contiki-srf06-cc26xx.a(contiki-watchdo)
                0x0000000000002c20                watchdog_periodic
 .text.putchar  0x0000000000002c3c       0x10 contiki-srf06-cc26xx.a(putchar.o)
                0x0000000000002c3c                putchar
 .text.puts     0x0000000000002c4c       0x30 contiki-srf06-cc26xx.a(putchar.o)
                0x0000000000002c4c                puts
 .text.dbg_send_bytes
                0x0000000000002c7c       0x30 contiki-srf06-cc26xx.a(putchar.o)
                0x0000000000002c7c                dbg_send_bytes
 .text.ieee_addr_cpy_to
                0x0000000000002cac       0x40 contiki-srf06-cc26xx.a(ieee-addr.o)
                0x0000000000002cac                ieee_addr_cpy_to
 .text.power_and_clock
                0x0000000000002cec       0x40 contiki-srf06-cc26xx.a(cc26xx-uart.o)
 .text.enable   0x0000000000002d2c       0xf0 contiki-srf06-cc26xx.a(cc26xx-uart.o)
 .text.lpm_drop_handler
                0x0000000000002e1c      0x118 contiki-srf06-cc26xx.a(cc26xx-uart.o)
 .text.cc26xx_uart_init
                0x0000000000002f34       0x28 contiki-srf06-cc26xx.a(cc26xx-uart.o)
                0x0000000000002f34                cc26xx_uart_init
 .text.cc26xx_uart_write_byte
                0x0000000000002f5c       0x40 contiki-srf06-cc26xx.a(cc26xx-uart.o)
                0x0000000000002f5c                cc26xx_uart_write_byte
 .text.cc26xx_uart_busy
                0x0000000000002f9c       0x38 contiki-srf06-cc26xx.a(cc26xx-uart.o)
                0x0000000000002f9c                cc26xx_uart_busy
 .text.UART0IntHandler
                0x0000000000002fd4       0x54 contiki-srf06-cc26xx.a(cc26xx-uart.o)
                0x0000000000002fd4                UART0IntHandler
 .text.lpm_shutdown
                0x0000000000003028      0x198 contiki-srf06-cc26xx.a(lpm.o)
                0x0000000000003028                lpm_shutdown
 .text.lpm_sleep
                0x00000000000031c0       0x14 contiki-srf06-cc26xx.a(lpm.o)
                0x00000000000031c0                lpm_sleep
 .text.lpm_drop
                0x00000000000031d4      0x244 contiki-srf06-cc26xx.a(lpm.o)
                0x00000000000031d4                lpm_drop
 .text.lpm_register_module
                0x0000000000003418        0xc contiki-srf06-cc26xx.a(lpm.o)
                0x0000000000003418                lpm_register_module
 .text.lpm_unregister_module
                0x0000000000003424        0xc contiki-srf06-cc26xx.a(lpm.o)
                0x0000000000003424                lpm_unregister_module
 .text.lpm_init
                0x0000000000003430       0x20 contiki-srf06-cc26xx.a(lpm.o)
                0x0000000000003430                lpm_init
 .text.lpm_pin_set_default_state
                0x0000000000003450       0x2c contiki-srf06-cc26xx.a(lpm.o)
                0x0000000000003450                lpm_pin_set_default_state
 .text.gpio_interrupt_register_handler
                0x000000000000347c       0x2c contiki-srf06-cc26xx.a(gpio-interrupt.)
                0x000000000000347c                gpio_interrupt_register_handler
 .text.gpio_interrupt_init
                0x00000000000034a8       0x24 contiki-srf06-cc26xx.a(gpio-interrupt.)
                0x00000000000034a8                gpio_interrupt_init
 .text.GPIOIntHandler
                0x00000000000034cc       0x30 contiki-srf06-cc26xx.a(gpio-interrupt.)
                0x00000000000034cc                GPIOIntHandler
 .text.oscillators_select_lf_xosc
                0x00000000000034fc       0x5c contiki-srf06-cc26xx.a(oscillators.o)
                0x00000000000034fc                oscillators_select_lf_xosc
 .text.oscillators_select_lf_rcosc
                0x0000000000003558       0x48 contiki-srf06-cc26xx.a(oscillators.o)
                0x0000000000003558                oscillators_select_lf_rcosc
 .text.oscillators_request_hf_xosc
                0x00000000000035a0       0x30 contiki-srf06-cc26xx.a(oscillators.o)
                0x00000000000035a0                oscillators_request_hf_xosc
 .text.oscillators_switch_to_hf_xosc
                0x00000000000035d0       0x34 contiki-srf06-cc26xx.a(oscillators.o)
                0x00000000000035d0                oscillators_switch_to_hf_xosc
 .text.oscillators_switch_to_hf_rc
                0x0000000000003604       0x44 contiki-srf06-cc26xx.a(oscillators.o)
                0x0000000000003604                oscillators_switch_to_hf_rc
 .text.rx_on    0x0000000000003648       0x68 contiki-srf06-cc26xx.a(ieee-mode.o)
 .text.rf_radio_setup
                0x00000000000036b0       0x5c contiki-srf06-cc26xx.a(ieee-mode.o)
 .text.soft_on  0x000000000000370c       0x18 contiki-srf06-cc26xx.a(ieee-mode.o)
 .text.pending_packet
                0x0000000000003724       0x48 contiki-srf06-cc26xx.a(ieee-mode.o)
 .text.prepare  0x000000000000376c       0x1c contiki-srf06-cc26xx.a(ieee-mode.o)
 .text.soft_off
                0x0000000000003788       0x44 contiki-srf06-cc26xx.a(ieee-mode.o)
 .text.get_object
                0x00000000000037cc       0x44 contiki-srf06-cc26xx.a(ieee-mode.o)
 .text.request  0x0000000000003810       0x20 contiki-srf06-cc26xx.a(ieee-mode.o)
 .text.transmitting.part.0
                0x0000000000003830       0x40 contiki-srf06-cc26xx.a(ieee-mode.o)
 .text.rx_off   0x0000000000003870       0x78 contiki-srf06-cc26xx.a(ieee-mode.o)
 .text.set_object
                0x00000000000038e8       0x60 contiki-srf06-cc26xx.a(ieee-mode.o)
 .text.get_cca_info
                0x0000000000003948       0x50 contiki-srf06-cc26xx.a(ieee-mode.o)
 .text.check_rat_overflow
                0x0000000000003998       0x88 contiki-srf06-cc26xx.a(ieee-mode.o)
 .text.receiving_packet
                0x0000000000003a20       0x3c contiki-srf06-cc26xx.a(ieee-mode.o)
 .text.off.part.0
                0x0000000000003a5c       0x68 contiki-srf06-cc26xx.a(ieee-mode.o)
 .text.off      0x0000000000003ac4       0x14 contiki-srf06-cc26xx.a(ieee-mode.o)
 .text.on       0x0000000000003ad8       0xa4 contiki-srf06-cc26xx.a(ieee-mode.o)
 .text.set_value
                0x0000000000003b7c      0x16c contiki-srf06-cc26xx.a(ieee-mode.o)
 .text.get_value
                0x0000000000003ce8      0x190 contiki-srf06-cc26xx.a(ieee-mode.o)
 .text.transmit
                0x0000000000003e78      0x100 contiki-srf06-cc26xx.a(ieee-mode.o)
 .text.send     0x0000000000003f78       0x24 contiki-srf06-cc26xx.a(ieee-mode.o)
 .text.channel_clear
                0x0000000000003f9c       0x80 contiki-srf06-cc26xx.a(ieee-mode.o)
 .text.read_frame
                0x000000000000401c      0x18c contiki-srf06-cc26xx.a(ieee-mode.o)
 .text.handle_rat_overflow
                0x00000000000041a8       0x68 contiki-srf06-cc26xx.a(ieee-mode.o)
 .text.init     0x0000000000004210       0xfc contiki-srf06-cc26xx.a(ieee-mode.o)
 .text.random_rand
                0x000000000000430c        0xc contiki-srf06-cc26xx.a(random.o)
                0x000000000000430c                random_rand
 .text.random_init
                0x0000000000004318        0x4 contiki-srf06-cc26xx.a(random.o)
                0x0000000000004318                random_init
 .text.power_up
                0x000000000000431c       0x40 contiki-srf06-cc26xx.a(soc-trng.o)
 .text.request  0x000000000000435c       0x14 contiki-srf06-cc26xx.a(soc-trng.o)
 .text.process_thread_soc_trng_process
                0x0000000000004370       0x94 contiki-srf06-cc26xx.a(soc-trng.o)
 .text.accessible
                0x0000000000004404       0x24 contiki-srf06-cc26xx.a(soc-trng.o)
 .text.soc_trng_rand_synchronous
                0x0000000000004428       0xc4 contiki-srf06-cc26xx.a(soc-trng.o)
                0x0000000000004428                soc_trng_rand_synchronous
 .text.TRNGIntHandler
                0x00000000000044ec       0x50 contiki-srf06-cc26xx.a(soc-trng.o)
                0x00000000000044ec                TRNGIntHandler
 .text.soc_trng_init
                0x000000000000453c       0x28 contiki-srf06-cc26xx.a(soc-trng.o)
                0x000000000000453c                soc_trng_init
 .text.write_str
                0x0000000000004564       0x14 contiki-srf06-cc26xx.a(dbg-printf.o)
 .text.printf   0x0000000000004578       0x24 contiki-srf06-cc26xx.a(dbg-printf.o)
                0x0000000000004578                printf
 .text.fill_space.isra.0
                0x000000000000459c       0x44 contiki-srf06-cc26xx.a(strformat.o)
 .text.format_str_v
                0x00000000000045e0      0xaa4 contiki-srf06-cc26xx.a(strformat.o)
                0x00000000000045e0                format_str_v
 .text.autostart_start
                0x0000000000005084       0x18 contiki-srf06-cc26xx.a(autostart.o)
                0x0000000000005084                autostart_start
 .text.process_thread_ctimer_process
                0x000000000000509c       0x94 contiki-srf06-cc26xx.a(ctimer.o)
 .text.ctimer_init
                0x0000000000005130       0x28 contiki-srf06-cc26xx.a(ctimer.o)
                0x0000000000005130                ctimer_init
 .text.ctimer_set_with_process
                0x0000000000005158       0x4c contiki-srf06-cc26xx.a(ctimer.o)
                0x0000000000005158                ctimer_set_with_process
 .text.ctimer_set
                0x00000000000051a4       0x18 contiki-srf06-cc26xx.a(ctimer.o)
                0x00000000000051a4                ctimer_set
 .text.ctimer_stop
                0x00000000000051bc       0x34 contiki-srf06-cc26xx.a(ctimer.o)
                0x00000000000051bc                ctimer_stop
 .text.energest_init
                0x00000000000051f0        0x4 contiki-srf06-cc26xx.a(energest.o)
                0x00000000000051f0                energest_init
 .text.update_time.part.0
                0x00000000000051f4       0x3c contiki-srf06-cc26xx.a(etimer.o)
 .text.process_thread_etimer_process
                0x0000000000005230       0xd4 contiki-srf06-cc26xx.a(etimer.o)
 .text.add_timer
                0x0000000000005304       0x54 contiki-srf06-cc26xx.a(etimer.o)
 .text.etimer_request_poll
                0x0000000000005358        0xc contiki-srf06-cc26xx.a(etimer.o)
                0x0000000000005358                etimer_request_poll
 .text.etimer_set
                0x0000000000005364       0x14 contiki-srf06-cc26xx.a(etimer.o)
                0x0000000000005364                etimer_set
 .text.etimer_expired
                0x0000000000005378        0xc contiki-srf06-cc26xx.a(etimer.o)
                0x0000000000005378                etimer_expired
 .text.etimer_pending
                0x0000000000005384       0x10 contiki-srf06-cc26xx.a(etimer.o)
                0x0000000000005384                etimer_pending
 .text.etimer_next_expiration_time
                0x0000000000005394       0x14 contiki-srf06-cc26xx.a(etimer.o)
                0x0000000000005394                etimer_next_expiration_time
 .text.etimer_stop
                0x00000000000053a8       0x54 contiki-srf06-cc26xx.a(etimer.o)
                0x00000000000053a8                etimer_stop
 .text.exit_process
                0x00000000000053fc       0xa8 contiki-srf06-cc26xx.a(process.o)
 .text.call_process.part.0
                0x00000000000054a4       0x3c contiki-srf06-cc26xx.a(process.o)
 .text.do_poll  0x00000000000054e0       0x38 contiki-srf06-cc26xx.a(process.o)
 .text.process_alloc_event
                0x0000000000005518       0x10 contiki-srf06-cc26xx.a(process.o)
                0x0000000000005518                process_alloc_event
 .text.process_start
                0x0000000000005528       0x44 contiki-srf06-cc26xx.a(process.o)
                0x0000000000005528                process_start
 .text.process_init
                0x000000000000556c       0x34 contiki-srf06-cc26xx.a(process.o)
                0x000000000000556c                process_init
 .text.process_run
                0x00000000000055a0       0xa4 contiki-srf06-cc26xx.a(process.o)
                0x00000000000055a0                process_run
 .text.process_nevents
                0x0000000000005644       0x14 contiki-srf06-cc26xx.a(process.o)
                0x0000000000005644                process_nevents
 .text.process_post
                0x0000000000005658       0x44 contiki-srf06-cc26xx.a(process.o)
                0x0000000000005658                process_post
 .text.process_poll
                0x000000000000569c       0x1c contiki-srf06-cc26xx.a(process.o)
                0x000000000000569c                process_poll
 .text.rtimer_init
                0x00000000000056b8        0x4 contiki-srf06-cc26xx.a(rtimer.o)
                0x00000000000056b8                rtimer_init
 .text.rtimer_set
                0x00000000000056bc       0x28 contiki-srf06-cc26xx.a(rtimer.o)
                0x00000000000056bc                rtimer_set
 .text.rtimer_run_next
                0x00000000000056e4       0x28 contiki-srf06-cc26xx.a(rtimer.o)
                0x00000000000056e4                rtimer_run_next
 .text.timer_set
                0x000000000000570c       0x10 contiki-srf06-cc26xx.a(timer.o)
                0x000000000000570c                timer_set
 .text.timer_expired
                0x000000000000571c       0x1c contiki-srf06-cc26xx.a(timer.o)
                0x000000000000571c                timer_expired
 .text.process_thread_serial_line_process
                0x0000000000005738       0xa4 contiki-srf06-cc26xx.a(serial-line.o)
 .text.serial_line_init
                0x00000000000057dc       0x24 contiki-srf06-cc26xx.a(serial-line.o)
                0x00000000000057dc                serial_line_init
 .text.list_init
                0x0000000000005800        0x8 contiki-srf06-cc26xx.a(list.o)
                0x0000000000005800                list_init
 .text.list_head
                0x0000000000005808        0x4 contiki-srf06-cc26xx.a(list.o)
                0x0000000000005808                list_head
 .text.list_add
                0x000000000000580c       0x5c contiki-srf06-cc26xx.a(list.o)
                0x000000000000580c                list_add
 .text.list_push
                0x0000000000005868       0x3c contiki-srf06-cc26xx.a(list.o)
                0x0000000000005868                list_push
 .text.list_remove
                0x00000000000058a4       0x30 contiki-srf06-cc26xx.a(list.o)
                0x00000000000058a4                list_remove
 .text.list_length
                0x00000000000058d4       0x14 contiki-srf06-cc26xx.a(list.o)
                0x00000000000058d4                list_length
 .text.list_item_next
                0x00000000000058e8        0x8 contiki-srf06-cc26xx.a(list.o)
                0x00000000000058e8                list_item_next
 .text.ringbuf_init
                0x00000000000058f0       0x10 contiki-srf06-cc26xx.a(ringbuf.o)
                0x00000000000058f0                ringbuf_init
 .text.ringbuf_get
                0x0000000000005900       0x24 contiki-srf06-cc26xx.a(ringbuf.o)
                0x0000000000005900                ringbuf_get
 .text.packet_sent
                0x0000000000005924       0x38 contiki-srf06-cc26xx.a(rime.o)
 .text.input    0x000000000000595c       0x38 contiki-srf06-cc26xx.a(rime.o)
 .text.init     0x0000000000005994       0x28 contiki-srf06-cc26xx.a(rime.o)
 .text.rime_output
                0x00000000000059bc       0x28 contiki-srf06-cc26xx.a(rime.o)
                0x00000000000059bc                rime_output
 .text.sent_by_broadcast
                0x00000000000059e4        0xc contiki-srf06-cc26xx.a(unicast.o)
 .text.recv_from_broadcast
                0x00000000000059f0       0x2c contiki-srf06-cc26xx.a(unicast.o)
 .text.unicast_open
                0x0000000000005a1c       0x24 contiki-srf06-cc26xx.a(unicast.o)
                0x0000000000005a1c                unicast_open
 .text.unicast_close
                0x0000000000005a40        0x4 contiki-srf06-cc26xx.a(unicast.o)
                0x0000000000005a40                unicast_close
 .text.SafeHapiVoid
                0x0000000000005a44       0x28 contiki-srf06-cc26xx.a(adi.o)
                0x0000000000005a44                SafeHapiVoid
 .text.NOROM_AONRTCCurrentCompareValueGet
                0x0000000000005a6c       0x24 contiki-srf06-cc26xx.a(aon_rtc.o)
                0x0000000000005a6c                NOROM_AONRTCCurrentCompareValueGet
 .text.NOROM_ChipInfo_GetSupportedProtocol_BV
                0x0000000000005a90       0x10 contiki-srf06-cc26xx.a(chipinfo.o)
                0x0000000000005a90                NOROM_ChipInfo_GetSupportedProtocol_BV
 .text.NOROM_ChipInfo_GetChipFamily
                0x0000000000005aa0       0x4c contiki-srf06-cc26xx.a(chipinfo.o)
                0x0000000000005aa0                NOROM_ChipInfo_GetChipFamily
 .text.NOROM_ChipInfo_GetChipType
                0x0000000000005aec       0x50 contiki-srf06-cc26xx.a(chipinfo.o)
                0x0000000000005aec                NOROM_ChipInfo_GetChipType
 .text.NOROM_ChipInfo_GetHwRevision
                0x0000000000005b3c       0x74 contiki-srf06-cc26xx.a(chipinfo.o)
                0x0000000000005b3c                NOROM_ChipInfo_GetHwRevision
 .text.NOROM_ThisCodeIsBuiltForCC26xxHwRev22AndLater_HaltIfViolated
                0x0000000000005bb0       0x14 contiki-srf06-cc26xx.a(chipinfo.o)
                0x0000000000005bb0                NOROM_ThisCodeIsBuiltForCC26xxHwRev22AndLater_HaltIfViolated
 .text.NOROM_CPUcpsid
                0x0000000000005bc4        0x8 contiki-srf06-cc26xx.a(cpu.o)
                0x0000000000005bc4                NOROM_CPUcpsid
 .text.NOROM_CPUcpsie
                0x0000000000005bcc        0x8 contiki-srf06-cc26xx.a(cpu.o)
                0x0000000000005bcc                NOROM_CPUcpsie
 .text.NOROM_CPUdelay
                0x0000000000005bd4        0x8 contiki-srf06-cc26xx.a(cpu.o)
                0x0000000000005bd4                NOROM_CPUdelay
 .text.NOROM_DDI32RegWrite
                0x0000000000005bdc       0x2c contiki-srf06-cc26xx.a(ddi.o)
                0x0000000000005bdc                NOROM_DDI32RegWrite
 .text.NOROM_DDI16BitfieldWrite
                0x0000000000005c08       0x48 contiki-srf06-cc26xx.a(ddi.o)
                0x0000000000005c08                NOROM_DDI16BitfieldWrite
 .text.NOROM_DDI16BitfieldRead
                0x0000000000005c50       0x48 contiki-srf06-cc26xx.a(ddi.o)
                0x0000000000005c50                NOROM_DDI16BitfieldRead
 .text.NOROM_OSCClockSourceSet
                0x0000000000005c98       0x58 contiki-srf06-cc26xx.a(osc.o)
                0x0000000000005c98                NOROM_OSCClockSourceSet
 .text.NOROM_OSCClockSourceGet
                0x0000000000005cf0       0x20 contiki-srf06-cc26xx.a(osc.o)
                0x0000000000005cf0                NOROM_OSCClockSourceGet
 .text.NOROM_PowerCtrlSourceSet
                0x0000000000005d10       0x30 contiki-srf06-cc26xx.a(pwr_ctrl.o)
                0x0000000000005d10                NOROM_PowerCtrlSourceSet
 .text.TrimAfterColdResetWakeupFromShutDown
                0x0000000000005d40       0xec contiki-srf06-cc26xx.a(setup.o)
 .text.NOROM_SetupTrimDevice
                0x0000000000005e2c       0xa0 contiki-srf06-cc26xx.a(setup.o)
                0x0000000000005e2c                NOROM_SetupTrimDevice
 .text.NOROM_SetupGetTrimForXoscHfCtl.part.0
                0x0000000000005ecc       0x20 contiki-srf06-cc26xx.a(setup_rom.o)
 .text.NOROM_SetupGetTrimForRadcExtCfg.part.0
                0x0000000000005eec       0x1c contiki-srf06-cc26xx.a(setup_rom.o)
 .text.NOROM_SetupAfterColdResetWakeupFromShutDownCfg1
                0x0000000000005f08       0x74 contiki-srf06-cc26xx.a(setup_rom.o)
                0x0000000000005f08                NOROM_SetupAfterColdResetWakeupFromShutDownCfg1
 .text.NOROM_SetupAfterColdResetWakeupFromShutDownCfg3
                0x0000000000005f7c      0x1ac contiki-srf06-cc26xx.a(setup_rom.o)
                0x0000000000005f7c                NOROM_SetupAfterColdResetWakeupFromShutDownCfg3
 .text.NOROM_SetupGetTrimForAnabypassValue1
                0x0000000000006128       0x64 contiki-srf06-cc26xx.a(setup_rom.o)
                0x0000000000006128                NOROM_SetupGetTrimForAnabypassValue1
 .text.NOROM_SetupGetTrimForAmpcompCtrl
                0x000000000000618c       0x58 contiki-srf06-cc26xx.a(setup_rom.o)
                0x000000000000618c                NOROM_SetupGetTrimForAmpcompCtrl
 .text.NOROM_SetupAfterColdResetWakeupFromShutDownCfg2
                0x00000000000061e4      0x190 contiki-srf06-cc26xx.a(setup_rom.o)
                0x00000000000061e4                NOROM_SetupAfterColdResetWakeupFromShutDownCfg2
 .text.NOROM_SetupSetCacheModeAccordingToCcfgSetting
                0x0000000000006374       0x6c contiki-srf06-cc26xx.a(setup_rom.o)
                0x0000000000006374                NOROM_SetupSetCacheModeAccordingToCcfgSetting
 .text.NOROM_SysCtrlSetRechargeBeforePowerDown
                0x00000000000063e0      0x248 contiki-srf06-cc26xx.a(sys_ctrl.o)
                0x00000000000063e0                NOROM_SysCtrlSetRechargeBeforePowerDown
 .text.NOROM_SysCtrlAdjustRechargeAfterPowerDown
                0x0000000000006628       0x64 contiki-srf06-cc26xx.a(sys_ctrl.o)
                0x0000000000006628                NOROM_SysCtrlAdjustRechargeAfterPowerDown
 .text.NOROM_SysCtrl_DCDC_VoltageConditionalControl
                0x000000000000668c       0x7c contiki-srf06-cc26xx.a(sys_ctrl.o)
                0x000000000000668c                NOROM_SysCtrl_DCDC_VoltageConditionalControl
 .text.NOROM_TRNGConfigure
                0x0000000000006708       0x3c contiki-srf06-cc26xx.a(trng.o)
                0x0000000000006708                NOROM_TRNGConfigure
 .text.linkaddr_copy
                0x0000000000006744        0x8 contiki-srf06-cc26xx.a(linkaddr.o)
                0x0000000000006744                linkaddr_copy
 .text.linkaddr_cmp
                0x000000000000674c       0x20 contiki-srf06-cc26xx.a(linkaddr.o)
                0x000000000000674c                linkaddr_cmp
 .text.netstack_init
                0x000000000000676c       0x38 contiki-srf06-cc26xx.a(netstack.o)
                0x000000000000676c                netstack_init
 .text.packetbuf_compact
                0x00000000000067a4       0x48 contiki-srf06-cc26xx.a(packetbuf.o)
                0x00000000000067a4                packetbuf_compact
 .text.packetbuf_copyto
                0x00000000000067ec       0x54 contiki-srf06-cc26xx.a(packetbuf.o)
                0x00000000000067ec                packetbuf_copyto
 .text.packetbuf_hdralloc
                0x0000000000006840       0x60 contiki-srf06-cc26xx.a(packetbuf.o)
                0x0000000000006840                packetbuf_hdralloc
 .text.packetbuf_hdrreduce
                0x00000000000068a0       0x2c contiki-srf06-cc26xx.a(packetbuf.o)
                0x00000000000068a0                packetbuf_hdrreduce
 .text.packetbuf_set_datalen
                0x00000000000068cc        0xc contiki-srf06-cc26xx.a(packetbuf.o)
                0x00000000000068cc                packetbuf_set_datalen
 .text.packetbuf_dataptr
                0x00000000000068d8       0x20 contiki-srf06-cc26xx.a(packetbuf.o)
                0x00000000000068d8                packetbuf_dataptr
 .text.packetbuf_hdrptr
                0x00000000000068f8        0x8 contiki-srf06-cc26xx.a(packetbuf.o)
                0x00000000000068f8                packetbuf_hdrptr
 .text.packetbuf_datalen
                0x0000000000006900        0xc contiki-srf06-cc26xx.a(packetbuf.o)
                0x0000000000006900                packetbuf_datalen
 .text.packetbuf_totlen
                0x000000000000690c       0x24 contiki-srf06-cc26xx.a(packetbuf.o)
                0x000000000000690c                packetbuf_totlen
 .text.packetbuf_attr_clear
                0x0000000000006930       0x40 contiki-srf06-cc26xx.a(packetbuf.o)
                0x0000000000006930                packetbuf_attr_clear
 .text.packetbuf_clear
                0x0000000000006970       0x20 contiki-srf06-cc26xx.a(packetbuf.o)
                0x0000000000006970                packetbuf_clear
 .text.packetbuf_copyfrom
                0x0000000000006990       0x40 contiki-srf06-cc26xx.a(packetbuf.o)
                0x0000000000006990                packetbuf_copyfrom
 .text.packetbuf_attr_copyto
                0x00000000000069d0       0x3c contiki-srf06-cc26xx.a(packetbuf.o)
                0x00000000000069d0                packetbuf_attr_copyto
 .text.packetbuf_attr_copyfrom
                0x0000000000006a0c       0x3c contiki-srf06-cc26xx.a(packetbuf.o)
                0x0000000000006a0c                packetbuf_attr_copyfrom
 .text.packetbuf_set_attr
                0x0000000000006a48       0x10 contiki-srf06-cc26xx.a(packetbuf.o)
                0x0000000000006a48                packetbuf_set_attr
 .text.packetbuf_attr
                0x0000000000006a58        0xc contiki-srf06-cc26xx.a(packetbuf.o)
                0x0000000000006a58                packetbuf_attr
 .text.packetbuf_set_addr
                0x0000000000006a64       0x18 contiki-srf06-cc26xx.a(packetbuf.o)
                0x0000000000006a64                packetbuf_set_addr
 .text.packetbuf_addr
                0x0000000000006a7c       0x10 contiki-srf06-cc26xx.a(packetbuf.o)
                0x0000000000006a7c                packetbuf_addr
 .text.packetbuf_holds_broadcast
                0x0000000000006a8c       0x10 contiki-srf06-cc26xx.a(packetbuf.o)
                0x0000000000006a8c                packetbuf_holds_broadcast
 .text.queuebuf_init
                0x0000000000006a9c       0x1c contiki-srf06-cc26xx.a(queuebuf.o)
                0x0000000000006a9c                queuebuf_init
 .text.queuebuf_new_from_packetbuf
                0x0000000000006ab8       0x44 contiki-srf06-cc26xx.a(queuebuf.o)
                0x0000000000006ab8                queuebuf_new_from_packetbuf
 .text.queuebuf_update_attr_from_packetbuf
                0x0000000000006afc        0xc contiki-srf06-cc26xx.a(queuebuf.o)
                0x0000000000006afc                queuebuf_update_attr_from_packetbuf
 .text.queuebuf_update_from_packetbuf
                0x0000000000006b08       0x1c contiki-srf06-cc26xx.a(queuebuf.o)
                0x0000000000006b08                queuebuf_update_from_packetbuf
 .text.queuebuf_free
                0x0000000000006b24       0x2c contiki-srf06-cc26xx.a(queuebuf.o)
                0x0000000000006b24                queuebuf_free
 .text.queuebuf_to_packetbuf
                0x0000000000006b50       0x30 contiki-srf06-cc26xx.a(queuebuf.o)
                0x0000000000006b50                queuebuf_to_packetbuf
 .text.queuebuf_attr
                0x0000000000006b80        0xc contiki-srf06-cc26xx.a(queuebuf.o)
                0x0000000000006b80                queuebuf_attr
 .text.input_packet
                0x0000000000006b8c        0xc contiki-srf06-cc26xx.a(csma.o)
 .text.on       0x0000000000006b98        0xc contiki-srf06-cc26xx.a(csma.o)
 .text.off      0x0000000000006ba4        0xc contiki-srf06-cc26xx.a(csma.o)
 .text.channel_check_interval
                0x0000000000006bb0       0x10 contiki-srf06-cc26xx.a(csma.o)
 .text.schedule_transmission
                0x0000000000006bc0       0x50 contiki-srf06-cc26xx.a(csma.o)
 .text.send_packet
                0x0000000000006c10      0x15c contiki-srf06-cc26xx.a(csma.o)
 .text.init     0x0000000000006d6c       0x24 contiki-srf06-cc26xx.a(csma.o)
 .text.transmit_packet_list
                0x0000000000006d90       0x34 contiki-srf06-cc26xx.a(csma.o)
 .text.tx_done  0x0000000000006dc4       0x8c contiki-srf06-cc26xx.a(csma.o)
 .text.packet_sent
                0x0000000000006e50       0xec contiki-srf06-cc26xx.a(csma.o)
 .text.mac_call_sent_callback
                0x0000000000006f3c       0x14 contiki-srf06-cc26xx.a(mac.o)
                0x0000000000006f3c                mac_call_sent_callback
 .text.duty_cycle
                0x0000000000006f50        0x4 contiki-srf06-cc26xx.a(contikimac.o)
 .text.init     0x0000000000006f54       0x40 contiki-srf06-cc26xx.a(contikimac.o)
 .text.on.part.0
                0x0000000000006f94       0x14 contiki-srf06-cc26xx.a(contikimac.o)
 .text.off      0x0000000000006fa8       0x38 contiki-srf06-cc26xx.a(contikimac.o)
 .text.recv_burst_off
                0x0000000000006fe0       0x14 contiki-srf06-cc26xx.a(contikimac.o)
 .text.powercycle_turn_radio_off.part.0
                0x0000000000006ff4       0x10 contiki-srf06-cc26xx.a(contikimac.o)
 .text.turn_off
                0x0000000000007004       0x48 contiki-srf06-cc26xx.a(contikimac.o)
 .text.turn_on  0x000000000000704c       0x44 contiki-srf06-cc26xx.a(contikimac.o)
 .text.schedule_powercycle_fixed.part.0
                0x0000000000007090       0x30 contiki-srf06-cc26xx.a(contikimac.o)
 .text.input_packet
                0x00000000000070c0       0xc0 contiki-srf06-cc26xx.a(contikimac.o)
 .text.send_packet.isra.0
                0x0000000000007180      0x260 contiki-srf06-cc26xx.a(contikimac.o)
 .text.qsend_packet
                0x00000000000073e0       0x24 contiki-srf06-cc26xx.a(contikimac.o)
 .text.qsend_list
                0x0000000000007404       0xf4 contiki-srf06-cc26xx.a(contikimac.o)
 .text.powercycle_wrapper
                0x00000000000074f8      0x284 contiki-srf06-cc26xx.a(contikimac.o)
 .text.init     0x000000000000777c        0x4 contiki-srf06-cc26xx.a(nullsec.o)
 .text.input    0x0000000000007780        0xc contiki-srf06-cc26xx.a(nullsec.o)
 .text.send     0x000000000000778c       0x20 contiki-srf06-cc26xx.a(nullsec.o)
 .text.sensor_common_read_reg
                0x00000000000077ac       0x1c contiki-srf06-cc26xx.a(sensor-common.o)
                0x00000000000077ac                sensor_common_read_reg
 .text.sensor_common_write_reg
                0x00000000000077c8       0x38 contiki-srf06-cc26xx.a(sensor-common.o)
                0x00000000000077c8                sensor_common_write_reg
 .text.sensor_common_set_error_data
                0x0000000000007800       0x18 contiki-srf06-cc26xx.a(sensor-common.o)
                0x0000000000007800                sensor_common_set_error_data
 .text.verify_part
                0x0000000000007818       0x80 contiki-srf06-cc26xx.a(ext-flash.o)
 .text.wait_ready
                0x0000000000007898       0x54 contiki-srf06-cc26xx.a(ext-flash.o)
 .text.power_down
                0x00000000000078ec       0x50 contiki-srf06-cc26xx.a(ext-flash.o)
 .text.ext_flash_open
                0x000000000000793c       0x68 contiki-srf06-cc26xx.a(ext-flash.o)
                0x000000000000793c                ext_flash_open
 .text.ext_flash_init
                0x00000000000079a4       0x14 contiki-srf06-cc26xx.a(ext-flash.o)
                0x00000000000079a4                ext_flash_init
 .text.buzzer_init
                0x00000000000079b8        0xc contiki-srf06-cc26xx.a(buzzer.o)
                0x00000000000079b8                buzzer_init
 .text.buzzer_stop
                0x00000000000079c4       0x74 contiki-srf06-cc26xx.a(buzzer.o)
                0x00000000000079c4                buzzer_stop
 .text.board_spi_write
                0x0000000000007a38       0x60 contiki-srf06-cc26xx.a(board-spi.o)
                0x0000000000007a38                board_spi_write
 .text.board_spi_read
                0x0000000000007a98       0x64 contiki-srf06-cc26xx.a(board-spi.o)
                0x0000000000007a98                board_spi_read
 .text.board_spi_flush
                0x0000000000007afc       0x3c contiki-srf06-cc26xx.a(board-spi.o)
                0x0000000000007afc                board_spi_flush
 .text.board_spi_open
                0x0000000000007b38       0xbc contiki-srf06-cc26xx.a(board-spi.o)
                0x0000000000007b38                board_spi_open
 .text.board_spi_close
                0x0000000000007bf4       0x70 contiki-srf06-cc26xx.a(board-spi.o)
                0x0000000000007bf4                board_spi_close
 .text.aux_ctrl_power_up
                0x0000000000007c64       0x28 contiki-srf06-cc26xx.a(aux-ctrl.o)
                0x0000000000007c64                aux_ctrl_power_up
 .text.aux_ctrl_register_consumer
                0x0000000000007c8c       0x40 contiki-srf06-cc26xx.a(aux-ctrl.o)
                0x0000000000007c8c                aux_ctrl_register_consumer
 .text.aux_ctrl_power_down
                0x0000000000007ccc       0x6c contiki-srf06-cc26xx.a(aux-ctrl.o)
                0x0000000000007ccc                aux_ctrl_power_down
 .text.aux_ctrl_unregister_consumer
                0x0000000000007d38       0x28 contiki-srf06-cc26xx.a(aux-ctrl.o)
                0x0000000000007d38                aux_ctrl_unregister_consumer
 .text.process_thread_rf_core_process
                0x0000000000007d60       0x58 contiki-srf06-cc26xx.a(rf-core.o)
 .text.rf_core_is_accessible
                0x0000000000007db8       0x10 contiki-srf06-cc26xx.a(rf-core.o)
                0x0000000000007db8                rf_core_is_accessible
 .text.rf_core_send_cmd
                0x0000000000007dc8       0x94 contiki-srf06-cc26xx.a(rf-core.o)
                0x0000000000007dc8                rf_core_send_cmd
 .text.rf_core_wait_cmd_done
                0x0000000000007e5c       0x2c contiki-srf06-cc26xx.a(rf-core.o)
                0x0000000000007e5c                rf_core_wait_cmd_done
 .text.rf_core_power_up
                0x0000000000007e88       0xcc contiki-srf06-cc26xx.a(rf-core.o)
                0x0000000000007e88                rf_core_power_up
 .text.rf_core_start_rat
                0x0000000000007f54       0x68 contiki-srf06-cc26xx.a(rf-core.o)
                0x0000000000007f54                rf_core_start_rat
 .text.rf_core_stop_rat
                0x0000000000007fbc       0x7c contiki-srf06-cc26xx.a(rf-core.o)
                0x0000000000007fbc                rf_core_stop_rat
 .text.rf_core_power_down
                0x0000000000008038       0xf0 contiki-srf06-cc26xx.a(rf-core.o)
                0x0000000000008038                rf_core_power_down
 .text.rf_core_set_modesel
                0x0000000000008128       0x44 contiki-srf06-cc26xx.a(rf-core.o)
                0x0000000000008128                rf_core_set_modesel
 .text.rf_core_boot
                0x000000000000816c       0x1c contiki-srf06-cc26xx.a(rf-core.o)
                0x000000000000816c                rf_core_boot
 .text.rf_core_restart_rat
                0x0000000000008188       0x18 contiki-srf06-cc26xx.a(rf-core.o)
                0x0000000000008188                rf_core_restart_rat
 .text.rf_core_setup_interrupts
                0x00000000000081a0       0x70 contiki-srf06-cc26xx.a(rf-core.o)
                0x00000000000081a0                rf_core_setup_interrupts
 .text.rf_core_cmd_done_en
                0x0000000000008210       0x28 contiki-srf06-cc26xx.a(rf-core.o)
                0x0000000000008210                rf_core_cmd_done_en
 .text.rf_core_cmd_done_dis
                0x0000000000008238       0x18 contiki-srf06-cc26xx.a(rf-core.o)
                0x0000000000008238                rf_core_cmd_done_dis
 .text.rf_core_get_last_radio_op
                0x0000000000008250        0xc contiki-srf06-cc26xx.a(rf-core.o)
                0x0000000000008250                rf_core_get_last_radio_op
 .text.rf_core_init_radio_op
                0x000000000000825c       0x1c contiki-srf06-cc26xx.a(rf-core.o)
                0x000000000000825c                rf_core_init_radio_op
 .text.rf_core_primary_mode_register
                0x0000000000008278        0xc contiki-srf06-cc26xx.a(rf-core.o)
                0x0000000000008278                rf_core_primary_mode_register
 .text.RFCCPE1IntHandler
                0x0000000000008284       0x28 contiki-srf06-cc26xx.a(rf-core.o)
                0x0000000000008284                RFCCPE1IntHandler
 .text.RFCCPE0IntHandler
                0x00000000000082ac       0x5c contiki-srf06-cc26xx.a(rf-core.o)
                0x00000000000082ac                RFCCPE0IntHandler
 .text.rf_ble_is_active
                0x0000000000008308        0xc contiki-srf06-cc26xx.a(rf-ble.o)
                0x0000000000008308                rf_ble_is_active
 .text.memb_init
                0x0000000000008314       0x24 contiki-srf06-cc26xx.a(memb.o)
                0x0000000000008314                memb_init
 .text.memb_alloc
                0x0000000000008338       0x38 contiki-srf06-cc26xx.a(memb.o)
                0x0000000000008338                memb_alloc
 .text.memb_free
                0x0000000000008370       0x3c contiki-srf06-cc26xx.a(memb.o)
                0x0000000000008370                memb_free
 .text.memb_inmemb
                0x00000000000083ac       0x1c contiki-srf06-cc26xx.a(memb.o)
                0x00000000000083ac                memb_inmemb
 .text.abc_open
                0x00000000000083c8       0x20 contiki-srf06-cc26xx.a(abc.o)
                0x00000000000083c8                abc_open
 .text.abc_close
                0x00000000000083e8        0x4 contiki-srf06-cc26xx.a(abc.o)
                0x00000000000083e8                abc_close
 .text.abc_send
                0x00000000000083ec        0x4 contiki-srf06-cc26xx.a(abc.o)
                0x00000000000083ec                abc_send
 .text.abc_input
                0x00000000000083f0        0xc contiki-srf06-cc26xx.a(abc.o)
                0x00000000000083f0                abc_input
 .text.abc_sent
                0x00000000000083fc        0xc contiki-srf06-cc26xx.a(abc.o)
                0x00000000000083fc                abc_sent
 .text.announcement_init
                0x0000000000008408        0xc contiki-srf06-cc26xx.a(announcement.o)
                0x0000000000008408                announcement_init
 .text.announcement_register_observer_callback
                0x0000000000008414        0xc contiki-srf06-cc26xx.a(announcement.o)
                0x0000000000008414                announcement_register_observer_callback
 .text.announcement_list
                0x0000000000008420        0xc contiki-srf06-cc26xx.a(announcement.o)
                0x0000000000008420                announcement_list
 .text.announcement_heard
                0x000000000000842c       0x3c contiki-srf06-cc26xx.a(announcement.o)
                0x000000000000842c                announcement_heard
 .text.adv_packet_sent
                0x0000000000008468        0x4 contiki-srf06-cc26xx.a(broadcast-annou)
 .text.set_timers
                0x000000000000846c       0x40 contiki-srf06-cc26xx.a(broadcast-annou)
 .text.send_timer
                0x00000000000084ac       0x18 contiki-srf06-cc26xx.a(broadcast-annou)
 .text.send_adv
                0x00000000000084c4       0x58 contiki-srf06-cc26xx.a(broadcast-annou)
 .text.adv_packet_received
                0x000000000000851c       0x40 contiki-srf06-cc26xx.a(broadcast-annou)
 .text.new_announcement
                0x000000000000855c       0x18 contiki-srf06-cc26xx.a(broadcast-annou)
 .text.broadcast_announcement_init
                0x0000000000008574       0x30 contiki-srf06-cc26xx.a(broadcast-annou)
                0x0000000000008574                broadcast_announcement_init
 .text.sent_by_abc
                0x00000000000085a4        0xc contiki-srf06-cc26xx.a(broadcast.o)
 .text.recv_from_abc
                0x00000000000085b0       0x24 contiki-srf06-cc26xx.a(broadcast.o)
 .text.broadcast_open
                0x00000000000085d4       0x24 contiki-srf06-cc26xx.a(broadcast.o)
                0x00000000000085d4                broadcast_open
 .text.broadcast_close
                0x00000000000085f8        0x4 contiki-srf06-cc26xx.a(broadcast.o)
                0x00000000000085f8                broadcast_close
 .text.broadcast_send
                0x00000000000085fc       0x1c contiki-srf06-cc26xx.a(broadcast.o)
                0x00000000000085fc                broadcast_send
 .text.chameleon_init
                0x0000000000008618        0x4 contiki-srf06-cc26xx.a(chameleon.o)
                0x0000000000008618                chameleon_init
 .text.chameleon_parse
                0x000000000000861c       0x1c contiki-srf06-cc26xx.a(chameleon.o)
                0x000000000000861c                chameleon_parse
 .text.chameleon_create
                0x0000000000008638       0x20 contiki-srf06-cc26xx.a(chameleon.o)
                0x0000000000008638                chameleon_create
 .text.chameleon_hdrsize
                0x0000000000008658        0xc contiki-srf06-cc26xx.a(chameleon.o)
                0x0000000000008658                chameleon_hdrsize
 .text.channel_init
                0x0000000000008664        0xc contiki-srf06-cc26xx.a(channel.o)
                0x0000000000008664                channel_init
 .text.channel_open
                0x0000000000008670       0x10 contiki-srf06-cc26xx.a(channel.o)
                0x0000000000008670                channel_open
 .text.channel_close
                0x0000000000008680        0xc contiki-srf06-cc26xx.a(channel.o)
                0x0000000000008680                channel_close
 .text.channel_lookup
                0x000000000000868c       0x24 contiki-srf06-cc26xx.a(channel.o)
                0x000000000000868c                channel_lookup
 .text.channel_set_attributes
                0x00000000000086b0       0x18 contiki-srf06-cc26xx.a(channel.o)
                0x00000000000086b0                channel_set_attributes
 .text.NOROM_AONBatMonTemperatureGetDegC
                0x00000000000086c8       0x30 contiki-srf06-cc26xx.a(aon_batmon.o)
                0x00000000000086c8                NOROM_AONBatMonTemperatureGetDegC
 .text.parse    0x00000000000086f8       0xa8 contiki-srf06-cc26xx.a(framer-802154.o)
 .text.create_frame.isra.0
                0x00000000000087a0      0x148 contiki-srf06-cc26xx.a(framer-802154.o)
 .text.create   0x00000000000088e8        0x8 contiki-srf06-cc26xx.a(framer-802154.o)
 .text.hdr_length
                0x00000000000088f0        0x8 contiki-srf06-cc26xx.a(framer-802154.o)
 .text.mac_sequence_is_duplicate
                0x00000000000088f8       0x50 contiki-srf06-cc26xx.a(mac-sequence.o)
                0x00000000000088f8                mac_sequence_is_duplicate
 .text.mac_sequence_register_seqno
                0x0000000000008948       0x6c contiki-srf06-cc26xx.a(mac-sequence.o)
                0x0000000000008948                mac_sequence_register_seqno
 .text.header_size
                0x00000000000089b4       0x18 contiki-srf06-cc26xx.a(chameleon-bitop)
 .text.get_bits
                0x00000000000089cc       0xa8 contiki-srf06-cc26xx.a(chameleon-bitop)
                0x00000000000089cc                get_bits
 .text.unpack_header
                0x0000000000008a74       0xa4 contiki-srf06-cc26xx.a(chameleon-bitop)
 .text.set_bits
                0x0000000000008b18       0xd4 contiki-srf06-cc26xx.a(chameleon-bitop)
                0x0000000000008b18                set_bits
 .text.pack_header
                0x0000000000008bec       0xa0 contiki-srf06-cc26xx.a(chameleon-bitop)
 .text.frame802154_get_pan_id
                0x0000000000008c8c        0xc contiki-srf06-cc26xx.a(frame802154.o)
                0x0000000000008c8c                frame802154_get_pan_id
 .text.frame802154_has_panid
                0x0000000000008c98       0xdc contiki-srf06-cc26xx.a(frame802154.o)
                0x0000000000008c98                frame802154_has_panid
 .text.field_len
                0x0000000000008d74       0x88 contiki-srf06-cc26xx.a(frame802154.o)
 .text.frame802154_is_broadcast_addr
                0x0000000000008dfc       0x24 contiki-srf06-cc26xx.a(frame802154.o)
                0x0000000000008dfc                frame802154_is_broadcast_addr
 .text.frame802154_hdrlen
                0x0000000000008e20       0x34 contiki-srf06-cc26xx.a(frame802154.o)
                0x0000000000008e20                frame802154_hdrlen
 .text.frame802154_create_fcf
                0x0000000000008e54       0x64 contiki-srf06-cc26xx.a(frame802154.o)
                0x0000000000008e54                frame802154_create_fcf
 .text.frame802154_create
                0x0000000000008eb8       0xa8 contiki-srf06-cc26xx.a(frame802154.o)
                0x0000000000008eb8                frame802154_create
 .text.frame802154_parse_fcf
                0x0000000000008f60       0x44 contiki-srf06-cc26xx.a(frame802154.o)
                0x0000000000008f60                frame802154_parse_fcf
 .text.frame802154_parse
                0x0000000000008fa4      0x134 contiki-srf06-cc26xx.a(frame802154.o)
                0x0000000000008fa4                frame802154_parse
 .text          0x00000000000090d8       0x10 /usr/lib/gcc/arm-none-eabi/9.2.1/../../../arm-none-eabi/lib/thumb/v7-m/nofp/libm.a(lib_a-w_exp2.o)
                0x00000000000090d8                exp2
 .text          0x00000000000090e8      0x180 /usr/lib/gcc/arm-none-eabi/9.2.1/../../../arm-none-eabi/lib/thumb/v7-m/nofp/libm.a(lib_a-w_pow.o)
                0x00000000000090e8                pow
 .text          0x0000000000009268      0x188 /usr/lib/gcc/arm-none-eabi/9.2.1/../../../arm-none-eabi/lib/thumb/v7-m/nofp/libm.a(lib_a-e_sqrt.o)
                0x0000000000009268                __ieee754_sqrt
 .text          0x00000000000093f0        0x8 /usr/lib/gcc/arm-none-eabi/9.2.1/../../../arm-none-eabi/lib/thumb/v7-m/nofp/libm.a(lib_a-s_fabs.o)
                0x00000000000093f0                fabs
 .text          0x00000000000093f8        0xc /usr/lib/gcc/arm-none-eabi/9.2.1/../../../arm-none-eabi/lib/thumb/v7-m/nofp/libm.a(lib_a-s_finite.o)
                0x00000000000093f8                finite
 .text          0x0000000000009404        0xc /usr/lib/gcc/arm-none-eabi/9.2.1/../../../arm-none-eabi/lib/thumb/v7-m/nofp/libm.a(lib_a-s_nan.o)
                0x0000000000009404                nan
 .text          0x0000000000009410      0x120 /usr/lib/gcc/arm-none-eabi/9.2.1/../../../arm-none-eabi/lib/thumb/v7-m/nofp/libm.a(lib_a-s_rint.o)
                0x0000000000009410                rint
 .text          0x0000000000009530      0x168 /usr/lib/gcc/arm-none-eabi/9.2.1/thumb/v7-m/nofp/libgcc.a(_arm_mulsf3.o)
                0x0000000000009530                __mulsf3
                0x0000000000009530                __aeabi_fmul
 .text          0x0000000000009698      0x378 /usr/lib/gcc/arm-none-eabi/9.2.1/thumb/v7-m/nofp/libgcc.a(_arm_addsubdf3.o)
                0x0000000000009698                __aeabi_drsub
                0x00000000000096a0                __aeabi_dsub
                0x00000000000096a0                __subdf3
                0x00000000000096a4                __adddf3
                0x00000000000096a4                __aeabi_dadd
                0x000000000000991c                __aeabi_ui2d
                0x000000000000991c                __floatunsidf
                0x000000000000993c                __floatsidf
                0x000000000000993c                __aeabi_i2d
                0x0000000000009960                __extendsfdf2
                0x0000000000009960                __aeabi_f2d
                0x00000000000099a4                __aeabi_ul2d
                0x00000000000099a4                __floatundidf
                0x00000000000099b4                __floatdidf
                0x00000000000099b4                __aeabi_l2d
 .text          0x0000000000009a10      0x424 /usr/lib/gcc/arm-none-eabi/9.2.1/thumb/v7-m/nofp/libgcc.a(_arm_muldivdf3.o)
                0x0000000000009a10                __aeabi_dmul
                0x0000000000009a10                __muldf3
                0x0000000000009c64                __aeabi_ddiv
                0x0000000000009c64                __divdf3
 .text          0x0000000000009e34      0x110 /usr/lib/gcc/arm-none-eabi/9.2.1/thumb/v7-m/nofp/libgcc.a(_arm_cmpdf2.o)
                0x0000000000009e34                __gtdf2
                0x0000000000009e34                __gedf2
                0x0000000000009e3c                __ltdf2
                0x0000000000009e3c                __ledf2
                0x0000000000009e44                __cmpdf2
                0x0000000000009e44                __eqdf2
                0x0000000000009e44                __nedf2
                0x0000000000009ec0                __aeabi_cdrcmple
                0x0000000000009ed0                __aeabi_cdcmple
                0x0000000000009ed0                __aeabi_cdcmpeq
                0x0000000000009ee0                __aeabi_dcmpeq
                0x0000000000009ef4                __aeabi_dcmplt
                0x0000000000009f08                __aeabi_dcmple
                0x0000000000009f1c                __aeabi_dcmpge
                0x0000000000009f30                __aeabi_dcmpgt
 .text          0x0000000000009f44       0x2c /usr/lib/gcc/arm-none-eabi/9.2.1/thumb/v7-m/nofp/libgcc.a(_arm_unorddf2.o)
                0x0000000000009f44                __aeabi_dcmpun
                0x0000000000009f44                __unorddf2
 .text          0x0000000000009f70       0xa0 /usr/lib/gcc/arm-none-eabi/9.2.1/thumb/v7-m/nofp/libgcc.a(_arm_truncdfsf2.o)
                0x0000000000009f70                __aeabi_d2f
                0x0000000000009f70                __truncdfsf2
 .text          0x000000000000a010      0x21c /usr/lib/gcc/arm-none-eabi/9.2.1/thumb/v7-m/nofp/libgcc.a(_arm_addsubsf3.o)
                0x000000000000a010                __aeabi_frsub
                0x000000000000a018                __subsf3
                0x000000000000a018                __aeabi_fsub
                0x000000000000a01c                __aeabi_fadd
                0x000000000000a01c                __addsf3
                0x000000000000a17c                __aeabi_ui2f
                0x000000000000a17c                __floatunsisf
                0x000000000000a184                __aeabi_i2f
                0x000000000000a184                __floatsisf
                0x000000000000a1a0                __floatundisf
                0x000000000000a1a0                __aeabi_ul2f
                0x000000000000a1b0                __floatdisf
                0x000000000000a1b0                __aeabi_l2f
 .text          0x000000000000a22c       0x4c /usr/lib/gcc/arm-none-eabi/9.2.1/thumb/v7-m/nofp/libgcc.a(_arm_fixsfsi.o)
                0x000000000000a22c                __fixsfsi
                0x000000000000a22c                __aeabi_f2iz
 .text          0x000000000000a278       0x30 /usr/lib/gcc/arm-none-eabi/9.2.1/thumb/v7-m/nofp/libgcc.a(_aeabi_uldivmod.o)
                0x000000000000a278                __aeabi_uldivmod
 .text          0x000000000000a2a8      0x2c4 /usr/lib/gcc/arm-none-eabi/9.2.1/thumb/v7-m/nofp/libgcc.a(_udivmoddi4.o)
                0x000000000000a2a8                __udivmoddi4
 .text          0x000000000000a56c        0x4 /usr/lib/gcc/arm-none-eabi/9.2.1/thumb/v7-m/nofp/libgcc.a(_dvmd_tls.o)
                0x000000000000a56c                __aeabi_ldiv0
                0x000000000000a56c                __aeabi_idiv0
 .text          0x000000000000a570        0xc /usr/lib/gcc/arm-none-eabi/9.2.1/../../../arm-none-eabi/lib/thumb/v7-m/nofp/libc.a(lib_a-errno.o)
                0x000000000000a570                __errno
 .text          0x000000000000a57c       0xec /usr/lib/gcc/arm-none-eabi/9.2.1/../../../arm-none-eabi/lib/thumb/v7-m/nofp/libc.a(lib_a-memcpy.o)
                0x000000000000a57c                memcpy
 .text          0x000000000000a668       0xa0 /usr/lib/gcc/arm-none-eabi/9.2.1/../../../arm-none-eabi/lib/thumb/v7-m/nofp/libc.a(lib_a-memset.o)
                0x000000000000a668                memset
 .text          0x000000000000a708       0xbc /usr/lib/gcc/arm-none-eabi/9.2.1/../../../arm-none-eabi/lib/thumb/v7-m/nofp/libc.a(lib_a-strcpy.o)
                0x000000000000a708                strcpy
 .text          0x000000000000a7c4       0x5c /usr/lib/gcc/arm-none-eabi/9.2.1/../../../arm-none-eabi/lib/thumb/v7-m/nofp/libc.a(lib_a-strlen-stub.o)
                0x000000000000a7c4                strlen
 *(SORT_BY_ALIGNMENT(.rodata*))
 .rodata        0x000000000000a820       0x10 /usr/lib/gcc/arm-none-eabi/9.2.1/../../../arm-none-eabi/lib/thumb/v7-m/nofp/libm.a(lib_a-s_rint.o)
 .rodata.recv_uc.str1.4
                0x000000000000a830       0x17 receive.co
 *fill*         0x000000000000a847        0x1 00000000
 .rodata.str1.4
                0x000000000000a848       0x11 receive.co
 *fill*         0x000000000000a859        0x3 00000000
 .rodata.autostart_processes
                0x000000000000a85c        0x8 receive.co
                0x000000000000a85c                autostart_processes
 .rodata.unicast_callbacks
                0x000000000000a864        0x8 receive.co
 .rodata.main.str1.4
                0x000000000000a86c       0xf2 contiki-srf06-cc26xx.a(contiki-main.o)
 *fill*         0x000000000000a95e        0x2 00000000
 .rodata.str1.4
                0x000000000000a960        0x8 contiki-srf06-cc26xx.a(sensors.o)
 .rodata.str1.4
                0x000000000000a968        0x7 contiki-srf06-cc26xx.a(bmp-280-sensor.)
 *fill*         0x000000000000a96f        0x1 00000000
 .rodata.bmp_280_sensor
                0x000000000000a970       0x10 contiki-srf06-cc26xx.a(bmp-280-sensor.)
                0x000000000000a970                bmp_280_sensor
 .rodata.str1.4
                0x000000000000a980        0x7 contiki-srf06-cc26xx.a(tmp-007-sensor.)
 *fill*         0x000000000000a987        0x1 00000000
 .rodata.tmp_007_sensor
                0x000000000000a988       0x10 contiki-srf06-cc26xx.a(tmp-007-sensor.)
                0x000000000000a988                tmp_007_sensor
 .rodata.str1.4
                0x000000000000a998        0x8 contiki-srf06-cc26xx.a(opt-3001-sensor)
 .rodata.opt_3001_sensor
                0x000000000000a9a0       0x10 contiki-srf06-cc26xx.a(opt-3001-sensor)
                0x000000000000a9a0                opt_3001_sensor
 .rodata.str1.4
                0x000000000000a9b0        0x8 contiki-srf06-cc26xx.a(hdc-1000-sensor)
 .rodata.hdc_1000_sensor
                0x000000000000a9b8       0x10 contiki-srf06-cc26xx.a(hdc-1000-sensor)
                0x000000000000a9b8                hdc_1000_sensor
 .rodata.str1.4
                0x000000000000a9c8        0x8 contiki-srf06-cc26xx.a(mpu-9250-sensor)
 .rodata.mpu_9250_sensor
                0x000000000000a9d0       0x10 contiki-srf06-cc26xx.a(mpu-9250-sensor)
                0x000000000000a9d0                mpu_9250_sensor
 .rodata.str1.4
                0x000000000000a9e0        0x7 contiki-srf06-cc26xx.a(button-sensor.o)
 *fill*         0x000000000000a9e7        0x1 00000000
 .rodata.button_left_sensor
                0x000000000000a9e8       0x10 contiki-srf06-cc26xx.a(button-sensor.o)
                0x000000000000a9e8                button_left_sensor
 .rodata.button_right_sensor
                0x000000000000a9f8       0x10 contiki-srf06-cc26xx.a(button-sensor.o)
                0x000000000000a9f8                button_right_sensor
 .rodata.str1.4
                0x000000000000aa08        0x5 contiki-srf06-cc26xx.a(reed-relay.o)
 *fill*         0x000000000000aa0d        0x3 00000000
 .rodata.reed_relay_sensor
                0x000000000000aa10       0x10 contiki-srf06-cc26xx.a(reed-relay.o)
                0x000000000000aa10                reed_relay_sensor
 .rodata.ieee_mode_driver
                0x000000000000aa20       0x38 contiki-srf06-cc26xx.a(ieee-mode.o)
                0x000000000000aa20                ieee_mode_driver
 .rodata.mode_ieee
                0x000000000000aa58        0x8 contiki-srf06-cc26xx.a(ieee-mode.o)
 .rodata.output_power
                0x000000000000aa60       0x68 contiki-srf06-cc26xx.a(ieee-mode.o)
 .rodata.str1.4
                0x000000000000aac8       0x1b contiki-srf06-cc26xx.a(soc-trng.o)
 *fill*         0x000000000000aae3        0x1 00000000
 .rodata.format_str_v.str1.4
                0x000000000000aae4       0x46 contiki-srf06-cc26xx.a(strformat.o)
 *fill*         0x000000000000ab2a        0x2 00000000
 .rodata.buffer.4043
                0x000000000000ab2c       0x10 contiki-srf06-cc26xx.a(strformat.o)
 .rodata.buffer.4052
                0x000000000000ab3c       0x10 contiki-srf06-cc26xx.a(strformat.o)
 .rodata.str1.4
                0x000000000000ab4c        0xf contiki-srf06-cc26xx.a(ctimer.o)
 *fill*         0x000000000000ab5b        0x1 00000000
 .rodata.str1.4
                0x000000000000ab5c        0xc contiki-srf06-cc26xx.a(etimer.o)
 .rodata.str1.4
                0x000000000000ab68        0xe contiki-srf06-cc26xx.a(serial-line.o)
 *fill*         0x000000000000ab76        0x2 00000000
 .rodata.str1.4
                0x000000000000ab78        0x5 contiki-srf06-cc26xx.a(rime.o)
 *fill*         0x000000000000ab7d        0x3 00000000
 .rodata.rime_driver
                0x000000000000ab80        0xc contiki-srf06-cc26xx.a(rime.o)
                0x000000000000ab80                rime_driver
 .rodata.attributes
                0x000000000000ab8c        0x6 contiki-srf06-cc26xx.a(unicast.o)
 *fill*         0x000000000000ab92        0x2 00000000
 .rodata.uc     0x000000000000ab94        0x8 contiki-srf06-cc26xx.a(unicast.o)
 .rodata.linkaddr_null
                0x000000000000ab9c        0x2 contiki-srf06-cc26xx.a(linkaddr.o)
                0x000000000000ab9c                linkaddr_null
 *fill*         0x000000000000ab9e        0x2 00000000
 .rodata.str1.4
                0x000000000000aba0        0x5 contiki-srf06-cc26xx.a(csma.o)
 *fill*         0x000000000000aba5        0x3 00000000
 .rodata.csma_driver
                0x000000000000aba8       0x1c contiki-srf06-cc26xx.a(csma.o)
                0x000000000000aba8                csma_driver
 .rodata.str1.4
                0x000000000000abc4        0xb contiki-srf06-cc26xx.a(contikimac.o)
 *fill*         0x000000000000abcf        0x1 00000000
 .rodata.contikimac_driver
                0x000000000000abd0       0x20 contiki-srf06-cc26xx.a(contikimac.o)
                0x000000000000abd0                contikimac_driver
 .rodata.str1.4
                0x000000000000abf0        0x8 contiki-srf06-cc26xx.a(nullsec.o)
 .rodata.nullsec_driver
                0x000000000000abf8       0x10 contiki-srf06-cc26xx.a(nullsec.o)
                0x000000000000abf8                nullsec_driver
 .rodata.RFCCPE0IntHandler.str1.4
                0x000000000000ac08       0x2a contiki-srf06-cc26xx.a(rf-core.o)
 *fill*         0x000000000000ac32        0x2 00000000
 .rodata.str1.4
                0x000000000000ac34       0x1a contiki-srf06-cc26xx.a(rf-core.o)
 *fill*         0x000000000000ac4e        0x2 00000000
 .rodata.attributes
                0x000000000000ac50        0x2 contiki-srf06-cc26xx.a(abc.o)
 *fill*         0x000000000000ac52        0x2 00000000
 .rodata.broadcast_callbacks
                0x000000000000ac54        0x8 contiki-srf06-cc26xx.a(broadcast-annou)
 .rodata.attributes
                0x000000000000ac5c        0x4 contiki-srf06-cc26xx.a(broadcast.o)
 .rodata.broadcast
                0x000000000000ac60        0x8 contiki-srf06-cc26xx.a(broadcast.o)
 .rodata.framer_802154
                0x000000000000ac68        0xc contiki-srf06-cc26xx.a(framer-802154.o)
                0x000000000000ac68                framer_802154
 .rodata.bitmask
                0x000000000000ac74        0x9 contiki-srf06-cc26xx.a(chameleon-bitop)
 *fill*         0x000000000000ac7d        0x3 00000000
 .rodata.chameleon_bitopt
                0x000000000000ac80        0xc contiki-srf06-cc26xx.a(chameleon-bitop)
                0x000000000000ac80                chameleon_bitopt
 .rodata.str1.4
                0x000000000000ac8c       0x1a /usr/lib/gcc/arm-none-eabi/9.2.1/../../../arm-none-eabi/lib/thumb/v7-m/nofp/libm.a(lib_a-e_pow.o)
                                          0x1 (size before relaxing)
                0x000000000000ac8c                _etext = .

.glue_7         0x000000000000ac8c        0x0
 .glue_7        0x000000000000ac8c        0x0 linker stubs

.glue_7t        0x000000000000ac8c        0x0
 .glue_7t       0x000000000000ac8c        0x0 linker stubs

.vfp11_veneer   0x000000000000ac8c        0x0
 .vfp11_veneer  0x000000000000ac8c        0x0 linker stubs

.v4_bx          0x000000000000ac8c        0x0
 .v4_bx         0x000000000000ac8c        0x0 linker stubs

.iplt           0x000000000000ac8c        0x0
 .iplt          0x000000000000ac8c        0x0 obj_srf06-cc26xx/startup_gcc.o

.data           0x0000000020000000      0x5a1 load address 0x000000000000ac8c
                0x0000000020000000                _data = .
 *(SORT_BY_ALIGNMENT(vtable))
 *(SORT_BY_ALIGNMENT(.data*))
 .data          0x0000000020000000      0x430 /usr/lib/gcc/arm-none-eabi/9.2.1/../../../arm-none-eabi/lib/thumb/v7-m/nofp/libc.a(lib_a-impure.o)
                0x0000000020000000                _impure_ptr
 .data.example_unicast_process
                0x0000000020000430       0x10 receive.co
                0x0000000020000430                example_unicast_process
 .data.sensors_process
                0x0000000020000440       0x10 contiki-srf06-cc26xx.a(sensors.o)
                0x0000000020000440                sensors_process
 .data.sensors  0x0000000020000450       0x24 contiki-srf06-cc26xx.a(sensortag-senso)
                0x0000000020000450                sensors
 .data.sensortag_module
                0x0000000020000474       0x14 contiki-srf06-cc26xx.a(board.o)
 .data.uart_module
                0x0000000020000488       0x14 contiki-srf06-cc26xx.a(cc26xx-uart.o)
 .data.cc26xx_rf_lpm_module
                0x000000002000049c       0x14 contiki-srf06-cc26xx.a(ieee-mode.o)
 .data.ieee_overrides
                0x00000000200004b0       0x2c contiki-srf06-cc26xx.a(ieee-mode.o)
 .data.tx_power_current
                0x00000000200004dc        0x4 contiki-srf06-cc26xx.a(ieee-mode.o)
                0x00000000200004dc                tx_power_current
 .data.rng_module
                0x00000000200004e0       0x14 contiki-srf06-cc26xx.a(soc-trng.o)
 .data.soc_trng_process
                0x00000000200004f4       0x10 contiki-srf06-cc26xx.a(soc-trng.o)
                0x00000000200004f4                soc_trng_process
 .data.ctxt     0x0000000020000504        0x8 contiki-srf06-cc26xx.a(dbg-printf.o)
 .data.ctimer_process
                0x000000002000050c       0x10 contiki-srf06-cc26xx.a(ctimer.o)
                0x000000002000050c                ctimer_process
 .data.etimer_process
                0x000000002000051c       0x10 contiki-srf06-cc26xx.a(etimer.o)
                0x000000002000051c                etimer_process
 .data.serial_line_process
                0x000000002000052c       0x10 contiki-srf06-cc26xx.a(serial-line.o)
                0x000000002000052c                serial_line_process
 .data.bufmem   0x000000002000053c        0xc contiki-srf06-cc26xx.a(queuebuf.o)
 .data.buframmem
                0x0000000020000548        0xc contiki-srf06-cc26xx.a(queuebuf.o)
 .data.metadata_memb
                0x0000000020000554        0xc contiki-srf06-cc26xx.a(csma.o)
 .data.neighbor_memb
                0x0000000020000560        0xc contiki-srf06-cc26xx.a(csma.o)
 .data.packet_memb
                0x000000002000056c        0xc contiki-srf06-cc26xx.a(csma.o)
 .data.buzzer_module
                0x0000000020000578       0x14 contiki-srf06-cc26xx.a(buzzer.o)
 .data.rf_core_process
                0x000000002000058c       0x10 contiki-srf06-cc26xx.a(rf-core.o)
                0x000000002000058c                rf_core_process
 .data.mac_pan_id
                0x000000002000059c        0x2 contiki-srf06-cc26xx.a(frame802154.o)
 .data.interface
                0x000000002000059e        0x1 contiki-srf06-cc26xx.a(board-i2c.o)
 .data.rng_ready_event
                0x000000002000059f        0x1 contiki-srf06-cc26xx.a(soc-trng.o)
 .data          0x00000000200005a0        0x1 /usr/lib/gcc/arm-none-eabi/9.2.1/../../../arm-none-eabi/lib/thumb/v7-m/nofp/libm.a(lib_a-s_lib_ver.o)
                0x00000000200005a0                __fdlib_version
                0x00000000200005a1                _edata = .

.igot.plt       0x00000000200005a4        0x0 load address 0x000000000000b22d
 .igot.plt      0x00000000200005a4        0x0 obj_srf06-cc26xx/startup_gcc.o

.ARM.exidx      0x000000000000b230        0x8
 *(SORT_BY_ALIGNMENT(.ARM.exidx*))
 .ARM.exidx     0x000000000000b230        0x8 /usr/lib/gcc/arm-none-eabi/9.2.1/thumb/v7-m/nofp/libgcc.a(_udivmoddi4.o)

.bss            0x00000000200005a8     0x1282
                0x00000000200005a8                _bss = .
 *(SORT_BY_ALIGNMENT(.bss*))
 .bss.count     0x00000000200005a8        0x8 contiki-srf06-cc26xx.a(clock.o)
 .bss.rands_cache
                0x00000000200005b0       0x20 contiki-srf06-cc26xx.a(soc-trng.o)
 .bss.et.6824   0x00000000200005d0       0x10 receive.co
 .bss.uc        0x00000000200005e0       0x1c receive.co
 .bss.events.4837
                0x00000000200005fc        0x4 contiki-srf06-cc26xx.a(sensors.o)
 .bss.i.4836    0x0000000020000600        0x4 contiki-srf06-cc26xx.a(sensors.o)
 .bss.inited    0x0000000020000604        0x4 contiki-srf06-cc26xx.a(leds-arch.o)
 .bss.calibration_data
                0x0000000020000608       0x1c contiki-srf06-cc26xx.a(bmp-280-sensor.)
 .bss.enabled   0x0000000020000624        0x4 contiki-srf06-cc26xx.a(bmp-280-sensor.)
 .bss.sensor_value
                0x0000000020000628        0x6 contiki-srf06-cc26xx.a(bmp-280-sensor.)
 *fill*         0x000000002000062e        0x2 
 .bss.startup_timer
                0x0000000020000630       0x20 contiki-srf06-cc26xx.a(bmp-280-sensor.)
 .bss.amb_temp_latched
                0x0000000020000650        0x4 contiki-srf06-cc26xx.a(tmp-007-sensor.)
 .bss.buf       0x0000000020000654        0x4 contiki-srf06-cc26xx.a(tmp-007-sensor.)
 .bss.enabled   0x0000000020000658        0x4 contiki-srf06-cc26xx.a(tmp-007-sensor.)
 .bss.obj_temp_latched
                0x000000002000065c        0x4 contiki-srf06-cc26xx.a(tmp-007-sensor.)
 .bss.startup_timer
                0x0000000020000660       0x20 contiki-srf06-cc26xx.a(tmp-007-sensor.)
 .bss.startup_timer
                0x0000000020000680       0x20 contiki-srf06-cc26xx.a(opt-3001-sensor)
 .bss.state     0x00000000200006a0        0x4 contiki-srf06-cc26xx.a(opt-3001-sensor)
 .bss.data      0x00000000200006a4        0x4 contiki-srf06-cc26xx.a(hdc-1000-sensor)
 .bss.enabled   0x00000000200006a8        0x4 contiki-srf06-cc26xx.a(hdc-1000-sensor)
 .bss.startup_timer
                0x00000000200006ac       0x20 contiki-srf06-cc26xx.a(hdc-1000-sensor)
 .bss.elements  0x00000000200006cc        0x4 contiki-srf06-cc26xx.a(mpu-9250-sensor)
 .bss.sensor_value
                0x00000000200006d0        0x6 contiki-srf06-cc26xx.a(mpu-9250-sensor)
 *fill*         0x00000000200006d6        0x2 
 .bss.startup_timer
                0x00000000200006d8       0x20 contiki-srf06-cc26xx.a(mpu-9250-sensor)
 .bss.state     0x00000000200006f8        0x4 contiki-srf06-cc26xx.a(mpu-9250-sensor)
 .bss.left_timer
                0x00000000200006fc       0x10 contiki-srf06-cc26xx.a(button-sensor.o)
 .bss.debouncetimer
                0x000000002000070c        0x8 contiki-srf06-cc26xx.a(reed-relay.o)
 .bss.last_isr_time
                0x0000000020000714        0x4 contiki-srf06-cc26xx.a(soc-rtc.o)
 .bss.input_handler
                0x0000000020000718        0x4 contiki-srf06-cc26xx.a(cc26xx-uart.o)
 .bss.modules_list_list
                0x000000002000071c        0x4 contiki-srf06-cc26xx.a(lpm.o)
 .bss.handlers  0x0000000020000720       0x80 contiki-srf06-cc26xx.a(gpio-interrupt.)
 .bss.cmd_ieee_rx_buf
                0x00000000200007a0       0x80 contiki-srf06-cc26xx.a(ieee-mode.o)
 .bss.filter_cmd
                0x0000000020000820        0x8 contiki-srf06-cc26xx.a(ieee-mode.o)
 .bss.last_packet_timestamp
                0x0000000020000828        0x4 contiki-srf06-cc26xx.a(ieee-mode.o)
 .bss.last_rat_overflow
                0x000000002000082c        0x4 contiki-srf06-cc26xx.a(ieee-mode.o)
 .bss.last_value.8699
                0x0000000020000830        0x4 contiki-srf06-cc26xx.a(ieee-mode.o)
 .bss.rat_overflow_counter
                0x0000000020000834        0x4 contiki-srf06-cc26xx.a(ieee-mode.o)
 .bss.rat_overflow_timer
                0x0000000020000838       0x20 contiki-srf06-cc26xx.a(ieee-mode.o)
 .bss.rf_stats  0x0000000020000858       0x10 contiki-srf06-cc26xx.a(ieee-mode.o)
 .bss.rx_buf_0  0x0000000020000868       0x90 contiki-srf06-cc26xx.a(ieee-mode.o)
 .bss.rx_buf_1  0x00000000200008f8       0x90 contiki-srf06-cc26xx.a(ieee-mode.o)
 .bss.rx_buf_2  0x0000000020000988       0x90 contiki-srf06-cc26xx.a(ieee-mode.o)
 .bss.rx_buf_3  0x0000000020000a18       0x90 contiki-srf06-cc26xx.a(ieee-mode.o)
 .bss.rx_data_queue
                0x0000000020000aa8        0x8 contiki-srf06-cc26xx.a(ieee-mode.o)
 .bss.rx_read_entry
                0x0000000020000ab0        0x4 contiki-srf06-cc26xx.a(ieee-mode.o)
 .bss.tx_buf    0x0000000020000ab4       0xb6 contiki-srf06-cc26xx.a(ieee-mode.o)
 *fill*         0x0000000020000b6a        0x2 
 .bss.notify_cb
                0x0000000020000b6c        0x4 contiki-srf06-cc26xx.a(soc-trng.o)
 .bss.rands_mask
                0x0000000020000b70        0x4 contiki-srf06-cc26xx.a(soc-trng.o)
 .bss.ctimer_list_list
                0x0000000020000b74        0x4 contiki-srf06-cc26xx.a(ctimer.o)
 .bss.next_expiration
                0x0000000020000b78        0x4 contiki-srf06-cc26xx.a(etimer.o)
 .bss.timerlist
                0x0000000020000b7c        0x4 contiki-srf06-cc26xx.a(etimer.o)
 .bss.events    0x0000000020000b80      0x180 contiki-srf06-cc26xx.a(process.o)
 .bss.process_current
                0x0000000020000d00        0x4 contiki-srf06-cc26xx.a(process.o)
                0x0000000020000d00                process_current
 .bss.process_list
                0x0000000020000d04        0x4 contiki-srf06-cc26xx.a(process.o)
                0x0000000020000d04                process_list
 .bss.next_rtimer
                0x0000000020000d08        0x4 contiki-srf06-cc26xx.a(rtimer.o)
 .bss.buf.4820  0x0000000020000d0c       0x80 contiki-srf06-cc26xx.a(serial-line.o)
 .bss.ptr.4821  0x0000000020000d8c        0x4 contiki-srf06-cc26xx.a(serial-line.o)
 .bss.rxbuf     0x0000000020000d90        0x8 contiki-srf06-cc26xx.a(serial-line.o)
 .bss.rxbuf_data
                0x0000000020000d98       0x80 contiki-srf06-cc26xx.a(serial-line.o)
 .bss.sniffers_list
                0x0000000020000e18        0x4 contiki-srf06-cc26xx.a(rime.o)
 .bss.powerQualGlobals
                0x0000000020000e1c        0x8 contiki-srf06-cc26xx.a(sys_ctrl.o)
 .bss.packetbuf_aligned
                0x0000000020000e24       0x80 contiki-srf06-cc26xx.a(packetbuf.o)
 .bss.bufmem_memb_count
                0x0000000020000ea4        0x8 contiki-srf06-cc26xx.a(queuebuf.o)
 .bss.bufmem_memb_mem
                0x0000000020000eac       0x20 contiki-srf06-cc26xx.a(queuebuf.o)
 .bss.buframmem_memb_count
                0x0000000020000ecc        0x8 contiki-srf06-cc26xx.a(queuebuf.o)
 .bss.buframmem_memb_mem
                0x0000000020000ed4      0x5f0 contiki-srf06-cc26xx.a(queuebuf.o)
 .bss.metadata_memb_memb_count
                0x00000000200014c4        0x8 contiki-srf06-cc26xx.a(csma.o)
 .bss.metadata_memb_memb_mem
                0x00000000200014cc       0x60 contiki-srf06-cc26xx.a(csma.o)
 .bss.neighbor_list_list
                0x000000002000152c        0x4 contiki-srf06-cc26xx.a(csma.o)
 .bss.neighbor_memb_memb_count
                0x0000000020001530        0x2 contiki-srf06-cc26xx.a(csma.o)
 *fill*         0x0000000020001532        0x2 
 .bss.neighbor_memb_memb_mem
                0x0000000020001534       0x68 contiki-srf06-cc26xx.a(csma.o)
 .bss.packet_memb_memb_count
                0x000000002000159c        0x8 contiki-srf06-cc26xx.a(csma.o)
 .bss.packet_memb_memb_mem
                0x00000000200015a4       0x60 contiki-srf06-cc26xx.a(csma.o)
 .bss.ct.6989   0x0000000020001604       0x20 contiki-srf06-cc26xx.a(contikimac.o)
 .bss.cycle_start
                0x0000000020001624        0x4 contiki-srf06-cc26xx.a(contikimac.o)
 .bss.pt        0x0000000020001628        0x2 contiki-srf06-cc26xx.a(contikimac.o)
 *fill*         0x000000002000162a        0x2 
 .bss.rt        0x000000002000162c        0xc contiki-srf06-cc26xx.a(contikimac.o)
 .bss.start.6914
                0x0000000020001638        0x4 contiki-srf06-cc26xx.a(contikimac.o)
 .bss.we_are_receiving_burst
                0x000000002000163c        0x4 contiki-srf06-cc26xx.a(contikimac.o)
 .bss.buffer    0x0000000020001640       0x20 contiki-srf06-cc26xx.a(sensor-common.o)
 .bss.consumers_list_list
                0x0000000020001660        0x4 contiki-srf06-cc26xx.a(aux-ctrl.o)
 .bss.last_radio_op
                0x0000000020001664        0x4 contiki-srf06-cc26xx.a(rf-core.o)
 .bss.primary_mode
                0x0000000020001668        0x4 contiki-srf06-cc26xx.a(rf-core.o)
 .bss.rat_offset
                0x000000002000166c        0x4 contiki-srf06-cc26xx.a(rf-core.o)
                0x000000002000166c                rat_offset
 .bss.announcements_list
                0x0000000020001670        0x4 contiki-srf06-cc26xx.a(announcement.o)
 .bss.observer_callback
                0x0000000020001674        0x4 contiki-srf06-cc26xx.a(announcement.o)
 .bss.c         0x0000000020001678       0x6c contiki-srf06-cc26xx.a(broadcast-annou)
 .bss.channel_list_list
                0x00000000200016e4        0x4 contiki-srf06-cc26xx.a(channel.o)
 .bss.received_seqnos
                0x00000000200016e8       0xc0 contiki-srf06-cc26xx.a(mac-sequence.o)
 .bss.node_id   0x00000000200017a8        0x2 contiki-srf06-cc26xx.a(contiki-main.o)
                0x00000000200017a8                node_id
 .bss.val       0x00000000200017aa        0x2 contiki-srf06-cc26xx.a(tmp-007-sensor.)
 .bss.raw_hum   0x00000000200017ac        0x2 contiki-srf06-cc26xx.a(hdc-1000-sensor)
 .bss.raw_temp  0x00000000200017ae        0x2 contiki-srf06-cc26xx.a(hdc-1000-sensor)
 .bss.buflen    0x00000000200017b0        0x2 contiki-srf06-cc26xx.a(packetbuf.o)
 .bss.bufptr    0x00000000200017b2        0x2 contiki-srf06-cc26xx.a(packetbuf.o)
 .bss.seqno.6189
                0x00000000200017b4        0x2 contiki-srf06-cc26xx.a(csma.o)
 .bss.num_sensors
                0x00000000200017b6        0x1 contiki-srf06-cc26xx.a(sensors.o)
 .bss.leds      0x00000000200017b7        0x1 contiki-srf06-cc26xx.a(leds.o)
 .bss.c         0x00000000200017b8        0x1 contiki-srf06-cc26xx.a(leds-arch.o)
 .bss.success   0x00000000200017b9        0x1 contiki-srf06-cc26xx.a(hdc-1000-sensor)
 .bss.acc_range
                0x00000000200017ba        0x1 contiki-srf06-cc26xx.a(mpu-9250-sensor)
 .bss.acc_range_reg
                0x00000000200017bb        0x1 contiki-srf06-cc26xx.a(mpu-9250-sensor)
 .bss.interrupt_status
                0x00000000200017bc        0x1 contiki-srf06-cc26xx.a(mpu-9250-sensor)
 .bss.mpu_config
                0x00000000200017bd        0x1 contiki-srf06-cc26xx.a(mpu-9250-sensor)
 .bss.val       0x00000000200017be        0x1 contiki-srf06-cc26xx.a(mpu-9250-sensor)
 .bss.slave_addr
                0x00000000200017bf        0x1 contiki-srf06-cc26xx.a(board-i2c.o)
 .bss.last_corr_lqi
                0x00000000200017c0        0x1 contiki-srf06-cc26xx.a(ieee-mode.o)
 .bss.last_rssi
                0x00000000200017c1        0x1 contiki-srf06-cc26xx.a(ieee-mode.o)
 .bss.poll_mode
                0x00000000200017c2        0x1 contiki-srf06-cc26xx.a(ieee-mode.o)
 .bss.initialized
                0x00000000200017c3        0x1 contiki-srf06-cc26xx.a(ctimer.o)
 .bss.fevent    0x00000000200017c4        0x1 contiki-srf06-cc26xx.a(process.o)
 .bss.lastevent
                0x00000000200017c5        0x1 contiki-srf06-cc26xx.a(process.o)
 .bss.nevents   0x00000000200017c6        0x1 contiki-srf06-cc26xx.a(process.o)
 .bss.poll_requested
                0x00000000200017c7        0x1 contiki-srf06-cc26xx.a(process.o)
 .bss.hdrlen    0x00000000200017c8        0x1 contiki-srf06-cc26xx.a(packetbuf.o)
 .bss.initialized.6188
                0x00000000200017c9        0x1 contiki-srf06-cc26xx.a(csma.o)
 .bss.contikimac_is_on
                0x00000000200017ca        0x1 contiki-srf06-cc26xx.a(contikimac.o)
 .bss.contikimac_keep_radio_on
                0x00000000200017cb        0x1 contiki-srf06-cc26xx.a(contikimac.o)
 .bss.count.6909
                0x00000000200017cc        0x1 contiki-srf06-cc26xx.a(contikimac.o)
 .bss.packet_seen.6908
                0x00000000200017cd        0x1 contiki-srf06-cc26xx.a(contikimac.o)
 .bss.periods.6916
                0x00000000200017ce        0x1 contiki-srf06-cc26xx.a(contikimac.o)
 .bss.radio_is_on
                0x00000000200017cf        0x1 contiki-srf06-cc26xx.a(contikimac.o)
 .bss.silence_periods.6915
                0x00000000200017d0        0x1 contiki-srf06-cc26xx.a(contikimac.o)
 .bss.we_are_sending
                0x00000000200017d1        0x1 contiki-srf06-cc26xx.a(contikimac.o)
 .bss.buzzer_on
                0x00000000200017d2        0x1 contiki-srf06-cc26xx.a(buzzer.o)
 .bss.rat_offset_known
                0x00000000200017d3        0x1 contiki-srf06-cc26xx.a(rf-core.o)
 .bss.ble_mode_on
                0x00000000200017d4        0x1 contiki-srf06-cc26xx.a(rf-ble.o)
 .bss.initialized
                0x00000000200017d5        0x1 contiki-srf06-cc26xx.a(framer-802154.o)
 .bss.mac_dsn   0x00000000200017d6        0x1 contiki-srf06-cc26xx.a(framer-802154.o)
 *(SORT_BY_ALIGNMENT(COMMON))
 *fill*         0x00000000200017d7        0x1 
 COMMON         0x00000000200017d8        0x9 contiki-srf06-cc26xx.a(sensortag-senso)
                0x00000000200017d8                sensors_flags
 *fill*         0x00000000200017e1        0x3 
 COMMON         0x00000000200017e4        0x4 contiki-srf06-cc26xx.a(mpu-9250-sensor)
                0x00000000200017e4                t0
 COMMON         0x00000000200017e8        0x2 contiki-srf06-cc26xx.a(linkaddr.o)
                0x00000000200017e8                linkaddr_node_addr
 *fill*         0x00000000200017ea        0x2 
 COMMON         0x00000000200017ec       0x3c contiki-srf06-cc26xx.a(packetbuf.o)
                0x00000000200017ec                packetbuf_addrs
                0x00000000200017f4                packetbuf_attrs
 COMMON         0x0000000020001828        0x1 contiki-srf06-cc26xx.a(sensors.o)
                0x0000000020001828                sensors_event
 COMMON         0x0000000020001829        0x1 contiki-srf06-cc26xx.a(serial-line.o)
                0x0000000020001829                serial_line_event_message
                0x000000002000182a                _ebss = .

.ccfg           0x000000000001ffa8       0x58
 *(SORT_BY_ALIGNMENT(.ccfg))
 .ccfg          0x000000000001ffa8       0x58 obj_srf06-cc26xx/ccfg.o
                0x000000000001ffa8                __ccfg

.rel.dyn        0x0000000000020000        0x0
 .rel.iplt      0x0000000000020000        0x0 obj_srf06-cc26xx/startup_gcc.o

._user_heap_stack
                0x000000002000182a      0x102
                0x000000002000182c                . = ALIGN (0x4)
 *fill*         0x000000002000182a        0x2 
                0x000000002000182c                . = (. + _Min_Heap_Size)
                0x000000002000192c                . = (. + _Min_Stack_Size)
 *fill*         0x000000002000182c      0x100 
                0x000000002000192c                . = ALIGN (0x4)

.gpram
OUTPUT(receive.elf elf32-littlearm)
LOAD linker stubs

.comment        0x0000000000000000       0x59
 .comment       0x0000000000000000       0x59 obj_srf06-cc26xx/fault-handlers.o
                                         0x5a (size before relaxing)
 .comment       0x0000000000000059       0x5a obj_srf06-cc26xx/ccfg.o
 .comment       0x0000000000000059       0x5a obj_srf06-cc26xx/startup_gcc.o
 .comment       0x0000000000000059       0x5a receive.co
 .comment       0x0000000000000059       0x5a contiki-srf06-cc26xx.a(contiki-main.o)
 .comment       0x0000000000000059       0x5a contiki-srf06-cc26xx.a(sensors.o)
 .comment       0x0000000000000059       0x5a contiki-srf06-cc26xx.a(leds.o)
 .comment       0x0000000000000059       0x5a contiki-srf06-cc26xx.a(leds-arch.o)
 .comment       0x0000000000000059       0x5a contiki-srf06-cc26xx.a(sensortag-senso)
 .comment       0x0000000000000059       0x5a contiki-srf06-cc26xx.a(bmp-280-sensor.)
 .comment       0x0000000000000059       0x5a contiki-srf06-cc26xx.a(tmp-007-sensor.)
 .comment       0x0000000000000059       0x5a contiki-srf06-cc26xx.a(opt-3001-sensor)
 .comment       0x0000000000000059       0x5a contiki-srf06-cc26xx.a(hdc-1000-sensor)