Archive member included to satisfy reference by file (symbol)

contiki-srf06-cc26xx.a(contiki-main.o)
                              obj_srf06-cc26xx/startup_gcc.o (main)
contiki-srf06-cc26xx.a(sensors.o)
                              contiki-srf06-cc26xx.a(contiki-main.o) (sensors_process)
contiki-srf06-cc26xx.a(leds.o)
                              contiki-srf06-cc26xx.a(contiki-main.o) (leds_init)
contiki-srf06-cc26xx.a(leds-arch.o)
                              contiki-srf06-cc26xx.a(leds.o) (leds_arch_init)
contiki-srf06-cc26xx.a(sensortag-senso)
                              contiki-srf06-cc26xx.a(sensors.o) (sensors_flags)
contiki-srf06-cc26xx.a(bmp-280-sensor.)
                              contiki-srf06-cc26xx.a(sensortag-senso) (bmp_280_sensor)
contiki-srf06-cc26xx.a(tmp-007-sensor.)
                              contiki-srf06-cc26xx.a(sensortag-senso) (tmp_007_sensor)
contiki-srf06-cc26xx.a(opt-3001-sensor)
                              contiki-srf06-cc26xx.a(sensortag-senso) (opt_3001_sensor)
contiki-srf06-cc26xx.a(hdc-1000-sensor)
                              contiki-srf06-cc26xx.a(sensortag-senso) (hdc_1000_sensor)
contiki-srf06-cc26xx.a(mpu-9250-sensor)
                              contiki-srf06-cc26xx.a(sensortag-senso) (mpu_9250_sensor)
contiki-srf06-cc26xx.a(button-sensor.o)
                              contiki-srf06-cc26xx.a(sensortag-senso) (button_right_sensor)
contiki-srf06-cc26xx.a(reed-relay.o)
                              contiki-srf06-cc26xx.a(sensortag-senso) (reed_relay_sensor)
contiki-srf06-cc26xx.a(board.o)
                              contiki-srf06-cc26xx.a(contiki-main.o) (board_init)
contiki-srf06-cc26xx.a(board-i2c.o)
                              contiki-srf06-cc26xx.a(board.o) (board_i2c_wakeup)
contiki-srf06-cc26xx.a(clock.o)
                              contiki-srf06-cc26xx.a(contiki-main.o) (clock_init)
contiki-srf06-cc26xx.a(rtimer-arch.o)
                              contiki-srf06-cc26xx.a(mpu-9250-sensor) (rtimer_arch_now)
contiki-srf06-cc26xx.a(soc-rtc.o)
                              contiki-srf06-cc26xx.a(contiki-main.o) (soc_rtc_init)
contiki-srf06-cc26xx.a(contiki-watchdo)
                              contiki-srf06-cc26xx.a(contiki-main.o) (watchdog_init)
contiki-srf06-cc26xx.a(putchar.o)
                              contiki-srf06-cc26xx.a(contiki-main.o) (putchar)
contiki-srf06-cc26xx.a(ieee-addr.o)
                              contiki-srf06-cc26xx.a(contiki-main.o) (ieee_addr_cpy_to)
contiki-srf06-cc26xx.a(cc26xx-uart.o)
                              contiki-srf06-cc26xx.a(contiki-main.o) (cc26xx_uart_init)
contiki-srf06-cc26xx.a(lpm.o)
                              contiki-srf06-cc26xx.a(button-sensor.o) (lpm_shutdown)
contiki-srf06-cc26xx.a(gpio-interrupt.)
                              contiki-srf06-cc26xx.a(button-sensor.o) (gpio_interrupt_register_handler)
contiki-srf06-cc26xx.a(oscillators.o)
                              contiki-srf06-cc26xx.a(contiki-main.o) (oscillators_select_lf_xosc)
contiki-srf06-cc26xx.a(ieee-mode.o)
                              contiki-srf06-cc26xx.a(contiki-main.o) (ieee_mode_driver)
contiki-srf06-cc26xx.a(random.o)
                              contiki-srf06-cc26xx.a(contiki-main.o) (random_init)
contiki-srf06-cc26xx.a(soc-trng.o)
                              contiki-srf06-cc26xx.a(random.o) (soc_trng_rand_synchronous)
contiki-srf06-cc26xx.a(dbg-printf.o)
                              contiki-srf06-cc26xx.a(contiki-main.o) (printf)
contiki-srf06-cc26xx.a(strformat.o)
                              contiki-srf06-cc26xx.a(dbg-printf.o) (format_str_v)
contiki-srf06-cc26xx.a(autostart.o)
                              contiki-srf06-cc26xx.a(contiki-main.o) (autostart_start)
contiki-srf06-cc26xx.a(ctimer.o)
                              contiki-srf06-cc26xx.a(contiki-main.o) (ctimer_init)
contiki-srf06-cc26xx.a(energest.o)
                              contiki-srf06-cc26xx.a(contiki-main.o) (energest_init)
contiki-srf06-cc26xx.a(etimer.o)
                              contiki-srf06-cc26xx.a(clock.o) (etimer_request_poll)
contiki-srf06-cc26xx.a(process.o)
                              contiki-srf06-cc26xx.a(sensors.o) (process_alloc_event)
contiki-srf06-cc26xx.a(rtimer.o)
                              contiki-srf06-cc26xx.a(contiki-main.o) (rtimer_init)
contiki-srf06-cc26xx.a(timer.o)
                              contiki-srf06-cc26xx.a(button-sensor.o) (timer_set)
contiki-srf06-cc26xx.a(serial-line.o)
                              contiki-srf06-cc26xx.a(contiki-main.o) (serial_line_init)
contiki-srf06-cc26xx.a(list.o)
                              contiki-srf06-cc26xx.a(lpm.o) (list_init)
contiki-srf06-cc26xx.a(ringbuf.o)
                              contiki-srf06-cc26xx.a(serial-line.o) (ringbuf_init)
contiki-srf06-cc26xx.a(rime.o)
                              contiki-srf06-cc26xx.a(contiki-main.o) (rime_driver)
contiki-srf06-cc26xx.a(unicast.o)
                              transmit.co (unicast_open)
[...]
Memory Configuration

Name             Origin             Length             Attributes
FLASH            0x0000000000000000 0x000000000001ffa8 xr
FLASH_CCFG       0x000000000001ffa8 0x0000000000000058 xr
SRAM             0x0000000020000000 0x0000000000005000 xrw
GPRAM            0x0000000011000000 0x0000000000002000 xrw
*default*        0x0000000000000000 0xffffffffffffffff

Linker script and memory map

LOAD obj_srf06-cc26xx/fault-handlers.o
LOAD obj_srf06-cc26xx/ccfg.o
LOAD obj_srf06-cc26xx/startup_gcc.o
LOAD transmit.co
LOAD contiki-srf06-cc26xx.a
LOAD /usr/lib/gcc/arm-none-eabi/9.2.1/../../../arm-none-eabi/lib/thumb/v7-m/nofp/libm.a
START GROUP
LOAD /usr/lib/gcc/arm-none-eabi/9.2.1/thumb/v7-m/nofp/libgcc.a
LOAD /usr/lib/gcc/arm-none-eabi/9.2.1/../../../arm-none-eabi/lib/thumb/v7-m/nofp/libc.a
END GROUP
                0x0000000020005000                _estack = (ORIGIN (SRAM) + LENGTH (SRAM))
                0x0000000000000000                _Min_Heap_Size = 0x0
                0x0000000000000100                _Min_Stack_Size = 0x100

.text           0x0000000000000000     0xab58
                0x0000000000000000                _text = .
 *(SORT_BY_ALIGNMENT(.vectors))
 .vectors       0x0000000000000000       0xc8 obj_srf06-cc26xx/startup_gcc.o
                0x0000000000000000                g_pfnVectors
 *(SORT_BY_ALIGNMENT(.text*))
 .text.value    0x00000000000000c8       0xb0 contiki-srf06-cc26xx.a(opt-3001-sensor)
 .text.value    0x0000000000000178       0xa4 contiki-srf06-cc26xx.a(hdc-1000-sensor)
 *fill*         0x000000000000021c        0x4 00000000
 .text.value    0x0000000000000220      0x194 contiki-srf06-cc26xx.a(mpu-9250-sensor)
 *fill*         0x00000000000003b4        0x4 00000000
 .text          0x00000000000003b8      0xb30 /usr/lib/gcc/arm-none-eabi/9.2.1/../../../arm-none-eabi/lib/thumb/v7-m/nofp/libm.a(lib_a-e_pow.o)
                0x00000000000003b8                __ieee754_pow
 .text          0x0000000000000ee8       0xf4 /usr/lib/gcc/arm-none-eabi/9.2.1/../../../arm-none-eabi/lib/thumb/v7-m/nofp/libm.a(lib_a-s_scalbn.o)
                0x0000000000000ee8                scalbn
 .text.FaultISR
                0x0000000000000fdc       0x18 obj_srf06-cc26xx/fault-handlers.o
                0x0000000000000fdc                FaultISR
 .text.NmiSRHandler
                0x0000000000000ff4        0x4 obj_srf06-cc26xx/startup_gcc.o
                0x0000000000000ff4                NmiSR
 .text.IntDefaultHandler
                0x0000000000000ff8        0x4 obj_srf06-cc26xx/startup_gcc.o
                0x0000000000000ff8                SSI0IntHandler
                0x0000000000000ff8                SWEvent0IntHandler
                0x0000000000000ff8                uDMAIntHandler
                0x0000000000000ff8                WatchdogIntHandler
                0x0000000000000ff8                RFCHardwareIntHandler
                0x0000000000000ff8                Timer1BIntHandler
                0x0000000000000ff8                I2SIntHandler
                0x0000000000000ff8                Timer2BIntHandler
                0x0000000000000ff8                Timer2AIntHandler
                0x0000000000000ff8                Timer1AIntHandler
                0x0000000000000ff8                AONIntHandler
                0x0000000000000ff8                AUXSWEvent0IntHandler
                0x0000000000000ff8                AUXADCIntHandler
                0x0000000000000ff8                PendSVIntHandler
                0x0000000000000ff8                AUXSWEvent1IntHandler
                0x0000000000000ff8                SVCallIntHandler
                0x0000000000000ff8                MPUFaultIntHandler
                0x0000000000000ff8                SysTickIntHandler
                0x0000000000000ff8                BusFaultIntHandler
                0x0000000000000ff8                AONProgIntHandler
                0x0000000000000ff8                AUXCompAIntHandler
                0x0000000000000ff8                SSI1IntHandler
                0x0000000000000ff8                FlashIntHandler
                0x0000000000000ff8                uDMAErrIntHandler
                0x0000000000000ff8                UsageFaultIntHandler
                0x0000000000000ff8                RFCCmdAckIntHandler
                0x0000000000000ff8                CryptoIntHandler
                0x0000000000000ff8                Timer0AIntHandler
                0x0000000000000ff8                I2CIntHandler
                0x0000000000000ff8                DebugMonIntHandler
                0x0000000000000ff8                Timer0BIntHandler
                0x0000000000000ff8                AUXCombEventIntHandler
                0x0000000000000ff8                Timer3AIntHandler
                0x0000000000000ff8                DynProgIntHandler
                0x0000000000000ff8                Timer3BIntHandler
 .text.ResetISR
                0x0000000000000ffc       0x5c obj_srf06-cc26xx/startup_gcc.o
                0x0000000000000ffc                ResetISR
 .text.process_thread_transmit_process
                0x0000000000001058       0x38 transmit.co
 .text.fade     0x0000000000001090       0x64 contiki-srf06-cc26xx.a(contiki-main.o)
 .text.startup.main
                0x00000000000010f4      0x228 contiki-srf06-cc26xx.a(contiki-main.o)
                0x00000000000010f4                main
 .text.process_thread_sensors_process
                0x000000000000131c       0xf4 contiki-srf06-cc26xx.a(sensors.o)
 .text.sensors_changed
                0x0000000000001410       0x40 contiki-srf06-cc26xx.a(sensors.o)
                0x0000000000001410                sensors_changed
 .text.leds_init
                0x0000000000001450       0x14 contiki-srf06-cc26xx.a(leds.o)
                0x0000000000001450                leds_init
 .text.leds_on  0x0000000000001464       0x10 contiki-srf06-cc26xx.a(leds.o)
                0x0000000000001464                leds_on
 .text.leds_off
                0x0000000000001474       0x14 contiki-srf06-cc26xx.a(leds.o)
                0x0000000000001474                leds_off
 .text.leds_arch_init
                0x0000000000001488       0x38 contiki-srf06-cc26xx.a(leds-arch.o)
                0x0000000000001488                leds_arch_init
 .text.leds_arch_set
                0x00000000000014c0       0x34 contiki-srf06-cc26xx.a(leds-arch.o)
                0x00000000000014c0                leds_arch_set
 .text.status   0x00000000000014f4       0x14 contiki-srf06-cc26xx.a(bmp-280-sensor.)
 .text.notify_ready
                0x0000000000001508       0x14 contiki-srf06-cc26xx.a(bmp-280-sensor.)
 .text.enable_sensor
                0x000000000000151c       0x2c contiki-srf06-cc26xx.a(bmp-280-sensor.)
 .text.configure
                0x0000000000001548       0x98 contiki-srf06-cc26xx.a(bmp-280-sensor.)
 .text.value    0x00000000000015e0      0x15c contiki-srf06-cc26xx.a(bmp-280-sensor.)
 .text.status   0x000000000000173c       0x14 contiki-srf06-cc26xx.a(tmp-007-sensor.)
 .text.notify_ready
                0x0000000000001750       0x14 contiki-srf06-cc26xx.a(tmp-007-sensor.)
 .text.enable_sensor
                0x0000000000001764       0x28 contiki-srf06-cc26xx.a(tmp-007-sensor.)
 .text.configure
                0x000000000000178c       0x8c contiki-srf06-cc26xx.a(tmp-007-sensor.)
 .text.value    0x0000000000001818       0xf0 contiki-srf06-cc26xx.a(tmp-007-sensor.)
 .text.status   0x0000000000001908        0xc contiki-srf06-cc26xx.a(opt-3001-sensor)
 .text.enable_sensor
                0x0000000000001914       0x44 contiki-srf06-cc26xx.a(opt-3001-sensor)
 .text.notify_ready
                0x0000000000001958       0x54 contiki-srf06-cc26xx.a(opt-3001-sensor)
 .text.configure
                0x00000000000019ac       0x48 contiki-srf06-cc26xx.a(opt-3001-sensor)
 .text.status   0x00000000000019f4       0x14 contiki-srf06-cc26xx.a(hdc-1000-sensor)
 .text.notify_ready
                0x0000000000001a08       0x6c contiki-srf06-cc26xx.a(hdc-1000-sensor)
 .text.configure
                0x0000000000001a74       0xc4 contiki-srf06-cc26xx.a(hdc-1000-sensor)
 .text.acc_convert
                0x0000000000001b38       0x70 contiki-srf06-cc26xx.a(mpu-9250-sensor)
 .text.status   0x0000000000001ba8       0x14 contiki-srf06-cc26xx.a(mpu-9250-sensor)
 .text.notify_ready
                0x0000000000001bbc       0x14 contiki-srf06-cc26xx.a(mpu-9250-sensor)
 .text.sensor_sleep
                0x0000000000001bd0       0x38 contiki-srf06-cc26xx.a(mpu-9250-sensor)
 .text.configure
                0x0000000000001c08       0xdc contiki-srf06-cc26xx.a(mpu-9250-sensor)
 .text.int_status
                0x0000000000001ce4       0x28 contiki-srf06-cc26xx.a(mpu-9250-sensor)
 .text.initialise
                0x0000000000001d0c      0x100 contiki-srf06-cc26xx.a(mpu-9250-sensor)
 .text.status.part.0
                0x0000000000001e0c       0x14 contiki-srf06-cc26xx.a(button-sensor.o)
 .text.value_left
                0x0000000000001e20       0x24 contiki-srf06-cc26xx.a(button-sensor.o)
 .text.value_right
                0x0000000000001e44       0x18 contiki-srf06-cc26xx.a(button-sensor.o)
 .text.status_left
                0x0000000000001e5c       0x10 contiki-srf06-cc26xx.a(button-sensor.o)
 .text.status_right
                0x0000000000001e6c       0x10 contiki-srf06-cc26xx.a(button-sensor.o)
 .text.config_buttons
                0x0000000000001e7c       0x84 contiki-srf06-cc26xx.a(button-sensor.o)
 .text.config_left
                0x0000000000001f00        0xc contiki-srf06-cc26xx.a(button-sensor.o)
 .text.config_right
                0x0000000000001f0c        0xc contiki-srf06-cc26xx.a(button-sensor.o)
 .text.button_press_handler
                0x0000000000001f18       0x64 contiki-srf06-cc26xx.a(button-sensor.o)
 .text.value    0x0000000000001f7c       0x10 contiki-srf06-cc26xx.a(reed-relay.o)
 .text.status   0x0000000000001f8c       0x20 contiki-srf06-cc26xx.a(reed-relay.o)
 .text.configure
                0x0000000000001fac       0x6c contiki-srf06-cc26xx.a(reed-relay.o)
 .text.reed_interrupt_handler
                0x0000000000002018       0x28 contiki-srf06-cc26xx.a(reed-relay.o)
 .text.power_domains_on
                0x0000000000002040       0x20 contiki-srf06-cc26xx.a(board.o)
 .text.lpm_wakeup_handler
                0x0000000000002060        0x4 contiki-srf06-cc26xx.a(board.o)
 .text.shutdown_handler
                0x0000000000002064       0x68 contiki-srf06-cc26xx.a(board.o)
 .text.board_init
                0x00000000000020cc      0x110 contiki-srf06-cc26xx.a(board.o)
                0x00000000000020cc                board_init
 .text.i2c_status
                0x00000000000021dc       0x3c contiki-srf06-cc26xx.a(board-i2c.o)
 .text.board_i2c_wakeup
                0x0000000000002218       0x5c contiki-srf06-cc26xx.a(board-i2c.o)
                0x0000000000002218                board_i2c_wakeup
 .text.board_i2c_shutdown
                0x0000000000002274       0xbc contiki-srf06-cc26xx.a(board-i2c.o)
                0x0000000000002274                board_i2c_shutdown
 .text.board_i2c_write
                0x0000000000002330      0x134 contiki-srf06-cc26xx.a(board-i2c.o)
                0x0000000000002330                board_i2c_write
 .text.board_i2c_write_single
                0x0000000000002464       0x70 contiki-srf06-cc26xx.a(board-i2c.o)
                0x0000000000002464                board_i2c_write_single
 .text.board_i2c_read
                0x00000000000024d4       0xfc contiki-srf06-cc26xx.a(board-i2c.o)
                0x00000000000024d4                board_i2c_read
 .text.board_i2c_write_read
                0x00000000000025d0      0x1a8 contiki-srf06-cc26xx.a(board-i2c.o)
                0x00000000000025d0                board_i2c_write_read
 .text.board_i2c_select
                0x0000000000002778       0xf4 contiki-srf06-cc26xx.a(board-i2c.o)
                0x0000000000002778                board_i2c_select
 .text.power_domain_on
                0x000000000000286c       0x20 contiki-srf06-cc26xx.a(clock.o)
 .text.clock_init
                0x000000000000288c       0x9c contiki-srf06-cc26xx.a(clock.o)
                0x000000000000288c                clock_init
 .text.clock_time
                0x0000000000002928       0x34 contiki-srf06-cc26xx.a(clock.o)
                0x0000000000002928                clock_time
 .text.clock_update
                0x000000000000295c       0x3c contiki-srf06-cc26xx.a(clock.o)
                0x000000000000295c                clock_update
 .text.rtimer_arch_init
                0x0000000000002998        0x4 contiki-srf06-cc26xx.a(rtimer-arch.o)
                0x0000000000002998                rtimer_arch_init
 .text.rtimer_arch_schedule
                0x000000000000299c        0x8 contiki-srf06-cc26xx.a(rtimer-arch.o)
                0x000000000000299c                rtimer_arch_schedule
 .text.rtimer_arch_now
                0x00000000000029a4        0x4 contiki-srf06-cc26xx.a(rtimer-arch.o)
                0x00000000000029a4                rtimer_arch_now
 .text.soc_rtc_init
                0x00000000000029a8       0xa0 contiki-srf06-cc26xx.a(soc-rtc.o)
                0x00000000000029a8                soc_rtc_init
 .text.soc_rtc_schedule_one_shot
                0x0000000000002a48       0x70 contiki-srf06-cc26xx.a(soc-rtc.o)
                0x0000000000002a48                soc_rtc_schedule_one_shot
 .text.soc_rtc_last_isr_time
                0x0000000000002ab8        0xc contiki-srf06-cc26xx.a(soc-rtc.o)
                0x0000000000002ab8                soc_rtc_last_isr_time
 .text.AONRTCIntHandler
                0x0000000000002ac4       0x88 contiki-srf06-cc26xx.a(soc-rtc.o)
                0x0000000000002ac4                AONRTCIntHandler
 .text.watchdog_init
                0x0000000000002b4c       0x1c contiki-srf06-cc26xx.a(contiki-watchdo)
                0x0000000000002b4c                watchdog_init
 .text.watchdog_start
                0x0000000000002b68       0x64 contiki-srf06-cc26xx.a(contiki-watchdo)
                0x0000000000002b68                watchdog_start
 .text.watchdog_periodic
                0x0000000000002bcc       0x1c contiki-srf06-cc26xx.a(contiki-watchdo)
                0x0000000000002bcc                watchdog_periodic
 .text.putchar  0x0000000000002be8       0x10 contiki-srf06-cc26xx.a(putchar.o)
                0x0000000000002be8                putchar
 .text.puts     0x0000000000002bf8       0x30 contiki-srf06-cc26xx.a(putchar.o)
                0x0000000000002bf8                puts
 .text.dbg_send_bytes
                0x0000000000002c28       0x30 contiki-srf06-cc26xx.a(putchar.o)
                0x0000000000002c28                dbg_send_bytes
 .text.ieee_addr_cpy_to
                0x0000000000002c58       0x40 contiki-srf06-cc26xx.a(ieee-addr.o)
                0x0000000000002c58                ieee_addr_cpy_to
 .text.power_and_clock
                0x0000000000002c98       0x40 contiki-srf06-cc26xx.a(cc26xx-uart.o)
 .text.enable   0x0000000000002cd8       0xf0 contiki-srf06-cc26xx.a(cc26xx-uart.o)
 .text.lpm_drop_handler
                0x0000000000002dc8      0x118 contiki-srf06-cc26xx.a(cc26xx-uart.o)
 .text.cc26xx_uart_init
                0x0000000000002ee0       0x28 contiki-srf06-cc26xx.a(cc26xx-uart.o)
                0x0000000000002ee0                cc26xx_uart_init
 .text.cc26xx_uart_write_byte
                0x0000000000002f08       0x40 contiki-srf06-cc26xx.a(cc26xx-uart.o)
                0x0000000000002f08                cc26xx_uart_write_byte
 .text.cc26xx_uart_busy
                0x0000000000002f48       0x38 contiki-srf06-cc26xx.a(cc26xx-uart.o)
                0x0000000000002f48                cc26xx_uart_busy
 .text.UART0IntHandler
                0x0000000000002f80       0x54 contiki-srf06-cc26xx.a(cc26xx-uart.o)
                0x0000000000002f80                UART0IntHandler
 .text.lpm_shutdown
                0x0000000000002fd4      0x198 contiki-srf06-cc26xx.a(lpm.o)
                0x0000000000002fd4                lpm_shutdown
 .text.lpm_sleep
                0x000000000000316c       0x14 contiki-srf06-cc26xx.a(lpm.o)
                0x000000000000316c                lpm_sleep
 .text.lpm_drop
                0x0000000000003180      0x244 contiki-srf06-cc26xx.a(lpm.o)
                0x0000000000003180                lpm_drop
 .text.lpm_register_module
                0x00000000000033c4        0xc contiki-srf06-cc26xx.a(lpm.o)
                0x00000000000033c4                lpm_register_module
 .text.lpm_unregister_module
                0x00000000000033d0        0xc contiki-srf06-cc26xx.a(lpm.o)
                0x00000000000033d0                lpm_unregister_module
 .text.lpm_init
                0x00000000000033dc       0x20 contiki-srf06-cc26xx.a(lpm.o)
                0x00000000000033dc                lpm_init
 .text.lpm_pin_set_default_state
                0x00000000000033fc       0x2c contiki-srf06-cc26xx.a(lpm.o)
                0x00000000000033fc                lpm_pin_set_default_state
 .text.gpio_interrupt_register_handler
                0x0000000000003428       0x2c contiki-srf06-cc26xx.a(gpio-interrupt.)
                0x0000000000003428                gpio_interrupt_register_handler
 .text.gpio_interrupt_init
                0x0000000000003454       0x24 contiki-srf06-cc26xx.a(gpio-interrupt.)
                0x0000000000003454                gpio_interrupt_init
 .text.GPIOIntHandler
                0x0000000000003478       0x30 contiki-srf06-cc26xx.a(gpio-interrupt.)
                0x0000000000003478                GPIOIntHandler
 .text.oscillators_select_lf_xosc
                0x00000000000034a8       0x5c contiki-srf06-cc26xx.a(oscillators.o)
                0x00000000000034a8                oscillators_select_lf_xosc
 .text.oscillators_select_lf_rcosc
                0x0000000000003504       0x48 contiki-srf06-cc26xx.a(oscillators.o)
                0x0000000000003504                oscillators_select_lf_rcosc
 .text.oscillators_request_hf_xosc
                0x000000000000354c       0x30 contiki-srf06-cc26xx.a(oscillators.o)
                0x000000000000354c                oscillators_request_hf_xosc
 .text.oscillators_switch_to_hf_xosc
                0x000000000000357c       0x34 contiki-srf06-cc26xx.a(oscillators.o)
                0x000000000000357c                oscillators_switch_to_hf_xosc
 .text.oscillators_switch_to_hf_rc
                0x00000000000035b0       0x44 contiki-srf06-cc26xx.a(oscillators.o)
                0x00000000000035b0                oscillators_switch_to_hf_rc
 .text.rx_on    0x00000000000035f4       0x68 contiki-srf06-cc26xx.a(ieee-mode.o)
 .text.rf_radio_setup
                0x000000000000365c       0x5c contiki-srf06-cc26xx.a(ieee-mode.o)
 .text.soft_on  0x00000000000036b8       0x18 contiki-srf06-cc26xx.a(ieee-mode.o)
 .text.pending_packet
                0x00000000000036d0       0x48 contiki-srf06-cc26xx.a(ieee-mode.o)
 .text.prepare  0x0000000000003718       0x1c contiki-srf06-cc26xx.a(ieee-mode.o)
 .text.soft_off
                0x0000000000003734       0x44 contiki-srf06-cc26xx.a(ieee-mode.o)
 .text.get_object
                0x0000000000003778       0x44 contiki-srf06-cc26xx.a(ieee-mode.o)
 .text.request  0x00000000000037bc       0x20 contiki-srf06-cc26xx.a(ieee-mode.o)
 .text.transmitting.part.0
                0x00000000000037dc       0x40 contiki-srf06-cc26xx.a(ieee-mode.o)
 .text.rx_off   0x000000000000381c       0x78 contiki-srf06-cc26xx.a(ieee-mode.o)
 .text.set_object
                0x0000000000003894       0x60 contiki-srf06-cc26xx.a(ieee-mode.o)
 .text.get_cca_info
                0x00000000000038f4       0x50 contiki-srf06-cc26xx.a(ieee-mode.o)
 .text.check_rat_overflow
                0x0000000000003944       0x88 contiki-srf06-cc26xx.a(ieee-mode.o)
 .text.receiving_packet
                0x00000000000039cc       0x3c contiki-srf06-cc26xx.a(ieee-mode.o)
 .text.off.part.0
                0x0000000000003a08       0x68 contiki-srf06-cc26xx.a(ieee-mode.o)
 .text.off      0x0000000000003a70       0x14 contiki-srf06-cc26xx.a(ieee-mode.o)
 .text.on       0x0000000000003a84       0xa4 contiki-srf06-cc26xx.a(ieee-mode.o)
 .text.set_value
                0x0000000000003b28      0x16c contiki-srf06-cc26xx.a(ieee-mode.o)
 .text.get_value
                0x0000000000003c94      0x190 contiki-srf06-cc26xx.a(ieee-mode.o)
 .text.transmit
                0x0000000000003e24      0x100 contiki-srf06-cc26xx.a(ieee-mode.o)
 .text.send     0x0000000000003f24       0x24 contiki-srf06-cc26xx.a(ieee-mode.o)
 .text.channel_clear
                0x0000000000003f48       0x80 contiki-srf06-cc26xx.a(ieee-mode.o)
 .text.read_frame
                0x0000000000003fc8      0x18c contiki-srf06-cc26xx.a(ieee-mode.o)
 .text.handle_rat_overflow
                0x0000000000004154       0x68 contiki-srf06-cc26xx.a(ieee-mode.o)
 .text.init     0x00000000000041bc       0xfc contiki-srf06-cc26xx.a(ieee-mode.o)
 .text.random_rand
                0x00000000000042b8        0xc contiki-srf06-cc26xx.a(random.o)
                0x00000000000042b8                random_rand
 .text.random_init
                0x00000000000042c4        0x4 contiki-srf06-cc26xx.a(random.o)
                0x00000000000042c4                random_init
 .text.power_up
                0x00000000000042c8       0x40 contiki-srf06-cc26xx.a(soc-trng.o)
 .text.request  0x0000000000004308       0x14 contiki-srf06-cc26xx.a(soc-trng.o)
 .text.process_thread_soc_trng_process
                0x000000000000431c       0x94 contiki-srf06-cc26xx.a(soc-trng.o)
 .text.accessible
                0x00000000000043b0       0x24 contiki-srf06-cc26xx.a(soc-trng.o)
 .text.soc_trng_rand_synchronous
                0x00000000000043d4       0xc4 contiki-srf06-cc26xx.a(soc-trng.o)
                0x00000000000043d4                soc_trng_rand_synchronous
 .text.TRNGIntHandler
                0x0000000000004498       0x50 contiki-srf06-cc26xx.a(soc-trng.o)
                0x0000000000004498                TRNGIntHandler
 .text.soc_trng_init
                0x00000000000044e8       0x28 contiki-srf06-cc26xx.a(soc-trng.o)
                0x00000000000044e8                soc_trng_init
 .text.write_str
                0x0000000000004510       0x14 contiki-srf06-cc26xx.a(dbg-printf.o)
 .text.printf   0x0000000000004524       0x24 contiki-srf06-cc26xx.a(dbg-printf.o)
                0x0000000000004524                printf
 .text.fill_space.isra.0
                0x0000000000004548       0x44 contiki-srf06-cc26xx.a(strformat.o)
 .text.format_str_v
                0x000000000000458c      0xaa4 contiki-srf06-cc26xx.a(strformat.o)
                0x000000000000458c                format_str_v
 .text.autostart_start
                0x0000000000005030       0x18 contiki-srf06-cc26xx.a(autostart.o)
                0x0000000000005030                autostart_start
 .text.process_thread_ctimer_process
                0x0000000000005048       0x94 contiki-srf06-cc26xx.a(ctimer.o)
 .text.ctimer_init
                0x00000000000050dc       0x28 contiki-srf06-cc26xx.a(ctimer.o)
                0x00000000000050dc                ctimer_init
 .text.ctimer_set_with_process
                0x0000000000005104       0x4c contiki-srf06-cc26xx.a(ctimer.o)
                0x0000000000005104                ctimer_set_with_process
 .text.ctimer_set
                0x0000000000005150       0x18 contiki-srf06-cc26xx.a(ctimer.o)
                0x0000000000005150                ctimer_set
 .text.ctimer_stop
                0x0000000000005168       0x34 contiki-srf06-cc26xx.a(ctimer.o)
                0x0000000000005168                ctimer_stop
 .text.energest_init
                0x000000000000519c        0x4 contiki-srf06-cc26xx.a(energest.o)
                0x000000000000519c                energest_init
 .text.update_time.part.0
                0x00000000000051a0       0x3c contiki-srf06-cc26xx.a(etimer.o)
 .text.process_thread_etimer_process
                0x00000000000051dc       0xd4 contiki-srf06-cc26xx.a(etimer.o)
 .text.add_timer
                0x00000000000052b0       0x54 contiki-srf06-cc26xx.a(etimer.o)
 .text.etimer_request_poll
                0x0000000000005304        0xc contiki-srf06-cc26xx.a(etimer.o)
                0x0000000000005304                etimer_request_poll
 .text.etimer_set
                0x0000000000005310       0x14 contiki-srf06-cc26xx.a(etimer.o)
                0x0000000000005310                etimer_set
 .text.etimer_pending
                0x0000000000005324       0x10 contiki-srf06-cc26xx.a(etimer.o)
                0x0000000000005324                etimer_pending
 .text.etimer_next_expiration_time
                0x0000000000005334       0x14 contiki-srf06-cc26xx.a(etimer.o)
                0x0000000000005334                etimer_next_expiration_time
 .text.etimer_stop
                0x0000000000005348       0x54 contiki-srf06-cc26xx.a(etimer.o)
                0x0000000000005348                etimer_stop
 .text.exit_process
                0x000000000000539c       0xa8 contiki-srf06-cc26xx.a(process.o)
 .text.call_process.part.0
                0x0000000000005444       0x3c contiki-srf06-cc26xx.a(process.o)
 .text.do_poll  0x0000000000005480       0x38 contiki-srf06-cc26xx.a(process.o)
 .text.process_alloc_event
                0x00000000000054b8       0x10 contiki-srf06-cc26xx.a(process.o)
                0x00000000000054b8                process_alloc_event
 .text.process_start
                0x00000000000054c8       0x44 contiki-srf06-cc26xx.a(process.o)
                0x00000000000054c8                process_start
 .text.process_init
                0x000000000000550c       0x34 contiki-srf06-cc26xx.a(process.o)
                0x000000000000550c                process_init
 .text.process_run
                0x0000000000005540       0xa4 contiki-srf06-cc26xx.a(process.o)
                0x0000000000005540                process_run
 .text.process_nevents
                0x00000000000055e4       0x14 contiki-srf06-cc26xx.a(process.o)
                0x00000000000055e4                process_nevents
 .text.process_post
                0x00000000000055f8       0x44 contiki-srf06-cc26xx.a(process.o)
                0x00000000000055f8                process_post
 .text.process_poll
                0x000000000000563c       0x1c contiki-srf06-cc26xx.a(process.o)
                0x000000000000563c                process_poll
 .text.rtimer_init
                0x0000000000005658        0x4 contiki-srf06-cc26xx.a(rtimer.o)
                0x0000000000005658                rtimer_init
 .text.rtimer_set
                0x000000000000565c       0x28 contiki-srf06-cc26xx.a(rtimer.o)
                0x000000000000565c                rtimer_set
 .text.rtimer_run_next
                0x0000000000005684       0x28 contiki-srf06-cc26xx.a(rtimer.o)
                0x0000000000005684                rtimer_run_next
 .text.timer_set
                0x00000000000056ac       0x10 contiki-srf06-cc26xx.a(timer.o)
                0x00000000000056ac                timer_set
 .text.timer_expired
                0x00000000000056bc       0x1c contiki-srf06-cc26xx.a(timer.o)
                0x00000000000056bc                timer_expired
 .text.process_thread_serial_line_process
                0x00000000000056d8       0xa4 contiki-srf06-cc26xx.a(serial-line.o)
 .text.serial_line_init
                0x000000000000577c       0x24 contiki-srf06-cc26xx.a(serial-line.o)
                0x000000000000577c                serial_line_init
 .text.list_init
                0x00000000000057a0        0x8 contiki-srf06-cc26xx.a(list.o)
                0x00000000000057a0                list_init
 .text.list_head
                0x00000000000057a8        0x4 contiki-srf06-cc26xx.a(list.o)
                0x00000000000057a8                list_head
 .text.list_add
                0x00000000000057ac       0x5c contiki-srf06-cc26xx.a(list.o)
                0x00000000000057ac                list_add
 .text.list_push
                0x0000000000005808       0x3c contiki-srf06-cc26xx.a(list.o)
                0x0000000000005808                list_push
 .text.list_remove
                0x0000000000005844       0x30 contiki-srf06-cc26xx.a(list.o)
                0x0000000000005844                list_remove
 .text.list_length
                0x0000000000005874       0x14 contiki-srf06-cc26xx.a(list.o)
                0x0000000000005874                list_length
 .text.list_item_next
                0x0000000000005888        0x8 contiki-srf06-cc26xx.a(list.o)
                0x0000000000005888                list_item_next
 .text.ringbuf_init
                0x0000000000005890       0x10 contiki-srf06-cc26xx.a(ringbuf.o)
                0x0000000000005890                ringbuf_init
 .text.ringbuf_get
                0x00000000000058a0       0x24 contiki-srf06-cc26xx.a(ringbuf.o)
                0x00000000000058a0                ringbuf_get
 .text.packet_sent
                0x00000000000058c4       0x38 contiki-srf06-cc26xx.a(rime.o)
 .text.input    0x00000000000058fc       0x38 contiki-srf06-cc26xx.a(rime.o)
 .text.init     0x0000000000005934       0x28 contiki-srf06-cc26xx.a(rime.o)
 .text.rime_output
                0x000000000000595c       0x28 contiki-srf06-cc26xx.a(rime.o)
                0x000000000000595c                rime_output
 .text.sent_by_broadcast
                0x0000000000005984        0xc contiki-srf06-cc26xx.a(unicast.o)
 .text.recv_from_broadcast
                0x0000000000005990       0x2c contiki-srf06-cc26xx.a(unicast.o)
 .text.unicast_open
                0x00000000000059bc       0x24 contiki-srf06-cc26xx.a(unicast.o)
                0x00000000000059bc                unicast_open
 .text.unicast_close
                0x00000000000059e0        0x4 contiki-srf06-cc26xx.a(unicast.o)
                0x00000000000059e0                unicast_close
 .text.SafeHapiVoid
                0x00000000000059e4       0x28 contiki-srf06-cc26xx.a(adi.o)
                0x00000000000059e4                SafeHapiVoid
 .text.NOROM_AONRTCCurrentCompareValueGet
                0x0000000000005a0c       0x24 contiki-srf06-cc26xx.a(aon_rtc.o)
                0x0000000000005a0c                NOROM_AONRTCCurrentCompareValueGet
 .text.NOROM_ChipInfo_GetSupportedProtocol_BV
                0x0000000000005a30       0x10 contiki-srf06-cc26xx.a(chipinfo.o)
                0x0000000000005a30                NOROM_ChipInfo_GetSupportedProtocol_BV
 .text.NOROM_ChipInfo_GetChipFamily
                0x0000000000005a40       0x4c contiki-srf06-cc26xx.a(chipinfo.o)
                0x0000000000005a40                NOROM_ChipInfo_GetChipFamily
 .text.NOROM_ChipInfo_GetChipType
                0x0000000000005a8c       0x50 contiki-srf06-cc26xx.a(chipinfo.o)
                0x0000000000005a8c                NOROM_ChipInfo_GetChipType
 .text.NOROM_ChipInfo_GetHwRevision
                0x0000000000005adc       0x74 contiki-srf06-cc26xx.a(chipinfo.o)
                0x0000000000005adc                NOROM_ChipInfo_GetHwRevision
 .text.NOROM_ThisCodeIsBuiltForCC26xxHwRev22AndLater_HaltIfViolated
                0x0000000000005b50       0x14 contiki-srf06-cc26xx.a(chipinfo.o)
                0x0000000000005b50                NOROM_ThisCodeIsBuiltForCC26xxHwRev22AndLater_HaltIfViolated
 .text.NOROM_CPUcpsid
                0x0000000000005b64        0x8 contiki-srf06-cc26xx.a(cpu.o)
                0x0000000000005b64                NOROM_CPUcpsid
 .text.NOROM_CPUcpsie
                0x0000000000005b6c        0x8 contiki-srf06-cc26xx.a(cpu.o)
                0x0000000000005b6c                NOROM_CPUcpsie
 .text.NOROM_CPUdelay
                0x0000000000005b74        0x8 contiki-srf06-cc26xx.a(cpu.o)
                0x0000000000005b74                NOROM_CPUdelay
 .text.NOROM_DDI32RegWrite
                0x0000000000005b7c       0x2c contiki-srf06-cc26xx.a(ddi.o)
                0x0000000000005b7c                NOROM_DDI32RegWrite
 .text.NOROM_DDI16BitfieldWrite
                0x0000000000005ba8       0x48 contiki-srf06-cc26xx.a(ddi.o)
                0x0000000000005ba8                NOROM_DDI16BitfieldWrite
 .text.NOROM_DDI16BitfieldRead
                0x0000000000005bf0       0x48 contiki-srf06-cc26xx.a(ddi.o)
                0x0000000000005bf0                NOROM_DDI16BitfieldRead
 .text.NOROM_OSCClockSourceSet
                0x0000000000005c38       0x58 contiki-srf06-cc26xx.a(osc.o)
                0x0000000000005c38                NOROM_OSCClockSourceSet
 .text.NOROM_OSCClockSourceGet
                0x0000000000005c90       0x20 contiki-srf06-cc26xx.a(osc.o)
                0x0000000000005c90                NOROM_OSCClockSourceGet
 .text.NOROM_PowerCtrlSourceSet
                0x0000000000005cb0       0x30 contiki-srf06-cc26xx.a(pwr_ctrl.o)
                0x0000000000005cb0                NOROM_PowerCtrlSourceSet
 .text.TrimAfterColdResetWakeupFromShutDown
                0x0000000000005ce0       0xec contiki-srf06-cc26xx.a(setup.o)
 .text.NOROM_SetupTrimDevice
                0x0000000000005dcc       0xa0 contiki-srf06-cc26xx.a(setup.o)
                0x0000000000005dcc                NOROM_SetupTrimDevice
 .text.NOROM_SetupGetTrimForXoscHfCtl.part.0
                0x0000000000005e6c       0x20 contiki-srf06-cc26xx.a(setup_rom.o)
 .text.NOROM_SetupGetTrimForRadcExtCfg.part.0
                0x0000000000005e8c       0x1c contiki-srf06-cc26xx.a(setup_rom.o)
 .text.NOROM_SetupAfterColdResetWakeupFromShutDownCfg1
                0x0000000000005ea8       0x74 contiki-srf06-cc26xx.a(setup_rom.o)
                0x0000000000005ea8                NOROM_SetupAfterColdResetWakeupFromShutDownCfg1
 .text.NOROM_SetupAfterColdResetWakeupFromShutDownCfg3
                0x0000000000005f1c      0x1ac contiki-srf06-cc26xx.a(setup_rom.o)
                0x0000000000005f1c                NOROM_SetupAfterColdResetWakeupFromShutDownCfg3
 .text.NOROM_SetupGetTrimForAnabypassValue1
                0x00000000000060c8       0x64 contiki-srf06-cc26xx.a(setup_rom.o)
                0x00000000000060c8                NOROM_SetupGetTrimForAnabypassValue1
 .text.NOROM_SetupGetTrimForAmpcompCtrl
                0x000000000000612c       0x58 contiki-srf06-cc26xx.a(setup_rom.o)
                0x000000000000612c                NOROM_SetupGetTrimForAmpcompCtrl
 .text.NOROM_SetupAfterColdResetWakeupFromShutDownCfg2
                0x0000000000006184      0x190 contiki-srf06-cc26xx.a(setup_rom.o)
                0x0000000000006184                NOROM_SetupAfterColdResetWakeupFromShutDownCfg2
 .text.NOROM_SetupSetCacheModeAccordingToCcfgSetting
                0x0000000000006314       0x6c contiki-srf06-cc26xx.a(setup_rom.o)
                0x0000000000006314                NOROM_SetupSetCacheModeAccordingToCcfgSetting
 .text.NOROM_SysCtrlSetRechargeBeforePowerDown
                0x0000000000006380      0x248 contiki-srf06-cc26xx.a(sys_ctrl.o)
                0x0000000000006380                NOROM_SysCtrlSetRechargeBeforePowerDown
 .text.NOROM_SysCtrlAdjustRechargeAfterPowerDown
                0x00000000000065c8       0x64 contiki-srf06-cc26xx.a(sys_ctrl.o)
                0x00000000000065c8                NOROM_SysCtrlAdjustRechargeAfterPowerDown
 .text.NOROM_SysCtrl_DCDC_VoltageConditionalControl
                0x000000000000662c       0x7c contiki-srf06-cc26xx.a(sys_ctrl.o)
                0x000000000000662c                NOROM_SysCtrl_DCDC_VoltageConditionalControl
 .text.NOROM_TRNGConfigure
                0x00000000000066a8       0x3c contiki-srf06-cc26xx.a(trng.o)
                0x00000000000066a8                NOROM_TRNGConfigure
 .text.linkaddr_copy
                0x00000000000066e4        0x8 contiki-srf06-cc26xx.a(linkaddr.o)
                0x00000000000066e4                linkaddr_copy
 .text.linkaddr_cmp
                0x00000000000066ec       0x20 contiki-srf06-cc26xx.a(linkaddr.o)
                0x00000000000066ec                linkaddr_cmp
 .text.netstack_init
                0x000000000000670c       0x38 contiki-srf06-cc26xx.a(netstack.o)
                0x000000000000670c                netstack_init
 .text.packetbuf_compact
                0x0000000000006744       0x48 contiki-srf06-cc26xx.a(packetbuf.o)
                0x0000000000006744                packetbuf_compact
 .text.packetbuf_copyto
                0x000000000000678c       0x54 contiki-srf06-cc26xx.a(packetbuf.o)
                0x000000000000678c                packetbuf_copyto
 .text.packetbuf_hdralloc
                0x00000000000067e0       0x60 contiki-srf06-cc26xx.a(packetbuf.o)
                0x00000000000067e0                packetbuf_hdralloc
 .text.packetbuf_hdrreduce
                0x0000000000006840       0x2c contiki-srf06-cc26xx.a(packetbuf.o)
                0x0000000000006840                packetbuf_hdrreduce
 .text.packetbuf_set_datalen
                0x000000000000686c        0xc contiki-srf06-cc26xx.a(packetbuf.o)
                0x000000000000686c                packetbuf_set_datalen
 .text.packetbuf_dataptr
                0x0000000000006878       0x20 contiki-srf06-cc26xx.a(packetbuf.o)
                0x0000000000006878                packetbuf_dataptr
 .text.packetbuf_hdrptr
                0x0000000000006898        0x8 contiki-srf06-cc26xx.a(packetbuf.o)
                0x0000000000006898                packetbuf_hdrptr
 .text.packetbuf_datalen
                0x00000000000068a0        0xc contiki-srf06-cc26xx.a(packetbuf.o)
                0x00000000000068a0                packetbuf_datalen
 .text.packetbuf_totlen
                0x00000000000068ac       0x24 contiki-srf06-cc26xx.a(packetbuf.o)
                0x00000000000068ac                packetbuf_totlen
 .text.packetbuf_attr_clear
                0x00000000000068d0       0x40 contiki-srf06-cc26xx.a(packetbuf.o)
                0x00000000000068d0                packetbuf_attr_clear
 .text.packetbuf_clear
                0x0000000000006910       0x20 contiki-srf06-cc26xx.a(packetbuf.o)
                0x0000000000006910                packetbuf_clear
 .text.packetbuf_copyfrom
                0x0000000000006930       0x40 contiki-srf06-cc26xx.a(packetbuf.o)
                0x0000000000006930                packetbuf_copyfrom
 .text.packetbuf_attr_copyto
                0x0000000000006970       0x3c contiki-srf06-cc26xx.a(packetbuf.o)
                0x0000000000006970                packetbuf_attr_copyto
 .text.packetbuf_attr_copyfrom
                0x00000000000069ac       0x3c contiki-srf06-cc26xx.a(packetbuf.o)
                0x00000000000069ac                packetbuf_attr_copyfrom
 .text.packetbuf_set_attr
                0x00000000000069e8       0x10 contiki-srf06-cc26xx.a(packetbuf.o)
                0x00000000000069e8                packetbuf_set_attr
 .text.packetbuf_attr
                0x00000000000069f8        0xc contiki-srf06-cc26xx.a(packetbuf.o)
                0x00000000000069f8                packetbuf_attr
 .text.packetbuf_set_addr
                0x0000000000006a04       0x18 contiki-srf06-cc26xx.a(packetbuf.o)
                0x0000000000006a04                packetbuf_set_addr
 .text.packetbuf_addr
                0x0000000000006a1c       0x10 contiki-srf06-cc26xx.a(packetbuf.o)
                0x0000000000006a1c                packetbuf_addr
 .text.packetbuf_holds_broadcast
                0x0000000000006a2c       0x10 contiki-srf06-cc26xx.a(packetbuf.o)
                0x0000000000006a2c                packetbuf_holds_broadcast
 .text.queuebuf_init
                0x0000000000006a3c       0x1c contiki-srf06-cc26xx.a(queuebuf.o)
                0x0000000000006a3c                queuebuf_init
 .text.queuebuf_new_from_packetbuf
                0x0000000000006a58       0x44 contiki-srf06-cc26xx.a(queuebuf.o)
                0x0000000000006a58                queuebuf_new_from_packetbuf
 .text.queuebuf_update_attr_from_packetbuf
                0x0000000000006a9c        0xc contiki-srf06-cc26xx.a(queuebuf.o)
                0x0000000000006a9c                queuebuf_update_attr_from_packetbuf
 .text.queuebuf_update_from_packetbuf
                0x0000000000006aa8       0x1c contiki-srf06-cc26xx.a(queuebuf.o)
                0x0000000000006aa8                queuebuf_update_from_packetbuf
 .text.queuebuf_free
                0x0000000000006ac4       0x2c contiki-srf06-cc26xx.a(queuebuf.o)
                0x0000000000006ac4                queuebuf_free
 .text.queuebuf_to_packetbuf
                0x0000000000006af0       0x30 contiki-srf06-cc26xx.a(queuebuf.o)
                0x0000000000006af0                queuebuf_to_packetbuf
 .text.queuebuf_attr
                0x0000000000006b20        0xc contiki-srf06-cc26xx.a(queuebuf.o)
                0x0000000000006b20                queuebuf_attr
 .text.input_packet
                0x0000000000006b2c        0xc contiki-srf06-cc26xx.a(csma.o)
 .text.on       0x0000000000006b38        0xc contiki-srf06-cc26xx.a(csma.o)
 .text.off      0x0000000000006b44        0xc contiki-srf06-cc26xx.a(csma.o)
 .text.channel_check_interval
                0x0000000000006b50       0x10 contiki-srf06-cc26xx.a(csma.o)
 .text.schedule_transmission
                0x0000000000006b60       0x50 contiki-srf06-cc26xx.a(csma.o)
 .text.send_packet
                0x0000000000006bb0      0x15c contiki-srf06-cc26xx.a(csma.o)
 .text.init     0x0000000000006d0c       0x24 contiki-srf06-cc26xx.a(csma.o)
 .text.transmit_packet_list
                0x0000000000006d30       0x34 contiki-srf06-cc26xx.a(csma.o)
 .text.tx_done  0x0000000000006d64       0x8c contiki-srf06-cc26xx.a(csma.o)
 .text.packet_sent
                0x0000000000006df0       0xec contiki-srf06-cc26xx.a(csma.o)
 .text.mac_call_sent_callback
                0x0000000000006edc       0x14 contiki-srf06-cc26xx.a(mac.o)
                0x0000000000006edc                mac_call_sent_callback
 .text.duty_cycle
                0x0000000000006ef0        0x4 contiki-srf06-cc26xx.a(contikimac.o)
 .text.init     0x0000000000006ef4       0x40 contiki-srf06-cc26xx.a(contikimac.o)
 .text.on.part.0
                0x0000000000006f34       0x14 contiki-srf06-cc26xx.a(contikimac.o)
 .text.off      0x0000000000006f48       0x38 contiki-srf06-cc26xx.a(contikimac.o)
 .text.recv_burst_off
                0x0000000000006f80       0x14 contiki-srf06-cc26xx.a(contikimac.o)
 .text.powercycle_turn_radio_off.part.0
                0x0000000000006f94       0x10 contiki-srf06-cc26xx.a(contikimac.o)
 .text.turn_off
                0x0000000000006fa4       0x48 contiki-srf06-cc26xx.a(contikimac.o)
 .text.turn_on  0x0000000000006fec       0x44 contiki-srf06-cc26xx.a(contikimac.o)
 .text.schedule_powercycle_fixed.part.0
                0x0000000000007030       0x30 contiki-srf06-cc26xx.a(contikimac.o)
 .text.input_packet
                0x0000000000007060       0xc0 contiki-srf06-cc26xx.a(contikimac.o)
 .text.send_packet.isra.0
                0x0000000000007120      0x260 contiki-srf06-cc26xx.a(contikimac.o)
 .text.qsend_packet
                0x0000000000007380       0x24 contiki-srf06-cc26xx.a(contikimac.o)
 .text.qsend_list
                0x00000000000073a4       0xf4 contiki-srf06-cc26xx.a(contikimac.o)
 .text.powercycle_wrapper
                0x0000000000007498      0x284 contiki-srf06-cc26xx.a(contikimac.o)
 .text.init     0x000000000000771c        0x4 contiki-srf06-cc26xx.a(nullsec.o)
 .text.input    0x0000000000007720        0xc contiki-srf06-cc26xx.a(nullsec.o)
 .text.send     0x000000000000772c       0x20 contiki-srf06-cc26xx.a(nullsec.o)
 .text.sensor_common_read_reg
                0x000000000000774c       0x1c contiki-srf06-cc26xx.a(sensor-common.o)
                0x000000000000774c                sensor_common_read_reg
 .text.sensor_common_write_reg
                0x0000000000007768       0x38 contiki-srf06-cc26xx.a(sensor-common.o)
                0x0000000000007768                sensor_common_write_reg
 .text.sensor_common_set_error_data
                0x00000000000077a0       0x18 contiki-srf06-cc26xx.a(sensor-common.o)
                0x00000000000077a0                sensor_common_set_error_data
 .text.verify_part
                0x00000000000077b8       0x80 contiki-srf06-cc26xx.a(ext-flash.o)
 .text.wait_ready
                0x0000000000007838       0x54 contiki-srf06-cc26xx.a(ext-flash.o)
 .text.power_down
                0x000000000000788c       0x50 contiki-srf06-cc26xx.a(ext-flash.o)
 .text.ext_flash_open
                0x00000000000078dc       0x68 contiki-srf06-cc26xx.a(ext-flash.o)
                0x00000000000078dc                ext_flash_open
 .text.ext_flash_init
                0x0000000000007944       0x14 contiki-srf06-cc26xx.a(ext-flash.o)
                0x0000000000007944                ext_flash_init
 .text.buzzer_init
                0x0000000000007958        0xc contiki-srf06-cc26xx.a(buzzer.o)
                0x0000000000007958                buzzer_init
 .text.buzzer_stop
                0x0000000000007964       0x74 contiki-srf06-cc26xx.a(buzzer.o)
                0x0000000000007964                buzzer_stop
 .text.board_spi_write
                0x00000000000079d8       0x60 contiki-srf06-cc26xx.a(board-spi.o)
                0x00000000000079d8                board_spi_write
 .text.board_spi_read
                0x0000000000007a38       0x64 contiki-srf06-cc26xx.a(board-spi.o)
                0x0000000000007a38                board_spi_read
 .text.board_spi_flush
                0x0000000000007a9c       0x3c contiki-srf06-cc26xx.a(board-spi.o)
                0x0000000000007a9c                board_spi_flush
 .text.board_spi_open
                0x0000000000007ad8       0xbc contiki-srf06-cc26xx.a(board-spi.o)
                0x0000000000007ad8                board_spi_open
 .text.board_spi_close
                0x0000000000007b94       0x70 contiki-srf06-cc26xx.a(board-spi.o)
                0x0000000000007b94                board_spi_close
 .text.aux_ctrl_power_up
                0x0000000000007c04       0x28 contiki-srf06-cc26xx.a(aux-ctrl.o)
                0x0000000000007c04                aux_ctrl_power_up
 .text.aux_ctrl_register_consumer
                0x0000000000007c2c       0x40 contiki-srf06-cc26xx.a(aux-ctrl.o)
                0x0000000000007c2c                aux_ctrl_register_consumer
 .text.aux_ctrl_power_down
                0x0000000000007c6c       0x6c contiki-srf06-cc26xx.a(aux-ctrl.o)
                0x0000000000007c6c                aux_ctrl_power_down
 .text.aux_ctrl_unregister_consumer
                0x0000000000007cd8       0x28 contiki-srf06-cc26xx.a(aux-ctrl.o)
                0x0000000000007cd8                aux_ctrl_unregister_consumer
 .text.process_thread_rf_core_process
                0x0000000000007d00       0x58 contiki-srf06-cc26xx.a(rf-core.o)
 .text.rf_core_is_accessible
                0x0000000000007d58       0x10 contiki-srf06-cc26xx.a(rf-core.o)
                0x0000000000007d58                rf_core_is_accessible
 .text.rf_core_send_cmd
                0x0000000000007d68       0x94 contiki-srf06-cc26xx.a(rf-core.o)
                0x0000000000007d68                rf_core_send_cmd
 .text.rf_core_wait_cmd_done
                0x0000000000007dfc       0x2c contiki-srf06-cc26xx.a(rf-core.o)
                0x0000000000007dfc                rf_core_wait_cmd_done
 .text.rf_core_power_up
                0x0000000000007e28       0xcc contiki-srf06-cc26xx.a(rf-core.o)
                0x0000000000007e28                rf_core_power_up
 .text.rf_core_start_rat
                0x0000000000007ef4       0x68 contiki-srf06-cc26xx.a(rf-core.o)
                0x0000000000007ef4                rf_core_start_rat
 .text.rf_core_stop_rat
                0x0000000000007f5c       0x7c contiki-srf06-cc26xx.a(rf-core.o)
                0x0000000000007f5c                rf_core_stop_rat
 .text.rf_core_power_down
                0x0000000000007fd8       0xf0 contiki-srf06-cc26xx.a(rf-core.o)
                0x0000000000007fd8                rf_core_power_down
 .text.rf_core_set_modesel
                0x00000000000080c8       0x44 contiki-srf06-cc26xx.a(rf-core.o)
                0x00000000000080c8                rf_core_set_modesel
 .text.rf_core_boot
                0x000000000000810c       0x1c contiki-srf06-cc26xx.a(rf-core.o)
                0x000000000000810c                rf_core_boot
 .text.rf_core_restart_rat
                0x0000000000008128       0x18 contiki-srf06-cc26xx.a(rf-core.o)
                0x0000000000008128                rf_core_restart_rat
 .text.rf_core_setup_interrupts
                0x0000000000008140       0x70 contiki-srf06-cc26xx.a(rf-core.o)
                0x0000000000008140                rf_core_setup_interrupts
 .text.rf_core_cmd_done_en
                0x00000000000081b0       0x28 contiki-srf06-cc26xx.a(rf-core.o)
                0x00000000000081b0                rf_core_cmd_done_en
 .text.rf_core_cmd_done_dis
                0x00000000000081d8       0x18 contiki-srf06-cc26xx.a(rf-core.o)
                0x00000000000081d8                rf_core_cmd_done_dis
 .text.rf_core_get_last_radio_op
                0x00000000000081f0        0xc contiki-srf06-cc26xx.a(rf-core.o)
                0x00000000000081f0                rf_core_get_last_radio_op
 .text.rf_core_init_radio_op
                0x00000000000081fc       0x1c contiki-srf06-cc26xx.a(rf-core.o)
                0x00000000000081fc                rf_core_init_radio_op
 .text.rf_core_primary_mode_register
                0x0000000000008218        0xc contiki-srf06-cc26xx.a(rf-core.o)
                0x0000000000008218                rf_core_primary_mode_register
 .text.RFCCPE1IntHandler
                0x0000000000008224       0x28 contiki-srf06-cc26xx.a(rf-core.o)
                0x0000000000008224                RFCCPE1IntHandler
 .text.RFCCPE0IntHandler
                0x000000000000824c       0x5c contiki-srf06-cc26xx.a(rf-core.o)
                0x000000000000824c                RFCCPE0IntHandler
 .text.rf_ble_is_active
                0x00000000000082a8        0xc contiki-srf06-cc26xx.a(rf-ble.o)
                0x00000000000082a8                rf_ble_is_active
 .text.memb_init
                0x00000000000082b4       0x24 contiki-srf06-cc26xx.a(memb.o)
                0x00000000000082b4                memb_init
 .text.memb_alloc
                0x00000000000082d8       0x38 contiki-srf06-cc26xx.a(memb.o)
                0x00000000000082d8                memb_alloc
 .text.memb_free
                0x0000000000008310       0x3c contiki-srf06-cc26xx.a(memb.o)
                0x0000000000008310                memb_free
 .text.memb_inmemb
                0x000000000000834c       0x1c contiki-srf06-cc26xx.a(memb.o)
                0x000000000000834c                memb_inmemb
 .text.abc_open
                0x0000000000008368       0x20 contiki-srf06-cc26xx.a(abc.o)
                0x0000000000008368                abc_open
 .text.abc_close
                0x0000000000008388        0x4 contiki-srf06-cc26xx.a(abc.o)
                0x0000000000008388                abc_close
 .text.abc_send
                0x000000000000838c        0x4 contiki-srf06-cc26xx.a(abc.o)
                0x000000000000838c                abc_send
 .text.abc_input
                0x0000000000008390        0xc contiki-srf06-cc26xx.a(abc.o)
                0x0000000000008390                abc_input
 .text.abc_sent
                0x000000000000839c        0xc contiki-srf06-cc26xx.a(abc.o)
                0x000000000000839c                abc_sent
 .text.announcement_init
                0x00000000000083a8        0xc contiki-srf06-cc26xx.a(announcement.o)
                0x00000000000083a8                announcement_init
 .text.announcement_register_observer_callback
                0x00000000000083b4        0xc contiki-srf06-cc26xx.a(announcement.o)
                0x00000000000083b4                announcement_register_observer_callback
 .text.announcement_list
                0x00000000000083c0        0xc contiki-srf06-cc26xx.a(announcement.o)
                0x00000000000083c0                announcement_list
 .text.announcement_heard
                0x00000000000083cc       0x3c contiki-srf06-cc26xx.a(announcement.o)
                0x00000000000083cc                announcement_heard
 .text.adv_packet_sent
                0x0000000000008408        0x4 contiki-srf06-cc26xx.a(broadcast-annou)
 .text.set_timers
                0x000000000000840c       0x40 contiki-srf06-cc26xx.a(broadcast-annou)
 .text.send_timer
                0x000000000000844c       0x18 contiki-srf06-cc26xx.a(broadcast-annou)
 .text.send_adv
                0x0000000000008464       0x58 contiki-srf06-cc26xx.a(broadcast-annou)
 .text.adv_packet_received
                0x00000000000084bc       0x40 contiki-srf06-cc26xx.a(broadcast-annou)
 .text.new_announcement
                0x00000000000084fc       0x18 contiki-srf06-cc26xx.a(broadcast-annou)
 .text.broadcast_announcement_init
                0x0000000000008514       0x30 contiki-srf06-cc26xx.a(broadcast-annou)
                0x0000000000008514                broadcast_announcement_init
 .text.sent_by_abc
                0x0000000000008544        0xc contiki-srf06-cc26xx.a(broadcast.o)
 .text.recv_from_abc
                0x0000000000008550       0x24 contiki-srf06-cc26xx.a(broadcast.o)
 .text.broadcast_open
                0x0000000000008574       0x24 contiki-srf06-cc26xx.a(broadcast.o)
                0x0000000000008574                broadcast_open
 .text.broadcast_close
                0x0000000000008598        0x4 contiki-srf06-cc26xx.a(broadcast.o)
                0x0000000000008598                broadcast_close
 .text.broadcast_send
                0x000000000000859c       0x1c contiki-srf06-cc26xx.a(broadcast.o)
                0x000000000000859c                broadcast_send
 .text.chameleon_init
                0x00000000000085b8        0x4 contiki-srf06-cc26xx.a(chameleon.o)
                0x00000000000085b8                chameleon_init
 .text.chameleon_parse
                0x00000000000085bc       0x1c contiki-srf06-cc26xx.a(chameleon.o)
                0x00000000000085bc                chameleon_parse
 .text.chameleon_create
                0x00000000000085d8       0x20 contiki-srf06-cc26xx.a(chameleon.o)
                0x00000000000085d8                chameleon_create
 .text.chameleon_hdrsize
                0x00000000000085f8        0xc contiki-srf06-cc26xx.a(chameleon.o)
                0x00000000000085f8                chameleon_hdrsize
 .text.channel_init
                0x0000000000008604        0xc contiki-srf06-cc26xx.a(channel.o)
                0x0000000000008604                channel_init
 .text.channel_open
                0x0000000000008610       0x10 contiki-srf06-cc26xx.a(channel.o)
                0x0000000000008610                channel_open
 .text.channel_close
                0x0000000000008620        0xc contiki-srf06-cc26xx.a(channel.o)
                0x0000000000008620                channel_close
 .text.channel_lookup
                0x000000000000862c       0x24 contiki-srf06-cc26xx.a(channel.o)
                0x000000000000862c                channel_lookup
 .text.channel_set_attributes
                0x0000000000008650       0x18 contiki-srf06-cc26xx.a(channel.o)
                0x0000000000008650                channel_set_attributes
 .text.NOROM_AONBatMonTemperatureGetDegC
                0x0000000000008668       0x30 contiki-srf06-cc26xx.a(aon_batmon.o)
                0x0000000000008668                NOROM_AONBatMonTemperatureGetDegC
 .text.parse    0x0000000000008698       0xa8 contiki-srf06-cc26xx.a(framer-802154.o)
 .text.create_frame.isra.0
                0x0000000000008740      0x148 contiki-srf06-cc26xx.a(framer-802154.o)
 .text.create   0x0000000000008888        0x8 contiki-srf06-cc26xx.a(framer-802154.o)
 .text.hdr_length
                0x0000000000008890        0x8 contiki-srf06-cc26xx.a(framer-802154.o)
 .text.mac_sequence_is_duplicate
                0x0000000000008898       0x50 contiki-srf06-cc26xx.a(mac-sequence.o)
                0x0000000000008898                mac_sequence_is_duplicate
 .text.mac_sequence_register_seqno
                0x00000000000088e8       0x6c contiki-srf06-cc26xx.a(mac-sequence.o)
                0x00000000000088e8                mac_sequence_register_seqno
 .text.header_size
                0x0000000000008954       0x18 contiki-srf06-cc26xx.a(chameleon-bitop)
 .text.get_bits
                0x000000000000896c       0xa8 contiki-srf06-cc26xx.a(chameleon-bitop)
                0x000000000000896c                get_bits
 .text.unpack_header
                0x0000000000008a14       0xa4 contiki-srf06-cc26xx.a(chameleon-bitop)
 .text.set_bits
                0x0000000000008ab8       0xd4 contiki-srf06-cc26xx.a(chameleon-bitop)
                0x0000000000008ab8                set_bits
 .text.pack_header
                0x0000000000008b8c       0xa0 contiki-srf06-cc26xx.a(chameleon-bitop)
 .text.frame802154_get_pan_id
                0x0000000000008c2c        0xc contiki-srf06-cc26xx.a(frame802154.o)
                0x0000000000008c2c                frame802154_get_pan_id
 .text.frame802154_has_panid
                0x0000000000008c38       0xdc contiki-srf06-cc26xx.a(frame802154.o)
                0x0000000000008c38                frame802154_has_panid
 .text.field_len
                0x0000000000008d14       0x88 contiki-srf06-cc26xx.a(frame802154.o)
 .text.frame802154_is_broadcast_addr
                0x0000000000008d9c       0x24 contiki-srf06-cc26xx.a(frame802154.o)
                0x0000000000008d9c                frame802154_is_broadcast_addr
 .text.frame802154_hdrlen
                0x0000000000008dc0       0x34 contiki-srf06-cc26xx.a(frame802154.o)
                0x0000000000008dc0                frame802154_hdrlen
 .text.frame802154_create_fcf
                0x0000000000008df4       0x64 contiki-srf06-cc26xx.a(frame802154.o)
                0x0000000000008df4                frame802154_create_fcf
 .text.frame802154_create
                0x0000000000008e58       0xa8 contiki-srf06-cc26xx.a(frame802154.o)
                0x0000000000008e58                frame802154_create
 .text.frame802154_parse_fcf
                0x0000000000008f00       0x44 contiki-srf06-cc26xx.a(frame802154.o)
                0x0000000000008f00                frame802154_parse_fcf
 .text.frame802154_parse
                0x0000000000008f44      0x134 contiki-srf06-cc26xx.a(frame802154.o)
                0x0000000000008f44                frame802154_parse
 .text          0x0000000000009078       0x10 /usr/lib/gcc/arm-none-eabi/9.2.1/../../../arm-none-eabi/lib/thumb/v7-m/nofp/libm.a(lib_a-w_exp2.o)
                0x0000000000009078                exp2
 .text          0x0000000000009088      0x180 /usr/lib/gcc/arm-none-eabi/9.2.1/../../../arm-none-eabi/lib/thumb/v7-m/nofp/libm.a(lib_a-w_pow.o)
                0x0000000000009088                pow
 .text          0x0000000000009208      0x188 /usr/lib/gcc/arm-none-eabi/9.2.1/../../../arm-none-eabi/lib/thumb/v7-m/nofp/libm.a(lib_a-e_sqrt.o)
                0x0000000000009208                __ieee754_sqrt
 .text          0x0000000000009390        0x8 /usr/lib/gcc/arm-none-eabi/9.2.1/../../../arm-none-eabi/lib/thumb/v7-m/nofp/libm.a(lib_a-s_fabs.o)
                0x0000000000009390                fabs
 .text          0x0000000000009398        0xc /usr/lib/gcc/arm-none-eabi/9.2.1/../../../arm-none-eabi/lib/thumb/v7-m/nofp/libm.a(lib_a-s_finite.o)
                0x0000000000009398                finite
 .text          0x00000000000093a4        0xc /usr/lib/gcc/arm-none-eabi/9.2.1/../../../arm-none-eabi/lib/thumb/v7-m/nofp/libm.a(lib_a-s_nan.o)
                0x00000000000093a4                nan
 .text          0x00000000000093b0      0x120 /usr/lib/gcc/arm-none-eabi/9.2.1/../../../arm-none-eabi/lib/thumb/v7-m/nofp/libm.a(lib_a-s_rint.o)
                0x00000000000093b0                rint
 .text          0x00000000000094d0      0x168 /usr/lib/gcc/arm-none-eabi/9.2.1/thumb/v7-m/nofp/libgcc.a(_arm_mulsf3.o)
                0x00000000000094d0                __mulsf3
                0x00000000000094d0                __aeabi_fmul
 .text          0x0000000000009638      0x378 /usr/lib/gcc/arm-none-eabi/9.2.1/thumb/v7-m/nofp/libgcc.a(_arm_addsubdf3.o)
                0x0000000000009638                __aeabi_drsub
                0x0000000000009640                __aeabi_dsub
                0x0000000000009640                __subdf3
                0x0000000000009644                __adddf3
                0x0000000000009644                __aeabi_dadd
                0x00000000000098bc                __aeabi_ui2d
                0x00000000000098bc                __floatunsidf
                0x00000000000098dc                __floatsidf
                0x00000000000098dc                __aeabi_i2d
                0x0000000000009900                __extendsfdf2
                0x0000000000009900                __aeabi_f2d
                0x0000000000009944                __aeabi_ul2d
                0x0000000000009944                __floatundidf
                0x0000000000009954                __floatdidf
                0x0000000000009954                __aeabi_l2d
 .text          0x00000000000099b0      0x424 /usr/lib/gcc/arm-none-eabi/9.2.1/thumb/v7-m/nofp/libgcc.a(_arm_muldivdf3.o)
                0x00000000000099b0                __aeabi_dmul
                0x00000000000099b0                __muldf3
                0x0000000000009c04                __aeabi_ddiv
                0x0000000000009c04                __divdf3
 .text          0x0000000000009dd4      0x110 /usr/lib/gcc/arm-none-eabi/9.2.1/thumb/v7-m/nofp/libgcc.a(_arm_cmpdf2.o)
                0x0000000000009dd4                __gtdf2
                0x0000000000009dd4                __gedf2
                0x0000000000009ddc                __ltdf2
                0x0000000000009ddc                __ledf2
                0x0000000000009de4                __cmpdf2
                0x0000000000009de4                __eqdf2
                0x0000000000009de4                __nedf2
                0x0000000000009e60                __aeabi_cdrcmple
                0x0000000000009e70                __aeabi_cdcmple
                0x0000000000009e70                __aeabi_cdcmpeq
                0x0000000000009e80                __aeabi_dcmpeq
                0x0000000000009e94                __aeabi_dcmplt
                0x0000000000009ea8                __aeabi_dcmple
                0x0000000000009ebc                __aeabi_dcmpge
                0x0000000000009ed0                __aeabi_dcmpgt
 .text          0x0000000000009ee4       0x2c /usr/lib/gcc/arm-none-eabi/9.2.1/thumb/v7-m/nofp/libgcc.a(_arm_unorddf2.o)
                0x0000000000009ee4                __aeabi_dcmpun
                0x0000000000009ee4                __unorddf2
 .text          0x0000000000009f10       0xa0 /usr/lib/gcc/arm-none-eabi/9.2.1/thumb/v7-m/nofp/libgcc.a(_arm_truncdfsf2.o)
                0x0000000000009f10                __aeabi_d2f
                0x0000000000009f10                __truncdfsf2
 .text          0x0000000000009fb0      0x21c /usr/lib/gcc/arm-none-eabi/9.2.1/thumb/v7-m/nofp/libgcc.a(_arm_addsubsf3.o)
                0x0000000000009fb0                __aeabi_frsub
                0x0000000000009fb8                __subsf3
                0x0000000000009fb8                __aeabi_fsub
                0x0000000000009fbc                __aeabi_fadd
                0x0000000000009fbc                __addsf3
                0x000000000000a11c                __aeabi_ui2f
                0x000000000000a11c                __floatunsisf
                0x000000000000a124                __aeabi_i2f
                0x000000000000a124                __floatsisf
                0x000000000000a140                __floatundisf
                0x000000000000a140                __aeabi_ul2f
                0x000000000000a150                __floatdisf
                0x000000000000a150                __aeabi_l2f
 .text          0x000000000000a1cc       0x4c /usr/lib/gcc/arm-none-eabi/9.2.1/thumb/v7-m/nofp/libgcc.a(_arm_fixsfsi.o)
                0x000000000000a1cc                __fixsfsi
                0x000000000000a1cc                __aeabi_f2iz
 .text          0x000000000000a218       0x30 /usr/lib/gcc/arm-none-eabi/9.2.1/thumb/v7-m/nofp/libgcc.a(_aeabi_uldivmod.o)
                0x000000000000a218                __aeabi_uldivmod
 .text          0x000000000000a248      0x2c4 /usr/lib/gcc/arm-none-eabi/9.2.1/thumb/v7-m/nofp/libgcc.a(_udivmoddi4.o)
                0x000000000000a248                __udivmoddi4
 .text          0x000000000000a50c        0x4 /usr/lib/gcc/arm-none-eabi/9.2.1/thumb/v7-m/nofp/libgcc.a(_dvmd_tls.o)
                0x000000000000a50c                __aeabi_ldiv0
                0x000000000000a50c                __aeabi_idiv0
 .text          0x000000000000a510        0xc /usr/lib/gcc/arm-none-eabi/9.2.1/../../../arm-none-eabi/lib/thumb/v7-m/nofp/libc.a(lib_a-errno.o)
                0x000000000000a510                __errno
 .text          0x000000000000a51c       0xec /usr/lib/gcc/arm-none-eabi/9.2.1/../../../arm-none-eabi/lib/thumb/v7-m/nofp/libc.a(lib_a-memcpy.o)
                0x000000000000a51c                memcpy
 .text          0x000000000000a608       0xa0 /usr/lib/gcc/arm-none-eabi/9.2.1/../../../arm-none-eabi/lib/thumb/v7-m/nofp/libc.a(lib_a-memset.o)
                0x000000000000a608                memset
 .text          0x000000000000a6a8       0x5c /usr/lib/gcc/arm-none-eabi/9.2.1/../../../arm-none-eabi/lib/thumb/v7-m/nofp/libc.a(lib_a-strlen-stub.o)
                0x000000000000a6a8                strlen
 *(SORT_BY_ALIGNMENT(.rodata*))
 *fill*         0x000000000000a704        0x4 00000000
 .rodata        0x000000000000a708       0x10 /usr/lib/gcc/arm-none-eabi/9.2.1/../../../arm-none-eabi/lib/thumb/v7-m/nofp/libm.a(lib_a-s_rint.o)
 .rodata.str1.4
                0x000000000000a718        0xe transmit.co
 *fill*         0x000000000000a726        0x2 00000000
 .rodata.autostart_processes
                0x000000000000a728        0x8 transmit.co
                0x000000000000a728                autostart_processes
 .rodata.unicast_callbacks
                0x000000000000a730        0x8 transmit.co
 .rodata.main.str1.4
                0x000000000000a738       0xf2 contiki-srf06-cc26xx.a(contiki-main.o)
 *fill*         0x000000000000a82a        0x2 00000000
 .rodata.str1.4
                0x000000000000a82c        0x8 contiki-srf06-cc26xx.a(sensors.o)
 .rodata.str1.4
                0x000000000000a834        0x7 contiki-srf06-cc26xx.a(bmp-280-sensor.)
 *fill*         0x000000000000a83b        0x1 00000000
 .rodata.bmp_280_sensor
                0x000000000000a83c       0x10 contiki-srf06-cc26xx.a(bmp-280-sensor.)
                0x000000000000a83c                bmp_280_sensor
 .rodata.str1.4
                0x000000000000a84c        0x7 contiki-srf06-cc26xx.a(tmp-007-sensor.)
 *fill*         0x000000000000a853        0x1 00000000
 .rodata.tmp_007_sensor
                0x000000000000a854       0x10 contiki-srf06-cc26xx.a(tmp-007-sensor.)
                0x000000000000a854                tmp_007_sensor
 .rodata.str1.4
                0x000000000000a864        0x8 contiki-srf06-cc26xx.a(opt-3001-sensor)
 .rodata.opt_3001_sensor
                0x000000000000a86c       0x10 contiki-srf06-cc26xx.a(opt-3001-sensor)
                0x000000000000a86c                opt_3001_sensor
 .rodata.str1.4
                0x000000000000a87c        0x8 contiki-srf06-cc26xx.a(hdc-1000-sensor)
 .rodata.hdc_1000_sensor
                0x000000000000a884       0x10 contiki-srf06-cc26xx.a(hdc-1000-sensor)
                0x000000000000a884                hdc_1000_sensor
 .rodata.str1.4
                0x000000000000a894        0x8 contiki-srf06-cc26xx.a(mpu-9250-sensor)
 .rodata.mpu_9250_sensor
                0x000000000000a89c       0x10 contiki-srf06-cc26xx.a(mpu-9250-sensor)
                0x000000000000a89c                mpu_9250_sensor
 .rodata.str1.4
                0x000000000000a8ac        0x7 contiki-srf06-cc26xx.a(button-sensor.o)
 *fill*         0x000000000000a8b3        0x1 00000000
 .rodata.button_left_sensor
                0x000000000000a8b4       0x10 contiki-srf06-cc26xx.a(button-sensor.o)
                0x000000000000a8b4                button_left_sensor
 .rodata.button_right_sensor
                0x000000000000a8c4       0x10 contiki-srf06-cc26xx.a(button-sensor.o)
                0x000000000000a8c4                button_right_sensor
 .rodata.str1.4
                0x000000000000a8d4        0x5 contiki-srf06-cc26xx.a(reed-relay.o)
 *fill*         0x000000000000a8d9        0x3 00000000
 .rodata.reed_relay_sensor
                0x000000000000a8dc       0x10 contiki-srf06-cc26xx.a(reed-relay.o)
                0x000000000000a8dc                reed_relay_sensor
 .rodata.ieee_mode_driver
                0x000000000000a8ec       0x38 contiki-srf06-cc26xx.a(ieee-mode.o)
                0x000000000000a8ec                ieee_mode_driver
 .rodata.mode_ieee
                0x000000000000a924        0x8 contiki-srf06-cc26xx.a(ieee-mode.o)
 .rodata.output_power
                0x000000000000a92c       0x68 contiki-srf06-cc26xx.a(ieee-mode.o)
 .rodata.str1.4
                0x000000000000a994       0x1b contiki-srf06-cc26xx.a(soc-trng.o)
 *fill*         0x000000000000a9af        0x1 00000000
 .rodata.format_str_v.str1.4
                0x000000000000a9b0       0x46 contiki-srf06-cc26xx.a(strformat.o)
 *fill*         0x000000000000a9f6        0x2 00000000
 .rodata.buffer.4043
                0x000000000000a9f8       0x10 contiki-srf06-cc26xx.a(strformat.o)
 .rodata.buffer.4052
                0x000000000000aa08       0x10 contiki-srf06-cc26xx.a(strformat.o)
 .rodata.str1.4
                0x000000000000aa18        0xf contiki-srf06-cc26xx.a(ctimer.o)
 *fill*         0x000000000000aa27        0x1 00000000
 .rodata.str1.4
                0x000000000000aa28        0xc contiki-srf06-cc26xx.a(etimer.o)
 .rodata.str1.4
                0x000000000000aa34        0xe contiki-srf06-cc26xx.a(serial-line.o)
 *fill*         0x000000000000aa42        0x2 00000000
 .rodata.str1.4
                0x000000000000aa44        0x5 contiki-srf06-cc26xx.a(rime.o)
 *fill*         0x000000000000aa49        0x3 00000000
 .rodata.rime_driver
                0x000000000000aa4c        0xc contiki-srf06-cc26xx.a(rime.o)
                0x000000000000aa4c                rime_driver
 .rodata.attributes
                0x000000000000aa58        0x6 contiki-srf06-cc26xx.a(unicast.o)
 *fill*         0x000000000000aa5e        0x2 00000000
 .rodata.uc     0x000000000000aa60        0x8 contiki-srf06-cc26xx.a(unicast.o)
 .rodata.linkaddr_null
                0x000000000000aa68        0x2 contiki-srf06-cc26xx.a(linkaddr.o)
                0x000000000000aa68                linkaddr_null
 *fill*         0x000000000000aa6a        0x2 00000000
 .rodata.str1.4
                0x000000000000aa6c        0x5 contiki-srf06-cc26xx.a(csma.o)
 *fill*         0x000000000000aa71        0x3 00000000
 .rodata.csma_driver
                0x000000000000aa74       0x1c contiki-srf06-cc26xx.a(csma.o)
                0x000000000000aa74                csma_driver
 .rodata.str1.4
                0x000000000000aa90        0xb contiki-srf06-cc26xx.a(contikimac.o)
 *fill*         0x000000000000aa9b        0x1 00000000
 .rodata.contikimac_driver
                0x000000000000aa9c       0x20 contiki-srf06-cc26xx.a(contikimac.o)
                0x000000000000aa9c                contikimac_driver
 .rodata.str1.4
                0x000000000000aabc        0x8 contiki-srf06-cc26xx.a(nullsec.o)
 .rodata.nullsec_driver
                0x000000000000aac4       0x10 contiki-srf06-cc26xx.a(nullsec.o)
                0x000000000000aac4                nullsec_driver
 .rodata.RFCCPE0IntHandler.str1.4
                0x000000000000aad4       0x2a contiki-srf06-cc26xx.a(rf-core.o)
 *fill*         0x000000000000aafe        0x2 00000000
 .rodata.str1.4
                0x000000000000ab00       0x1a contiki-srf06-cc26xx.a(rf-core.o)
 *fill*         0x000000000000ab1a        0x2 00000000
 .rodata.attributes
                0x000000000000ab1c        0x2 contiki-srf06-cc26xx.a(abc.o)
 *fill*         0x000000000000ab1e        0x2 00000000
 .rodata.broadcast_callbacks
                0x000000000000ab20        0x8 contiki-srf06-cc26xx.a(broadcast-annou)
 .rodata.attributes
                0x000000000000ab28        0x4 contiki-srf06-cc26xx.a(broadcast.o)
 .rodata.broadcast
                0x000000000000ab2c        0x8 contiki-srf06-cc26xx.a(broadcast.o)
 .rodata.framer_802154
                0x000000000000ab34        0xc contiki-srf06-cc26xx.a(framer-802154.o)
                0x000000000000ab34                framer_802154
 .rodata.bitmask
                0x000000000000ab40        0x9 contiki-srf06-cc26xx.a(chameleon-bitop)
 *fill*         0x000000000000ab49        0x3 00000000
 .rodata.chameleon_bitopt
                0x000000000000ab4c        0xc contiki-srf06-cc26xx.a(chameleon-bitop)
                0x000000000000ab4c                chameleon_bitopt
 .rodata.str1.4
                0x000000000000ab58       0x1a /usr/lib/gcc/arm-none-eabi/9.2.1/../../../arm-none-eabi/lib/thumb/v7-m/nofp/libm.a(lib_a-e_pow.o)
                                          0x1 (size before relaxing)
                0x000000000000ab58                _etext = .

.glue_7         0x000000000000ab58        0x0
 .glue_7        0x000000000000ab58        0x0 linker stubs

.glue_7t        0x000000000000ab58        0x0
 .glue_7t       0x000000000000ab58        0x0 linker stubs

.vfp11_veneer   0x000000000000ab58        0x0
 .vfp11_veneer  0x000000000000ab58        0x0 linker stubs

.v4_bx          0x000000000000ab58        0x0
 .v4_bx         0x000000000000ab58        0x0 linker stubs

.iplt           0x000000000000ab58        0x0
 .iplt          0x000000000000ab58        0x0 obj_srf06-cc26xx/startup_gcc.o

.data           0x0000000020000000      0x5a1 load address 0x000000000000ab58
                0x0000000020000000                _data = .
 *(SORT_BY_ALIGNMENT(vtable))
 *(SORT_BY_ALIGNMENT(.data*))
 .data          0x0000000020000000      0x430 /usr/lib/gcc/arm-none-eabi/9.2.1/../../../arm-none-eabi/lib/thumb/v7-m/nofp/libc.a(lib_a-impure.o)
                0x0000000020000000                _impure_ptr
 .data.transmit_process
                0x0000000020000430       0x10 transmit.co
                0x0000000020000430                transmit_process
 .data.sensors_process
                0x0000000020000440       0x10 contiki-srf06-cc26xx.a(sensors.o)
                0x0000000020000440                sensors_process
 .data.sensors  0x0000000020000450       0x24 contiki-srf06-cc26xx.a(sensortag-senso)
                0x0000000020000450                sensors
 .data.sensortag_module
                0x0000000020000474       0x14 contiki-srf06-cc26xx.a(board.o)
 .data.uart_module
                0x0000000020000488       0x14 contiki-srf06-cc26xx.a(cc26xx-uart.o)
 .data.cc26xx_rf_lpm_module
                0x000000002000049c       0x14 contiki-srf06-cc26xx.a(ieee-mode.o)
 .data.ieee_overrides
                0x00000000200004b0       0x2c contiki-srf06-cc26xx.a(ieee-mode.o)
 .data.tx_power_current
                0x00000000200004dc        0x4 contiki-srf06-cc26xx.a(ieee-mode.o)
                0x00000000200004dc                tx_power_current
 .data.rng_module
                0x00000000200004e0       0x14 contiki-srf06-cc26xx.a(soc-trng.o)
 .data.soc_trng_process
                0x00000000200004f4       0x10 contiki-srf06-cc26xx.a(soc-trng.o)
                0x00000000200004f4                soc_trng_process
 .data.ctxt     0x0000000020000504        0x8 contiki-srf06-cc26xx.a(dbg-printf.o)
 .data.ctimer_process
                0x000000002000050c       0x10 contiki-srf06-cc26xx.a(ctimer.o)
                0x000000002000050c                ctimer_process
 .data.etimer_process
                0x000000002000051c       0x10 contiki-srf06-cc26xx.a(etimer.o)
                0x000000002000051c                etimer_process
 .data.serial_line_process
                0x000000002000052c       0x10 contiki-srf06-cc26xx.a(serial-line.o)
                0x000000002000052c                serial_line_process
 .data.bufmem   0x000000002000053c        0xc contiki-srf06-cc26xx.a(queuebuf.o)
 .data.buframmem
                0x0000000020000548        0xc contiki-srf06-cc26xx.a(queuebuf.o)
 .data.metadata_memb
                0x0000000020000554        0xc contiki-srf06-cc26xx.a(csma.o)
 .data.neighbor_memb
                0x0000000020000560        0xc contiki-srf06-cc26xx.a(csma.o)
 .data.packet_memb
                0x000000002000056c        0xc contiki-srf06-cc26xx.a(csma.o)
 .data.buzzer_module
                0x0000000020000578       0x14 contiki-srf06-cc26xx.a(buzzer.o)
 .data.rf_core_process
                0x000000002000058c       0x10 contiki-srf06-cc26xx.a(rf-core.o)
                0x000000002000058c                rf_core_process
 .data.mac_pan_id
                0x000000002000059c        0x2 contiki-srf06-cc26xx.a(frame802154.o)
 .data.interface
                0x000000002000059e        0x1 contiki-srf06-cc26xx.a(board-i2c.o)
 .data.rng_ready_event
                0x000000002000059f        0x1 contiki-srf06-cc26xx.a(soc-trng.o)
 .data          0x00000000200005a0        0x1 /usr/lib/gcc/arm-none-eabi/9.2.1/../../../arm-none-eabi/lib/thumb/v7-m/nofp/libm.a(lib_a-s_lib_ver.o)
                0x00000000200005a0                __fdlib_version
                0x00000000200005a1                _edata = .

.igot.plt       0x00000000200005a4        0x0 load address 0x000000000000b0f9
 .igot.plt      0x00000000200005a4        0x0 obj_srf06-cc26xx/startup_gcc.o

.ARM.exidx      0x000000000000b0fc        0x8
 *(SORT_BY_ALIGNMENT(.ARM.exidx*))
 .ARM.exidx     0x000000000000b0fc        0x8 /usr/lib/gcc/arm-none-eabi/9.2.1/thumb/v7-m/nofp/libgcc.a(_udivmoddi4.o)

.bss            0x00000000200005a8     0x1272
                0x00000000200005a8                _bss = .
 *(SORT_BY_ALIGNMENT(.bss*))
 .bss.count     0x00000000200005a8        0x8 contiki-srf06-cc26xx.a(clock.o)
 .bss.rands_cache
                0x00000000200005b0       0x20 contiki-srf06-cc26xx.a(soc-trng.o)
 .bss.uc        0x00000000200005d0       0x1c transmit.co
 .bss.events.4837
                0x00000000200005ec        0x4 contiki-srf06-cc26xx.a(sensors.o)
 .bss.i.4836    0x00000000200005f0        0x4 contiki-srf06-cc26xx.a(sensors.o)
 .bss.inited    0x00000000200005f4        0x4 contiki-srf06-cc26xx.a(leds-arch.o)
 .bss.calibration_data
                0x00000000200005f8       0x1c contiki-srf06-cc26xx.a(bmp-280-sensor.)
 .bss.enabled   0x0000000020000614        0x4 contiki-srf06-cc26xx.a(bmp-280-sensor.)
 .bss.sensor_value
                0x0000000020000618        0x6 contiki-srf06-cc26xx.a(bmp-280-sensor.)
 *fill*         0x000000002000061e        0x2 
 .bss.startup_timer
                0x0000000020000620       0x20 contiki-srf06-cc26xx.a(bmp-280-sensor.)
 .bss.amb_temp_latched
                0x0000000020000640        0x4 contiki-srf06-cc26xx.a(tmp-007-sensor.)
 .bss.buf       0x0000000020000644        0x4 contiki-srf06-cc26xx.a(tmp-007-sensor.)
 .bss.enabled   0x0000000020000648        0x4 contiki-srf06-cc26xx.a(tmp-007-sensor.)
 .bss.obj_temp_latched
                0x000000002000064c        0x4 contiki-srf06-cc26xx.a(tmp-007-sensor.)
 .bss.startup_timer
                0x0000000020000650       0x20 contiki-srf06-cc26xx.a(tmp-007-sensor.)
 .bss.startup_timer
                0x0000000020000670       0x20 contiki-srf06-cc26xx.a(opt-3001-sensor)
 .bss.state     0x0000000020000690        0x4 contiki-srf06-cc26xx.a(opt-3001-sensor)
 .bss.data      0x0000000020000694        0x4 contiki-srf06-cc26xx.a(hdc-1000-sensor)
 .bss.enabled   0x0000000020000698        0x4 contiki-srf06-cc26xx.a(hdc-1000-sensor)
 .bss.startup_timer
                0x000000002000069c       0x20 contiki-srf06-cc26xx.a(hdc-1000-sensor)
 .bss.elements  0x00000000200006bc        0x4 contiki-srf06-cc26xx.a(mpu-9250-sensor)
 .bss.sensor_value
                0x00000000200006c0        0x6 contiki-srf06-cc26xx.a(mpu-9250-sensor)
 *fill*         0x00000000200006c6        0x2 
 .bss.startup_timer
                0x00000000200006c8       0x20 contiki-srf06-cc26xx.a(mpu-9250-sensor)
 .bss.state     0x00000000200006e8        0x4 contiki-srf06-cc26xx.a(mpu-9250-sensor)
 .bss.left_timer
                0x00000000200006ec       0x10 contiki-srf06-cc26xx.a(button-sensor.o)
 .bss.debouncetimer
                0x00000000200006fc        0x8 contiki-srf06-cc26xx.a(reed-relay.o)
 .bss.last_isr_time
                0x0000000020000704        0x4 contiki-srf06-cc26xx.a(soc-rtc.o)
 .bss.input_handler
                0x0000000020000708        0x4 contiki-srf06-cc26xx.a(cc26xx-uart.o)
 .bss.modules_list_list
                0x000000002000070c        0x4 contiki-srf06-cc26xx.a(lpm.o)
 .bss.handlers  0x0000000020000710       0x80 contiki-srf06-cc26xx.a(gpio-interrupt.)
 .bss.cmd_ieee_rx_buf
                0x0000000020000790       0x80 contiki-srf06-cc26xx.a(ieee-mode.o)
 .bss.filter_cmd
                0x0000000020000810        0x8 contiki-srf06-cc26xx.a(ieee-mode.o)
 .bss.last_packet_timestamp
                0x0000000020000818        0x4 contiki-srf06-cc26xx.a(ieee-mode.o)
 .bss.last_rat_overflow
                0x000000002000081c        0x4 contiki-srf06-cc26xx.a(ieee-mode.o)
 .bss.last_value.8699
                0x0000000020000820        0x4 contiki-srf06-cc26xx.a(ieee-mode.o)
 .bss.rat_overflow_counter
                0x0000000020000824        0x4 contiki-srf06-cc26xx.a(ieee-mode.o)
 .bss.rat_overflow_timer
                0x0000000020000828       0x20 contiki-srf06-cc26xx.a(ieee-mode.o)
 .bss.rf_stats  0x0000000020000848       0x10 contiki-srf06-cc26xx.a(ieee-mode.o)
 .bss.rx_buf_0  0x0000000020000858       0x90 contiki-srf06-cc26xx.a(ieee-mode.o)
 .bss.rx_buf_1  0x00000000200008e8       0x90 contiki-srf06-cc26xx.a(ieee-mode.o)
 .bss.rx_buf_2  0x0000000020000978       0x90 contiki-srf06-cc26xx.a(ieee-mode.o)
 .bss.rx_buf_3  0x0000000020000a08       0x90 contiki-srf06-cc26xx.a(ieee-mode.o)
 .bss.rx_data_queue
                0x0000000020000a98        0x8 contiki-srf06-cc26xx.a(ieee-mode.o)
 .bss.rx_read_entry
                0x0000000020000aa0        0x4 contiki-srf06-cc26xx.a(ieee-mode.o)
 .bss.tx_buf    0x0000000020000aa4       0xb6 contiki-srf06-cc26xx.a(ieee-mode.o)
 *fill*         0x0000000020000b5a        0x2 
 .bss.notify_cb
                0x0000000020000b5c        0x4 contiki-srf06-cc26xx.a(soc-trng.o)
 .bss.rands_mask
                0x0000000020000b60        0x4 contiki-srf06-cc26xx.a(soc-trng.o)
 .bss.ctimer_list_list
                0x0000000020000b64        0x4 contiki-srf06-cc26xx.a(ctimer.o)
 .bss.next_expiration
                0x0000000020000b68        0x4 contiki-srf06-cc26xx.a(etimer.o)
 .bss.timerlist
                0x0000000020000b6c        0x4 contiki-srf06-cc26xx.a(etimer.o)
 .bss.events    0x0000000020000b70      0x180 contiki-srf06-cc26xx.a(process.o)
 .bss.process_current
                0x0000000020000cf0        0x4 contiki-srf06-cc26xx.a(process.o)
                0x0000000020000cf0                process_current
 .bss.process_list
                0x0000000020000cf4        0x4 contiki-srf06-cc26xx.a(process.o)
                0x0000000020000cf4                process_list
 .bss.next_rtimer
                0x0000000020000cf8        0x4 contiki-srf06-cc26xx.a(rtimer.o)
 .bss.buf.4820  0x0000000020000cfc       0x80 contiki-srf06-cc26xx.a(serial-line.o)
 .bss.ptr.4821  0x0000000020000d7c        0x4 contiki-srf06-cc26xx.a(serial-line.o)
 .bss.rxbuf     0x0000000020000d80        0x8 contiki-srf06-cc26xx.a(serial-line.o)
 .bss.rxbuf_data
                0x0000000020000d88       0x80 contiki-srf06-cc26xx.a(serial-line.o)
 .bss.sniffers_list
                0x0000000020000e08        0x4 contiki-srf06-cc26xx.a(rime.o)
 .bss.powerQualGlobals
                0x0000000020000e0c        0x8 contiki-srf06-cc26xx.a(sys_ctrl.o)
 .bss.packetbuf_aligned
                0x0000000020000e14       0x80 contiki-srf06-cc26xx.a(packetbuf.o)
 .bss.bufmem_memb_count
                0x0000000020000e94        0x8 contiki-srf06-cc26xx.a(queuebuf.o)
 .bss.bufmem_memb_mem
                0x0000000020000e9c       0x20 contiki-srf06-cc26xx.a(queuebuf.o)
 .bss.buframmem_memb_count
                0x0000000020000ebc        0x8 contiki-srf06-cc26xx.a(queuebuf.o)
 .bss.buframmem_memb_mem
                0x0000000020000ec4      0x5f0 contiki-srf06-cc26xx.a(queuebuf.o)
 .bss.metadata_memb_memb_count
                0x00000000200014b4        0x8 contiki-srf06-cc26xx.a(csma.o)
 .bss.metadata_memb_memb_mem
                0x00000000200014bc       0x60 contiki-srf06-cc26xx.a(csma.o)
 .bss.neighbor_list_list
                0x000000002000151c        0x4 contiki-srf06-cc26xx.a(csma.o)
 .bss.neighbor_memb_memb_count
                0x0000000020001520        0x2 contiki-srf06-cc26xx.a(csma.o)
 *fill*         0x0000000020001522        0x2 
 .bss.neighbor_memb_memb_mem
                0x0000000020001524       0x68 contiki-srf06-cc26xx.a(csma.o)
 .bss.packet_memb_memb_count
                0x000000002000158c        0x8 contiki-srf06-cc26xx.a(csma.o)
 .bss.packet_memb_memb_mem
                0x0000000020001594       0x60 contiki-srf06-cc26xx.a(csma.o)
 .bss.ct.6989   0x00000000200015f4       0x20 contiki-srf06-cc26xx.a(contikimac.o)
 .bss.cycle_start
                0x0000000020001614        0x4 contiki-srf06-cc26xx.a(contikimac.o)
 .bss.pt        0x0000000020001618        0x2 contiki-srf06-cc26xx.a(contikimac.o)
 *fill*         0x000000002000161a        0x2 
 .bss.rt        0x000000002000161c        0xc contiki-srf06-cc26xx.a(contikimac.o)
 .bss.start.6914
                0x0000000020001628        0x4 contiki-srf06-cc26xx.a(contikimac.o)
 .bss.we_are_receiving_burst
                0x000000002000162c        0x4 contiki-srf06-cc26xx.a(contikimac.o)
 .bss.buffer    0x0000000020001630       0x20 contiki-srf06-cc26xx.a(sensor-common.o)
 .bss.consumers_list_list
                0x0000000020001650        0x4 contiki-srf06-cc26xx.a(aux-ctrl.o)
 .bss.last_radio_op
                0x0000000020001654        0x4 contiki-srf06-cc26xx.a(rf-core.o)
 .bss.primary_mode
                0x0000000020001658        0x4 contiki-srf06-cc26xx.a(rf-core.o)
 .bss.rat_offset
                0x000000002000165c        0x4 contiki-srf06-cc26xx.a(rf-core.o)
                0x000000002000165c                rat_offset
 .bss.announcements_list
                0x0000000020001660        0x4 contiki-srf06-cc26xx.a(announcement.o)
 .bss.observer_callback
                0x0000000020001664        0x4 contiki-srf06-cc26xx.a(announcement.o)
 .bss.c         0x0000000020001668       0x6c contiki-srf06-cc26xx.a(broadcast-annou)
 .bss.channel_list_list
                0x00000000200016d4        0x4 contiki-srf06-cc26xx.a(channel.o)
 .bss.received_seqnos
                0x00000000200016d8       0xc0 contiki-srf06-cc26xx.a(mac-sequence.o)
 .bss.node_id   0x0000000020001798        0x2 contiki-srf06-cc26xx.a(contiki-main.o)
                0x0000000020001798                node_id
 .bss.val       0x000000002000179a        0x2 contiki-srf06-cc26xx.a(tmp-007-sensor.)
 .bss.raw_hum   0x000000002000179c        0x2 contiki-srf06-cc26xx.a(hdc-1000-sensor)
 .bss.raw_temp  0x000000002000179e        0x2 contiki-srf06-cc26xx.a(hdc-1000-sensor)
 .bss.buflen    0x00000000200017a0        0x2 contiki-srf06-cc26xx.a(packetbuf.o)
 .bss.bufptr    0x00000000200017a2        0x2 contiki-srf06-cc26xx.a(packetbuf.o)
 .bss.seqno.6189
                0x00000000200017a4        0x2 contiki-srf06-cc26xx.a(csma.o)
 .bss.num_sensors
                0x00000000200017a6        0x1 contiki-srf06-cc26xx.a(sensors.o)
 .bss.leds      0x00000000200017a7        0x1 contiki-srf06-cc26xx.a(leds.o)
 .bss.c         0x00000000200017a8        0x1 contiki-srf06-cc26xx.a(leds-arch.o)
 .bss.success   0x00000000200017a9        0x1 contiki-srf06-cc26xx.a(hdc-1000-sensor)
 .bss.acc_range
                0x00000000200017aa        0x1 contiki-srf06-cc26xx.a(mpu-9250-sensor)
 .bss.acc_range_reg
                0x00000000200017ab        0x1 contiki-srf06-cc26xx.a(mpu-9250-sensor)
 .bss.interrupt_status
                0x00000000200017ac        0x1 contiki-srf06-cc26xx.a(mpu-9250-sensor)
 .bss.mpu_config
                0x00000000200017ad        0x1 contiki-srf06-cc26xx.a(mpu-9250-sensor)
 .bss.val       0x00000000200017ae        0x1 contiki-srf06-cc26xx.a(mpu-9250-sensor)
 .bss.slave_addr
                0x00000000200017af        0x1 contiki-srf06-cc26xx.a(board-i2c.o)
 .bss.last_corr_lqi
                0x00000000200017b0        0x1 contiki-srf06-cc26xx.a(ieee-mode.o)
 .bss.last_rssi
                0x00000000200017b1        0x1 contiki-srf06-cc26xx.a(ieee-mode.o)
 .bss.poll_mode
                0x00000000200017b2        0x1 contiki-srf06-cc26xx.a(ieee-mode.o)
 .bss.initialized
                0x00000000200017b3        0x1 contiki-srf06-cc26xx.a(ctimer.o)
 .bss.fevent    0x00000000200017b4        0x1 contiki-srf06-cc26xx.a(process.o)
 .bss.lastevent
                0x00000000200017b5        0x1 contiki-srf06-cc26xx.a(process.o)
 .bss.nevents   0x00000000200017b6        0x1 contiki-srf06-cc26xx.a(process.o)
 .bss.poll_requested
                0x00000000200017b7        0x1 contiki-srf06-cc26xx.a(process.o)
 .bss.hdrlen    0x00000000200017b8        0x1 contiki-srf06-cc26xx.a(packetbuf.o)
 .bss.initialized.6188
                0x00000000200017b9        0x1 contiki-srf06-cc26xx.a(csma.o)
 .bss.contikimac_is_on
                0x00000000200017ba        0x1 contiki-srf06-cc26xx.a(contikimac.o)
 .bss.contikimac_keep_radio_on
                0x00000000200017bb        0x1 contiki-srf06-cc26xx.a(contikimac.o)
 .bss.count.6909
                0x00000000200017bc        0x1 contiki-srf06-cc26xx.a(contikimac.o)
 .bss.packet_seen.6908
                0x00000000200017bd        0x1 contiki-srf06-cc26xx.a(contikimac.o)
 .bss.periods.6916
                0x00000000200017be        0x1 contiki-srf06-cc26xx.a(contikimac.o)
 .bss.radio_is_on
                0x00000000200017bf        0x1 contiki-srf06-cc26xx.a(contikimac.o)
 .bss.silence_periods.6915
                0x00000000200017c0        0x1 contiki-srf06-cc26xx.a(contikimac.o)
 .bss.we_are_sending
                0x00000000200017c1        0x1 contiki-srf06-cc26xx.a(contikimac.o)
 .bss.buzzer_on
                0x00000000200017c2        0x1 contiki-srf06-cc26xx.a(buzzer.o)
 .bss.rat_offset_known
                0x00000000200017c3        0x1 contiki-srf06-cc26xx.a(rf-core.o)
 .bss.ble_mode_on
                0x00000000200017c4        0x1 contiki-srf06-cc26xx.a(rf-ble.o)
 .bss.initialized
                0x00000000200017c5        0x1 contiki-srf06-cc26xx.a(framer-802154.o)
 .bss.mac_dsn   0x00000000200017c6        0x1 contiki-srf06-cc26xx.a(framer-802154.o)
 *(SORT_BY_ALIGNMENT(COMMON))
 *fill*         0x00000000200017c7        0x1 
 COMMON         0x00000000200017c8        0x9 contiki-srf06-cc26xx.a(sensortag-senso)
                0x00000000200017c8                sensors_flags
 *fill*         0x00000000200017d1        0x3 
 COMMON         0x00000000200017d4        0x4 contiki-srf06-cc26xx.a(mpu-9250-sensor)
                0x00000000200017d4                t0
 COMMON         0x00000000200017d8        0x2 contiki-srf06-cc26xx.a(linkaddr.o)
                0x00000000200017d8                linkaddr_node_addr
 *fill*         0x00000000200017da        0x2 
 COMMON         0x00000000200017dc       0x3c contiki-srf06-cc26xx.a(packetbuf.o)
                0x00000000200017dc                packetbuf_addrs
                0x00000000200017e4                packetbuf_attrs
 COMMON         0x0000000020001818        0x1 contiki-srf06-cc26xx.a(sensors.o)
                0x0000000020001818                sensors_event
 COMMON         0x0000000020001819        0x1 contiki-srf06-cc26xx.a(serial-line.o)
                0x0000000020001819                serial_line_event_message
                0x000000002000181a                _ebss = .

.ccfg           0x000000000001ffa8       0x58
 *(SORT_BY_ALIGNMENT(.ccfg))
 .ccfg          0x000000000001ffa8       0x58 obj_srf06-cc26xx/ccfg.o
                0x000000000001ffa8                __ccfg

.rel.dyn        0x0000000000020000        0x0
 .rel.iplt      0x0000000000020000        0x0 obj_srf06-cc26xx/startup_gcc.o

._user_heap_stack
                0x000000002000181a      0x102
                0x000000002000181c                . = ALIGN (0x4)
 *fill*         0x000000002000181a        0x2 
                0x000000002000181c                . = (. + _Min_Heap_Size)
                0x000000002000191c                . = (. + _Min_Stack_Size)
 *fill*         0x000000002000181c      0x100 
                0x000000002000191c                . = ALIGN (0x4)

.gpram
OUTPUT(transmit.elf elf32-littlearm)
LOAD linker stubs

.comment        0x0000000000000000       0x59
 .comment       0x0000000000000000       0x59 obj_srf06-cc26xx/fault-handlers.o
                                         0x5a (size before relaxing)
 .comment       0x0000000000000059       0x5a obj_srf06-cc26xx/ccfg.o
 .comment       0x0000000000000059       0x5a obj_srf06-cc26xx/startup_gcc.o
 .comment       0x0000000000000059       0x5a transmit.co
 .comment       0x0000000000000059       0x5a contiki-srf06-cc26xx.a(contiki-main.o)
 .comment       0x0000000000000059       0x5a contiki-srf06-cc26xx.a(sensors.o)
 .comment       0x0000000000000059       0x5a contiki-srf06-cc26xx.a(leds.o)
 .comment       0x0000000000000059       0x5a contiki-srf06-cc26xx.a(leds-arch.o)
 .comment       0x0000000000000059       0x5a contiki-srf06-cc26xx.a(sensortag-senso)
 .comment       0x0000000000000059       0x5a contiki-srf06-cc26xx.a(bmp-280-sensor.)
 .comment       0x0000000000000059       0x5a contiki-srf06-cc26xx.a(tmp-007-sensor.)
 .comment       0x0000000000000059       0x5a contiki-srf06-cc26xx.a(opt-3001-sensor)
 .comment       0x0000000000000059       0x5a contiki-srf06-cc26xx.a(hdc-1000-sensor)
 .comment       0x0000000000000059       0x5a contiki-srf06-cc26xx.a(mpu-9250-sensor)
 .comment       0x0000000000000059       0x5a contiki-srf06-cc26xx.a(button-sensor.o)
 .comment       0x0000000000000059       0x5a contiki-srf06-cc26xx.a(reed-relay.o)
 .comment       0x0000000000000059       0x5a contiki-srf06-cc26xx.a(board.o)
 .comment       0x0000000000000059       0x5a contiki-srf06-cc26xx.a(board-i2c.o)
 .comment       0x0000000000000059       0x5a contiki-srf06-cc26xx.a(clock.o)
 .comment       0x0000000000000059       0x5a contiki-srf06-cc26xx.a(rtimer-arch.o)